Archive member included to satisfy reference by file (symbol)

..\src\config\default\driver\device_support\pic32cx_bz2_device_support.a(info_block.o)
                              build/default/production/_ext/745501718/pal.o (IB_GetAntennaGain)
..\src\config\default\driver\device_support\pic32cx_bz2_device_support.a(pmu_system.o)
                              build/default/production/_ext/1360937237/main.o (PMU_Set_Mode)
..\src\config\default\driver\device_support\pic32cx_bz2_device_support.a(rf_system.o)
                              build/default/production/_ext/1360937237/app_idle_task.o (RF_NeedCal)
..\src\config\default\driver\device_support\pic32cx_bz2_device_support.a(sleep_system.o)
                              build/default/production/_ext/1360937237/device_deep_sleep.o (DEVICE_SLEEP_ConfigRetRam)
..\src\config\default\driver\device_support\pic32cx_bz2_device_support.a(info_block_plat.o)
                              ..\src\config\default\driver\device_support\pic32cx_bz2_device_support.a(info_block.o) (IB_PMU_REG_proc)
..\src\config\default\driver\device_support\pic32cx_bz2_device_support.a(pmu_dvr.o)
                              ..\src\config\default\driver\device_support\pic32cx_bz2_device_support.a(pmu_system.o) (PMU_Write_Reg)
..\src\config\default\driver\device_support\pic32cx_bz2_device_support.a(rf.o)
                              ..\src\config\default\driver\device_support\pic32cx_bz2_device_support.a(rf_system.o) (RF_Write_Reg)
..\src\config\default\driver\pds\pds.a(wlPdsDataServer.o)
                              build/default/production/_ext/1360937237/app_idle_task.o (PDS_GetPendingItemsCount)
..\src\config\default\driver\pds\pds.a(wlPdsInit.o)
                              build/default/production/_ext/1171490990/initialization.o (PDS_Init)
..\src\config\default\driver\pds\pds.a(D_Nv.o)
                              ..\src\config\default\driver\pds\pds.a(wlPdsInit.o) (D_Nv_Init)
..\src\config\default\driver\pds\pds.a(S_Nv-Chimera.o)
                              ..\src\config\default\driver\pds\pds.a(wlPdsInit.o) (S_Nv_Init)
..\src\config\default\driver\lib\lib-ieee802154_phy_pic32cxbz-v1.1.0.a(phy.o)
                              build/default/production/_ext/957911548/phy_task.o (PHY_TaskHandler)
..\src\config\default\driver\lib\lib-ieee802154_phy_pic32cxbz-v1.1.0.a(phy_ed.o)
                              build/default/production/_ext/297566330/app_p2p_phy.o (PHY_EdStart)
..\src\config\default\driver\lib\lib-ieee802154_phy_pic32cxbz-v1.1.0.a(phy_helper.o)
                              build/default/production/_ext/767817240/app_phy_cmd_processor.o (PHY_ConfigRxSensitivity)
..\src\config\default\driver\lib\lib-ieee802154_phy_pic32cxbz-v1.1.0.a(phy_init.o)
                              build/default/production/_ext/767817240/app_phy_cmd_processor.o (PHY_Init)
..\src\config\default\driver\lib\lib-ieee802154_phy_pic32cxbz-v1.1.0.a(phy_irq_handler.o)
                              ..\src\config\default\driver\lib\lib-ieee802154_phy_pic32cxbz-v1.1.0.a(phy_init.o) (trx_irq_init)
..\src\config\default\driver\lib\lib-ieee802154_phy_pic32cxbz-v1.1.0.a(phy_pib.o)
                              ..\src\config\default\driver\lib\lib-ieee802154_phy_pic32cxbz-v1.1.0.a(phy_helper.o) (tx_pwr_table_mpalpa)
..\src\config\default\driver\lib\lib-ieee802154_phy_pic32cxbz-v1.1.0.a(phy_pwr_mgmt.o)
                              build/default/production/_ext/767817240/app_phy_cmd_processor.o (PHY_TrxSleep)
..\src\config\default\driver\lib\lib-ieee802154_phy_pic32cxbz-v1.1.0.a(phy_rx.o)
                              ..\src\config\default\driver\lib\lib-ieee802154_phy_pic32cxbz-v1.1.0.a(phy_irq_handler.o) (handle_received_frame_irq)
..\src\config\default\driver\lib\lib-ieee802154_phy_pic32cxbz-v1.1.0.a(phy_rx_enable.o)
                              build/default/production/_ext/297566330/app_p2p_phy.o (PHY_RxEnable)
..\src\config\default\driver\lib\lib-ieee802154_phy_pic32cxbz-v1.1.0.a(phy_tx.o)
                              build/default/production/_ext/297566330/app_p2p_phy.o (PHY_TxFrame)
..\src\config\default\driver\lib\lib-ieee802154_phy_pic32cxbz-v1.1.0.a(tfa.o)
                              build/default/production/_ext/767817240/app_phy_cmd_processor.o (PHY_CCAPerform)
c:/program files/microchip/xc32/v4.30/bin/bin/../../lib/gcc/pic32c/8.3.1/../../../../pic32c/lib/thumb/v7e-m+fp/hard\libpic32c.a(data_init.o)
                              build/default/production/_ext/1171490990/startup_xc32.o (__pic32c_data_initialization)
c:/program files/microchip/xc32/v4.30/bin/bin/../../lib/gcc/pic32c/8.3.1/../../../../pic32c/lib/thumb/v7e-m+fp/hard\libm-fast-emfloat.a(round.o)
                              ..\src\config\default\driver\device_support\pic32cx_bz2_device_support.a(rf_system.o) (round)
c:/program files/microchip/xc32/v4.30/bin/bin/../../lib/gcc/pic32c/8.3.1/../../../../pic32c/lib/thumb/v7e-m+fp/hard\libm-fast-emfloat.a(pow.o)
[...]
Memory Configuration

Name             Origin             Length             Attributes
boot_rom         0x00000000         0x00005e00         xrl
pds              0x01000000         0x00004000         xr
rom              0x01004000         0x000fc000         xrl
ram              0x20000000         0x00020000         xw !r
bkupram          0x44014000         0x00002000
config_00045F80  0x00045f80         0x00000004
config_00045E80  0x00045e80         0x00000004
config_00045F84  0x00045f84         0x00000004
config_00045F88  0x00045f88         0x00000004
config_00045E8C  0x00045e8c         0x00000004
config_00045E90  0x00045e90         0x00000004
config_00045E98  0x00045e98         0x00000004
config_00045E94  0x00045e94         0x00000004
config_00045F98  0x00045f98         0x00000004
config_00045E84  0x00045e84         0x00000004
config_00045E9C  0x00045e9c         0x00000004
config_00045EB0  0x00045eb0         0x00000004
config_00045F9C  0x00045f9c         0x00000004
config_00045FB0  0x00045fb0         0x00000004
config_00045E88  0x00045e88         0x00000004
config_00045EB4  0x00045eb4         0x00000004
config_00045FB8  0x00045fb8         0x00000004
config_00045FB4  0x00045fb4         0x00000004
config_00045FBC  0x00045fbc         0x00000004
config_00045F8C  0x00045f8c         0x00000004
config_00045EB8  0x00045eb8         0x00000004
config_00045F90  0x00045f90         0x00000004
config_00045EBC  0x00045ebc         0x00000004
config_00045F94  0x00045f94         0x00000004
*default*        0x00000000         0xffffffff

Linker script and memory map

LOAD c:/program files/microchip/xc32/v4.30/bin/bin/../../lib/gcc/pic32c/8.3.1/thumb/v7e-m+fp/hard/crti.o
LOAD c:/program files/microchip/xc32/v4.30/bin/bin/../../lib/gcc/pic32c/8.3.1/thumb/v7e-m+fp/hard/crtbegin.o
LOAD build/default/production/_ext/297566330/app_p2p_phy.o
LOAD build/default/production/_ext/767817240/app_phy_cmd_processor.o
LOAD build/default/production/_ext/745501718/pal.o
LOAD build/default/production/_ext/957911548/phy_task.o
LOAD build/default/production/_ext/957911548/phy_ed_end_cb.o
LOAD build/default/production/_ext/957911548/phy_tx_frame_done_cb.o
LOAD build/default/production/_ext/957911548/phy_rx_frame_cb.o
LOAD build/default/production/_ext/1374435801/bmm.o
LOAD build/default/production/_ext/874725666/qmm.o
LOAD build/default/production/_ext/1529399856/osal_freertos.o
LOAD build/default/production/_ext/1529399856/osal_freertos_extend.o
LOAD build/default/production/_ext/60165520/plib_clk.o
LOAD build/default/production/_ext/1865131932/plib_cmcc.o
LOAD build/default/production/_ext/1986646378/plib_evsys.o
LOAD build/default/production/_ext/1865254177/plib_gpio.o
LOAD build/default/production/_ext/1865468468/plib_nvic.o
LOAD build/default/production/_ext/60176403/plib_nvm.o
LOAD build/default/production/_ext/1996599795/plib_power.o
LOAD build/default/production/_ext/504274921/plib_sercom3_usart.o
LOAD build/default/production/_ext/829342655/plib_tc0.o
LOAD build/default/production/_ext/1865643529/plib_trng.o
LOAD build/default/production/_ext/163028504/xc32_monitor.o
LOAD build/default/production/_ext/1014039709/sys_cache.o
LOAD build/default/production/_ext/1376093119/sys_command.o
LOAD build/default/production/_ext/1832805299/sys_console.o
LOAD build/default/production/_ext/1832805299/sys_console_uart.o
LOAD build/default/production/_ext/1881668453/sys_int.o
LOAD build/default/production/_ext/1000052432/sys_reset.o
LOAD build/default/production/_ext/101884895/sys_time.o
LOAD build/default/production/_ext/1171490990/freertos_hooks.o
LOAD build/default/production/_ext/1171490990/interrupts.o
LOAD build/default/production/_ext/1171490990/initialization.o
LOAD build/default/production/_ext/1171490990/startup_xc32.o
LOAD build/default/production/_ext/1171490990/exceptions.o
LOAD build/default/production/_ext/1171490990/libc_syscalls.o
LOAD build/default/production/_ext/1171490990/tasks.o
LOAD build/default/production/_ext/246609638/port.o
LOAD build/default/production/_ext/1665200909/heap_4.o
LOAD build/default/production/_ext/404212886/croutine.o
LOAD build/default/production/_ext/404212886/timers.o
LOAD build/default/production/_ext/404212886/list.o
LOAD build/default/production/_ext/404212886/FreeRTOS_tasks.o
LOAD build/default/production/_ext/404212886/queue.o
LOAD build/default/production/_ext/404212886/event_groups.o
LOAD build/default/production/_ext/404212886/stream_buffer.o
LOAD build/default/production/_ext/1360937237/main.o
LOAD build/default/production/_ext/1360937237/app.o
LOAD build/default/production/_ext/1360937237/device_deep_sleep.o
LOAD build/default/production/_ext/1360937237/app_idle_task.o
LOAD build/default/production/_ext/1360937237/app_user_edits.o
LOAD build/default/production/_ext/1865569570/plib_rcon.o
LOAD ..\src\config\default\driver\device_support\pic32cx_bz2_device_support.a
LOAD ..\src\config\default\driver\pds\pds.a
LOAD ..\src\config\default\driver\lib\lib-ieee802154_phy_pic32cxbz-v1.1.0.a
                0x00000001                __MPLAB_BUILD = 0x1

.bkupram_data
 *(.bkupram_data .bkupram_data.*)

.bkupram_bss    0x44014000        0x4
 *(.bkupram_bss .bkupram_bss.*)
 *(.pbss .pbss.*)
 .pbss.killitwithfire
                0x44014000        0x4 build/default/production/_ext/1360937237/main.o
                0x44014000                killitwithfire
                0x01100000                __rom_end = (ORIGIN (rom) + LENGTH (rom))
                0x20020000                __ram_end = (ORIGIN (ram) + LENGTH (ram))

.config_00045F80
 *(.config_00045F80)

.config_00045E80
 *(.config_00045E80)

.config_00045F84
 *(.config_00045F84)

.config_00045F88
 *(.config_00045F88)

.config_00045E8C
 *(.config_00045E8C)

.config_00045E90
 *(.config_00045E90)

.config_00045E98
 *(.config_00045E98)

.config_00045E94
 *(.config_00045E94)

.config_00045F98
 *(.config_00045F98)

.config_00045E84
 *(.config_00045E84)

.config_00045E9C
 *(.config_00045E9C)

.config_00045EB0
 *(.config_00045EB0)

.config_00045F9C
 *(.config_00045F9C)

.config_00045FB0
 *(.config_00045FB0)

.config_00045E88
 *(.config_00045E88)

.config_00045EB4
 *(.config_00045EB4)

.config_00045FB8
 *(.config_00045FB8)

.config_00045FB4
 *(.config_00045FB4)

.config_00045FBC
 *(.config_00045FBC)

.config_00045F8C
 *(.config_00045F8C)

.config_00045EB8
 *(.config_00045EB8)

.config_00045F90
 *(.config_00045F90)

.config_00045EBC
 *(.config_00045EBC)

.config_00045F94
 *(.config_00045F94)

.vectors        0x00000000       0xe0
                0x00000000                . = ALIGN (0x4)
                0x00000000                _sfixed = .
 *(.vectors .vectors.* .vectors_default .vectors_default.*)
 .vectors.exception_table
                0x00000000       0xe0 build/default/production/_ext/1171490990/interrupts.o
                0x00000000                exception_table
 *(.isr_vector)
 *(.reset*)
 *(.after_vectors)

.dnvMem         0x01000000        0x0
                0x01000000                __d_nv_mem_start = .
                0x01004000                __d_nv_mem_end = (ORIGIN (pds) + LENGTH (pds))

.text           0x01004000       0x20
                0x01004000                PROVIDE (__pds_ff_start = .)
 *(.pds_ff .pds_ff.*)
                [!provide]                PROVIDE (__pds_ff_end = .)
                0x01004000                PROVIDE (__pds_fd_start = .)
 *(.pds_fd .pds_fd.*)
                [!provide]                PROVIDE (__pds_fd_end = .)
                0x01004000                . = ALIGN (0x4)
 *(.glue_7t)
 .glue_7t       0x01004000        0x0 linker stubs
 *(.glue_7)
 .glue_7        0x01004000        0x0 linker stubs
 *(.gnu.linkonce.r.*)
 *(.ARM.extab* .gnu.linkonce.armextab.*)
                0x01004000                . = ALIGN (0x4)
 *(.init)
 .init          0x01004000        0x4 c:/program files/microchip/xc32/v4.30/bin/bin/../../lib/gcc/pic32c/8.3.1/thumb/v7e-m+fp/hard/crti.o
                0x01004000                _init
 .init          0x01004004        0x8 c:/program files/microchip/xc32/v4.30/bin/bin/../../lib/gcc/pic32c/8.3.1/thumb/v7e-m+fp/hard/crtn.o
                0x0100400c                . = ALIGN (0x4)
                0x0100400c                __preinit_array_start = .
 *(.preinit_array)
                0x0100400c                __preinit_array_end = .
                0x0100400c                . = ALIGN (0x4)
                0x0100400c                __init_array_start = .
 *(SORT_BY_NAME(.init_array.*))
 *(.init_array)
 .init_array    0x0100400c        0x4 c:/program files/microchip/xc32/v4.30/bin/bin/../../lib/gcc/pic32c/8.3.1/thumb/v7e-m+fp/hard/crtbegin.o
                0x01004010                __init_array_end = .
                0x01004010                . = ALIGN (0x4)
 *crtbegin.o(.ctors)
 *(EXCLUDE_FILE(*crtend.o) .ctors)
 *(SORT_BY_NAME(.ctors.*))
 *crtend.o(.ctors)
                0x01004010                . = ALIGN (0x4)
 *(.fini)
 .fini          0x01004010        0x4 c:/program files/microchip/xc32/v4.30/bin/bin/../../lib/gcc/pic32c/8.3.1/thumb/v7e-m+fp/hard/crti.o
                0x01004010                _fini
 .fini          0x01004014        0x8 c:/program files/microchip/xc32/v4.30/bin/bin/../../lib/gcc/pic32c/8.3.1/thumb/v7e-m+fp/hard/crtn.o
                0x0100401c                . = ALIGN (0x4)
                0x0100401c                __fini_array_start = .
 *(.fini_array)
 .fini_array    0x0100401c        0x4 c:/program files/microchip/xc32/v4.30/bin/bin/../../lib/gcc/pic32c/8.3.1/thumb/v7e-m+fp/hard/crtbegin.o
 *(SORT_BY_NAME(.fini_array.*))
                0x01004020                __fini_array_end = .
 *crtbegin.o(.dtors)
 *(EXCLUDE_FILE(*crtend.o) .dtors)
 *(SORT_BY_NAME(.dtors.*))
 *crtend.o(.dtors)
                0x01004020                . = ALIGN (0x4)
                0x01004020                _efixed = .
                [!provide]                PROVIDE (__exidx_start = .)

.ARM.exidx      0x01004020        0x8
 *(.ARM.exidx* .gnu.linkonce.armexidx.*)
 .ARM.exidx     0x01004020        0x8 c:/program files/microchip/xc32/v4.30/bin/bin/../../lib/gcc/pic32c/8.3.1/thumb/v7e-m+fp/hard\libgcc.a(_udivmoddi4.o)
                [!provide]                PROVIDE (__exidx_end = .)
                0x01004028                . = ALIGN (0x4)
                0x01004028                _etext = .

.bss            0x20000000      0xb14
                0x20000000                . = ALIGN (0x4)
                0x20000000                __bss_start__ = .
                0x20000000                _sbss = .
                0x20000000                _szero = .
 *(COMMON)
 COMMON         0x20000000      0xa78 build/default/production/_ext/297566330/app_p2p_phy.o
                0x20000000                dataModeTimerStartFlag
                0x20000008                appNwkParam
                0x20000078                deviceTable
 COMMON         0x20000a78       0x23 build/default/production/_ext/767817240/app_phy_cmd_processor.o
                0x20000a78                sysTimerFlag
                0x20000a94                modeSwitchFlag
 *fill*         0x20000a9b        0x1 
 COMMON         0x20000a9c       0x50 build/default/production/_ext/1171490990/initialization.o
                0x20000a9c                semPhyInternalHandler
                0x20000aa0                sysObj
                0x20000aa8                osalAPIList
 COMMON         0x20000aec        0xc build/default/production/_ext/1171490990/tasks.o
                0x20000aec                xPHY_Tasks
                0x20000af0                xAPP_Tasks
                0x20000af4                xSYS_CMD_Tasks
 COMMON         0x20000af8        0x8 build/default/production/_ext/1360937237/app.o
                0x20000af8                appData
 COMMON         0x20000b00       0x11 ..\src\config\default\driver\device_support\pic32cx_bz2_device_support.a(rf_system.o)
                0x20000b00                g_validFactoryCalTemp
                0x20000b02                g_lastTemperatureDegreeC
                0x20000b04                g_vrefComp
                0x20000b08                g_lastCalTime
                0x20000b0c                g_currentTime
                0x20000b10                g_needCal
                0x20000b14                . = ALIGN (0x4)
 *fill*         0x20000b11        0x3 
                0x20000b14                __bss_end__ = .
                0x20000b14                _ebss = .
                0x20000b14                _ezero = .
                0x20000b14                . = ALIGN (0x4)
                0x20000b14                _end = .
                0x2001ffff                _ram_end_ = ((ORIGIN (ram) + LENGTH (ram)) - 0x1)
                0x00000400                _min_heap_size = 0x400
START GROUP
LOAD c:/program files/microchip/xc32/v4.30/bin/bin/../../lib/gcc/pic32c/8.3.1/../../../../pic32c/lib/thumb/v7e-m+fp/hard\libpic32c.a
LOAD c:/program files/microchip/xc32/v4.30/bin/bin/../../lib/gcc/pic32c/8.3.1/../../../../pic32c/lib/thumb/v7e-m+fp/hard\libm-fast-emfloat.a
LOAD c:/program files/microchip/xc32/v4.30/bin/bin/../../lib/gcc/pic32c/8.3.1/../../../../pic32c/lib/thumb/v7e-m+fp/hard\libc-musl.a
LOAD c:/program files/microchip/xc32/v4.30/bin/bin/../../lib/gcc/pic32c/8.3.1/../../../../pic32c/lib/thumb/v7e-m+fp/hard\libm-fast-emfloat.a
LOAD c:/program files/microchip/xc32/v4.30/bin/bin/../../lib/gcc/pic32c/8.3.1/thumb/v7e-m+fp/hard\libgcc.a
END GROUP
LOAD c:/program files/microchip/xc32/v4.30/bin/bin/../../lib/gcc/pic32c/8.3.1/thumb/v7e-m+fp/hard/crtend.o
LOAD c:/program files/microchip/xc32/v4.30/bin/bin/../../lib/gcc/pic32c/8.3.1/thumb/v7e-m+fp/hard/crtn.o
OUTPUT(dist/default/production/WBZ451_Sleep_Test.X.production.elf elf32-littlearm)
LOAD data_init
LOAD stack

.ARM.attributes
                0x00000000       0x32
 .ARM.attributes
                0x00000000       0x1e c:/program files/microchip/xc32/v4.30/bin/bin/../../lib/gcc/pic32c/8.3.1/thumb/v7e-m+fp/hard/crti.o
 .ARM.attributes
                0x0000001e       0x34 c:/program files/microchip/xc32/v4.30/bin/bin/../../lib/gcc/pic32c/8.3.1/thumb/v7e-m+fp/hard/crtbegin.o
 .ARM.attributes
                0x00000052       0x34 build/default/production/_ext/297566330/app_p2p_phy.o
 .ARM.attributes
                0x00000086       0x34 build/default/production/_ext/767817240/app_phy_cmd_processor.o
 .ARM.attributes
                0x000000ba       0x34 build/default/production/_ext/745501718/pal.o
 .ARM.attributes
                0x000000ee       0x34 build/default/production/_ext/957911548/phy_task.o
 .ARM.attributes
                0x00000122       0x34 build/default/production/_ext/957911548/phy_ed_end_cb.o
 .ARM.attributes
                0x00000156       0x34 build/default/production/_ext/957911548/phy_rx_frame_cb.o
 .ARM.attributes
                0x0000018a       0x34 build/default/production/_ext/1374435801/bmm.o
 .ARM.attributes
                0x000001be       0x34 build/default/production/_ext/874725666/qmm.o
 .ARM.attributes
                0x000001f2       0x34 build/default/production/_ext/1529399856/osal_freertos.o
 .ARM.attributes
                0x00000226       0x34 build/default/production/_ext/1529399856/osal_freertos_extend.o
 .ARM.attributes
                0x0000025a       0x34 build/default/production/_ext/60165520/plib_clk.o
 .ARM.attributes
                0x0000028e       0x34 build/default/production/_ext/1986646378/plib_evsys.o
 .ARM.attributes
                0x000002c2       0x34 build/default/production/_ext/1865254177/plib_gpio.o
 .ARM.attributes
                0x000002f6       0x34 build/default/production/_ext/1865468468/plib_nvic.o
 .ARM.attributes
                0x0000032a       0x34 build/default/production/_ext/60176403/plib_nvm.o
 .ARM.attributes
                0x0000035e       0x34 build/default/production/_ext/1996599795/plib_power.o
 .ARM.attributes
                0x00000392       0x34 build/default/production/_ext/504274921/plib_sercom3_usart.o
 .ARM.attributes
                0x000003c6       0x34 build/default/production/_ext/829342655/plib_tc0.o
 .ARM.attributes
                0x000003fa       0x34 build/default/production/_ext/1865643529/plib_trng.o
 .ARM.attributes
                0x0000042e       0x34 build/default/production/_ext/1376093119/sys_command.o
 .ARM.attributes
                0x00000462       0x34 build/default/production/_ext/1832805299/sys_console.o
 .ARM.attributes
                0x00000496       0x34 build/default/production/_ext/1832805299/sys_console_uart.o
 .ARM.attributes
                0x000004ca       0x34 build/default/production/_ext/1881668453/sys_int.o
 .ARM.attributes
                0x000004fe       0x34 build/default/production/_ext/1000052432/sys_reset.o
 .ARM.attributes
                0x00000532       0x34 build/default/production/_ext/101884895/sys_time.o
 .ARM.attributes
                0x00000566       0x34 build/default/production/_ext/1171490990/freertos_hooks.o
 .ARM.attributes
                0x0000059a       0x34 build/default/production/_ext/1171490990/interrupts.o
 .ARM.attributes
                0x000005ce       0x34 build/default/production/_ext/1171490990/initialization.o
 .ARM.attributes
                0x00000602       0x34 build/default/production/_ext/1171490990/startup_xc32.o
 .ARM.attributes
                0x00000636       0x34 build/default/production/_ext/1171490990/exceptions.o
 .ARM.attributes
                0x0000066a       0x34 build/default/production/_ext/1171490990/tasks.o
 .ARM.attributes
                0x0000069e       0x34 build/default/production/_ext/246609638/port.o
 .ARM.attributes
                0x000006d2       0x34 build/default/production/_ext/1665200909/heap_4.o
 .ARM.attributes
                0x00000706       0x34 build/default/production/_ext/404212886/list.o
 .ARM.attributes
                0x0000073a       0x34 build/default/production/_ext/404212886/FreeRTOS_tasks.o
 .ARM.attributes
                0x0000076e       0x34 build/default/production/_ext/404212886/queue.o
 .ARM.attributes
                0x000007a2       0x34 build/default/production/_ext/1360937237/main.o
 .ARM.attributes
                0x000007d6       0x34 build/default/production/_ext/1360937237/app.o
 .ARM.attributes
                0x0000080a       0x34 build/default/production/_ext/1360937237/device_deep_sleep.o
 .ARM.attributes
                0x0000083e       0x34 build/default/production/_ext/1360937237/app_idle_task.o
 .ARM.attributes
                0x00000872       0x34 build/default/production/_ext/1865569570/plib_rcon.o
 .ARM.attributes
                0x000008a6       0x34 ..\src\config\default\driver\device_support\pic32cx_bz2_device_support.a(info_block.o)
 .ARM.attributes
                0x000008da       0x34 ..\src\config\default\driver\device_support\pic32cx_bz2_device_support.a(pmu_system.o)
 .ARM.attributes
                0x0000090e       0x34 ..\src\config\default\driver\device_support\pic32cx_bz2_device_support.a(rf_system.o)
 .ARM.attributes
                0x00000942       0x34 ..\src\config\default\driver\device_support\pic32cx_bz2_device_support.a(sleep_system.o)
 .ARM.attributes
                0x00000976       0x34 ..\src\config\default\driver\device_support\pic32cx_bz2_device_support.a(info_block_plat.o)
 .ARM.attributes
                0x000009aa       0x34 ..\src\config\default\driver\device_support\pic32cx_bz2_device_support.a(pmu_dvr.o)
 .ARM.attributes
                0x000009de       0x34 ..\src\config\default\driver\device_support\pic32cx_bz2_device_support.a(rf.o)
 .ARM.attributes
                0x00000a12       0x34 ..\src\config\default\driver\pds\pds.a(wlPdsDataServer.o)
 .ARM.attributes
                0x00000a46       0x34 ..\src\config\default\driver\pds\pds.a(wlPdsInit.o)
 .ARM.attributes
                0x00000a7a       0x34 ..\src\config\default\driver\pds\pds.a(D_Nv.o)
 .ARM.attributes
                0x00000aae       0x34 ..\src\config\default\driver\pds\pds.a(S_Nv-Chimera.o)
 .ARM.attributes
                0x00000ae2       0x34 ..\src\config\default\driver\lib\lib-ieee802154_phy_pic32cxbz-v1.1.0.a(phy.o)
 .ARM.attributes
                0x00000b16       0x34 ..\src\config\default\driver\lib\lib-ieee802154_phy_pic32cxbz-v1.1.0.a(phy_ed.o)
 .ARM.attributes
                0x00000b4a       0x34 ..\src\config\default\driver\lib\lib-ieee802154_phy_pic32cxbz-v1.1.0.a(phy_helper.o)
 .ARM.attributes
                0x00000b7e       0x34 ..\src\config\default\driver\lib\lib-ieee802154_phy_pic32cxbz-v1.1.0.a(phy_init.o)
 .ARM.attributes
                0x00000bb2       0x34 ..\src\config\default\driver\lib\lib-ieee802154_phy_pic32cxbz-v1.1.0.a(phy_irq_handler.o)
 .ARM.attributes
                0x00000be6       0x34 ..\src\config\default\driver\lib\lib-ieee802154_phy_pic32cxbz-v1.1.0.a(phy_pib.o)
 .ARM.attributes
                0x00000c1a       0x34 ..\src\config\default\driver\lib\lib-ieee802154_phy_pic32cxbz-v1.1.0.a(phy_pwr_mgmt.o)
 .ARM.attributes
                0x00000c4e       0x34 ..\src\config\default\driver\lib\lib-ieee802154_phy_pic32cxbz-v1.1.0.a(phy_rx.o)
 .ARM.attributes
                0x00000c82       0x34 ..\src\config\default\driver\lib\lib-ieee802154_phy_pic32cxbz-v1.1.0.a(phy_tx.o)
 .ARM.attributes
                0x00000cb6       0x34 c:/program files/microchip/xc32/v4.30/bin/bin/../../lib/gcc/pic32c/8.3.1/../../../../pic32c/lib/thumb/v7e-m+fp/hard\libpic32c.a(data_init.o)
 .ARM.attributes
                0x00000cea       0x34 c:/program files/microchip/xc32/v4.30/bin/bin/../../lib/gcc/pic32c/8.3.1/../../../../pic32c/lib/thumb/v7e-m+fp/hard\libm-fast-emfloat.a(round.o)
 .ARM.attributes
                0x00000d1e       0x34 c:/program files/microchip/xc32/v4.30/bin/bin/../../lib/gcc/pic32c/8.3.1/../../../../pic32c/lib/thumb/v7e-m+fp/hard\libm-fast-emfloat.a(pow.o)
 .ARM.attributes
                0x00000d52       0x20 c:/program files/microchip/xc32/v4.30/bin/bin/../../lib/gcc/pic32c/8.3.1/../../../../pic32c/lib/thumb/v7e-m+fp/hard\libm-fast-emfloat.a(__aeabi_dadd.o)
 .ARM.attributes
                0x00000d72       0x20 c:/program files/microchip/xc32/v4.30/bin/bin/../../lib/gcc/pic32c/8.3.1/../../../../pic32c/lib/thumb/v7e-m+fp/hard\libm-fast-emfloat.a(__aeabi_dsub.o)
 .ARM.attributes
                0x00000d92       0x20 c:/program files/microchip/xc32/v4.30/bin/bin/../../lib/gcc/pic32c/8.3.1/../../../../pic32c/lib/thumb/v7e-m+fp/hard\libm-fast-emfloat.a(__aeabi_dmul.o)
 .ARM.attributes
                0x00000db2       0x20 c:/program files/microchip/xc32/v4.30/bin/bin/../../lib/gcc/pic32c/8.3.1/../../../../pic32c/lib/thumb/v7e-m+fp/hard\libm-fast-emfloat.a(__aeabi_ddiv.o)
 .ARM.attributes
                0x00000dd2       0x20 c:/program files/microchip/xc32/v4.30/bin/bin/../../lib/gcc/pic32c/8.3.1/../../../../pic32c/lib/thumb/v7e-m+fp/hard\libm-fast-emfloat.a(__aeabi_dcmpeq.o)
 .ARM.attributes
                0x00000df2       0x20 c:/program files/microchip/xc32/v4.30/bin/bin/../../lib/gcc/pic32c/8.3.1/../../../../pic32c/lib/thumb/v7e-m+fp/hard\libm-fast-emfloat.a(__aeabi_dcmplt.o)
 .ARM.attributes
                0x00000e12       0x20 c:/program files/microchip/xc32/v4.30/bin/bin/../../lib/gcc/pic32c/8.3.1/../../../../pic32c/lib/thumb/v7e-m+fp/hard\libm-fast-emfloat.a(__aeabi_d2iz.o)
 .ARM.attributes
                0x00000e32       0x20 c:/program files/microchip/xc32/v4.30/bin/bin/../../lib/gcc/pic32c/8.3.1/../../../../pic32c/lib/thumb/v7e-m+fp/hard\libm-fast-emfloat.a(__aeabi_d2uiz.o)
 .ARM.attributes
                0x00000e52       0x20 c:/program files/microchip/xc32/v4.30/bin/bin/../../lib/gcc/pic32c/8.3.1/../../../../pic32c/lib/thumb/v7e-m+fp/hard\libm-fast-emfloat.a(__aeabi_i2d.o)
 .ARM.attributes
                0x00000e72       0x20 c:/program files/microchip/xc32/v4.30/bin/bin/../../lib/gcc/pic32c/8.3.1/../../../../pic32c/lib/thumb/v7e-m+fp/hard\libm-fast-emfloat.a(__aeabi_ul2d.o)
 .ARM.attributes
                0x00000e92       0x20 c:/program files/microchip/xc32/v4.30/bin/bin/../../lib/gcc/pic32c/8.3.1/../../../../pic32c/lib/thumb/v7e-m+fp/hard\libm-fast-emfloat.a(__aeabi_f2d.o)
 .ARM.attributes
                0x00000eb2       0x20 c:/program files/microchip/xc32/v4.30/bin/bin/../../lib/gcc/pic32c/8.3.1/../../../../pic32c/lib/thumb/v7e-m+fp/hard\libm-fast-emfloat.a(__aeabi_d2f.o)
 .ARM.attributes
                0x00000ed2       0x34 c:/program files/microchip/xc32/v4.30/bin/bin/../../lib/gcc/pic32c/8.3.1/../../../../pic32c/lib/thumb/v7e-m+fp/hard\libm-fast-emfloat.a(log.o)
 .ARM.attributes
                0x00000f06       0x34 c:/program files/microchip/xc32/v4.30/bin/bin/../../lib/gcc/pic32c/8.3.1/../../../../pic32c/lib/thumb/v7e-m+fp/hard\libm-fast-emfloat.a(exp.o)
 .ARM.attributes
                0x00000f3a       0x34 c:/program files/microchip/xc32/v4.30/bin/bin/../../lib/gcc/pic32c/8.3.1/../../../../pic32c/lib/thumb/v7e-m+fp/hard\libm-fast-emfloat.a(__SEGGER_RTL_float64_Log.o)
 .ARM.attributes
                0x00000f6e       0x34 c:/program files/microchip/xc32/v4.30/bin/bin/../../lib/gcc/pic32c/8.3.1/../../../../pic32c/lib/thumb/v7e-m+fp/hard\libm-fast-emfloat.a(__SEGGER_RTL_float64_PolyEvalP.o)
 .ARM.attributes
                0x00000fa2       0x34 c:/program files/microchip/xc32/v4.30/bin/bin/../../lib/gcc/pic32c/8.3.1/../../../../pic32c/lib/thumb/v7e-m+fp/hard\libm-fast-emfloat.a(__SEGGER_RTL_float64_PolyEvalQ.o)
 .ARM.attributes
                0x00000fd6       0x34 c:/program files/microchip/xc32/v4.30/bin/bin/../../lib/gcc/pic32c/8.3.1/../../../../pic32c/lib/thumb/v7e-m+fp/hard\libm-fast-emfloat.a(ldexp.o)
 .ARM.attributes
                0x0000100a       0x34 c:/program files/microchip/xc32/v4.30/bin/bin/../../lib/gcc/pic32c/8.3.1/../../../../pic32c/lib/thumb/v7e-m+fp/hard\libm-fast-emfloat.a(frexp.o)
 .ARM.attributes
                0x0000103e       0x36 c:/program files/microchip/xc32/v4.30/bin/bin/../../lib/gcc/pic32c/8.3.1/../../../../pic32c/lib/thumb/v7e-m+fp/hard\libc-musl.a(__libc_start_main.o)
 .ARM.attributes
                0x00001074       0x34 c:/program files/microchip/xc32/v4.30/bin/bin/../../lib/gcc/pic32c/8.3.1/../../../../pic32c/lib/thumb/v7e-m+fp/hard\libc-musl.a(__errno_location.o)
 .ARM.attributes
                0x000010a8       0x34 c:/program files/microchip/xc32/v4.30/bin/bin/../../lib/gcc/pic32c/8.3.1/../../../../pic32c/lib/thumb/v7e-m+fp/hard\libc-musl.a(libc.o)
 .ARM.attributes
                0x000010dc       0x36 c:/program files/microchip/xc32/v4.30/bin/bin/../../lib/gcc/pic32c/8.3.1/../../../../pic32c/lib/thumb/v7e-m+fp/hard\libc-musl.a(malloc.o)
 .ARM.attributes
                0x00001112       0x36 c:/program files/microchip/xc32/v4.30/bin/bin/../../lib/gcc/pic32c/8.3.1/../../../../pic32c/lib/thumb/v7e-m+fp/hard\libc-musl.a(vsnprintf.o)
 .ARM.attributes
                0x00001148       0x36 c:/program files/microchip/xc32/v4.30/bin/bin/../../lib/gcc/pic32c/8.3.1/../../../../pic32c/lib/thumb/v7e-m+fp/hard\libc-musl.a(sprintf.o)
 .ARM.attributes
                0x0000117e       0x36 c:/program files/microchip/xc32/v4.30/bin/bin/../../lib/gcc/pic32c/8.3.1/../../../../pic32c/lib/thumb/v7e-m+fp/hard\libc-musl.a(vsprintf.o)
 .ARM.attributes
                0x000011b4       0x36 c:/program files/microchip/xc32/v4.30/bin/bin/../../lib/gcc/pic32c/8.3.1/../../../../pic32c/lib/thumb/v7e-m+fp/hard\libc-musl.a(memcmp.o)
 .ARM.attributes
                0x000011ea       0x36 c:/program files/microchip/xc32/v4.30/bin/bin/../../lib/gcc/pic32c/8.3.1/../../../../pic32c/lib/thumb/v7e-m+fp/hard\libc-musl.a(memcpy.o)
 .ARM.attributes
                0x00001220       0x36 c:/program files/microchip/xc32/v4.30/bin/bin/../../lib/gcc/pic32c/8.3.1/../../../../pic32c/lib/thumb/v7e-m+fp/hard\libc-musl.a(memset.o)
 .ARM.attributes
                0x00001256       0x36 c:/program files/microchip/xc32/v4.30/bin/bin/../../lib/gcc/pic32c/8.3.1/../../../../pic32c/lib/thumb/v7e-m+fp/hard\libc-musl.a(strlen.o)
 .ARM.attributes
                0x0000128c       0x36 c:/program files/microchip/xc32/v4.30/bin/bin/../../lib/gcc/pic32c/8.3.1/../../../../pic32c/lib/thumb/v7e-m+fp/hard\libc-musl.a(strchr.o)
 .ARM.attributes
                0x000012c2       0x36 c:/program files/microchip/xc32/v4.30/bin/bin/../../lib/gcc/pic32c/8.3.1/../../../../pic32c/lib/thumb/v7e-m+fp/hard\libc-musl.a(strchrnul.o)
 .ARM.attributes
                0x000012f8       0x36 c:/program files/microchip/xc32/v4.30/bin/bin/../../lib/gcc/pic32c/8.3.1/../../../../pic32c/lib/thumb/v7e-m+fp/hard\libc-musl.a(strcmp.o)
 .ARM.attributes
                0x0000132e       0x36 c:/program files/microchip/xc32/v4.30/bin/bin/../../lib/gcc/pic32c/8.3.1/../../../../pic32c/lib/thumb/v7e-m+fp/hard\libc-musl.a(strcpy.o)
 .ARM.attributes
                0x00001364       0x36 c:/program files/microchip/xc32/v4.30/bin/bin/../../lib/gcc/pic32c/8.3.1/../../../../pic32c/lib/thumb/v7e-m+fp/hard\libc-musl.a(strncmp.o)
 .ARM.attributes
                0x0000139a       0x36 c:/program files/microchip/xc32/v4.30/bin/bin/../../lib/gcc/pic32c/8.3.1/../../../../pic32c/lib/thumb/v7e-m+fp/hard\libc-musl.a(strncpy.o)
 .ARM.attributes
                0x000013d0       0x36 c:/program files/microchip/xc32/v4.30/bin/bin/../../lib/gcc/pic32c/8.3.1/../../../../pic32c/lib/thumb/v7e-m+fp/hard\libc-musl.a(strtok.o)
 .ARM.attributes
                0x00001406       0x34 c:/program files/microchip/xc32/v4.30/bin/bin/../../lib/gcc/pic32c/8.3.1/../../../../pic32c/lib/thumb/v7e-m+fp/hard\libc-musl.a(__environ.o)
 .ARM.attributes
                0x0000143a       0x36 c:/program files/microchip/xc32/v4.30/bin/bin/../../lib/gcc/pic32c/8.3.1/../../../../pic32c/lib/thumb/v7e-m+fp/hard\libc-musl.a(vfprintf.o)
 .ARM.attributes
                0x00001470       0x36 c:/program files/microchip/xc32/v4.30/bin/bin/../../lib/gcc/pic32c/8.3.1/../../../../pic32c/lib/thumb/v7e-m+fp/hard\libc-musl.a(stpcpy.o)
 .ARM.attributes
                0x000014a6       0x36 c:/program files/microchip/xc32/v4.30/bin/bin/../../lib/gcc/pic32c/8.3.1/../../../../pic32c/lib/thumb/v7e-m+fp/hard\libc-musl.a(stpncpy.o)
 .ARM.attributes
                0x000014dc       0x36 c:/program files/microchip/xc32/v4.30/bin/bin/../../lib/gcc/pic32c/8.3.1/../../../../pic32c/lib/thumb/v7e-m+fp/hard\libc-musl.a(strcspn.o)
 .ARM.attributes
                0x00001512       0x36 c:/program files/microchip/xc32/v4.30/bin/bin/../../lib/gcc/pic32c/8.3.1/../../../../pic32c/lib/thumb/v7e-m+fp/hard\libc-musl.a(strspn.o)
 .ARM.attributes
                0x00001548       0x36 c:/program files/microchip/xc32/v4.30/bin/bin/../../lib/gcc/pic32c/8.3.1/../../../../pic32c/lib/thumb/v7e-m+fp/hard\libc-musl.a(__pop_float.o)
 .ARM.attributes
                0x0000157e       0x36 c:/program files/microchip/xc32/v4.30/bin/bin/../../lib/gcc/pic32c/8.3.1/../../../../pic32c/lib/thumb/v7e-m+fp/hard\libc-musl.a(__pop_int.o)
 .ARM.attributes
                0x000015b4       0x36 c:/program files/microchip/xc32/v4.30/bin/bin/../../lib/gcc/pic32c/8.3.1/../../../../pic32c/lib/thumb/v7e-m+fp/hard\libc-musl.a(__pop_ptr.o)
 .ARM.attributes
                0x000015ea       0x36 c:/program files/microchip/xc32/v4.30/bin/bin/../../lib/gcc/pic32c/8.3.1/../../../../pic32c/lib/thumb/v7e-m+fp/hard\libc-musl.a(__printf_core.o)
 .ARM.attributes
                0x00001620       0x36 c:/program files/microchip/xc32/v4.30/bin/bin/../../lib/gcc/pic32c/8.3.1/../../../../pic32c/lib/thumb/v7e-m+fp/hard\libc-musl.a(atoi.o)
 .ARM.attributes
                0x00001656       0x36 c:/program files/microchip/xc32/v4.30/bin/bin/../../lib/gcc/pic32c/8.3.1/../../../../pic32c/lib/thumb/v7e-m+fp/hard\libc-musl.a(tolower.o)
 .ARM.attributes
                0x0000168c       0x36 c:/program files/microchip/xc32/v4.30/bin/bin/../../lib/gcc/pic32c/8.3.1/../../../../pic32c/lib/thumb/v7e-m+fp/hard\libc-musl.a(__fmt_a.o)
 .ARM.attributes
                0x000016c2       0x36 c:/program files/microchip/xc32/v4.30/bin/bin/../../lib/gcc/pic32c/8.3.1/../../../../pic32c/lib/thumb/v7e-m+fp/hard\libc-musl.a(__fmt_d.o)
 .ARM.attributes
                0x000016f8       0x36 c:/program files/microchip/xc32/v4.30/bin/bin/../../lib/gcc/pic32c/8.3.1/../../../../pic32c/lib/thumb/v7e-m+fp/hard\libc-musl.a(__fmt_fp.o)
 .ARM.attributes
                0x0000172e       0x36 c:/program files/microchip/xc32/v4.30/bin/bin/../../lib/gcc/pic32c/8.3.1/../../../../pic32c/lib/thumb/v7e-m+fp/hard\libc-musl.a(__fmt_o.o)
 .ARM.attributes
                0x00001764       0x36 c:/program files/microchip/xc32/v4.30/bin/bin/../../lib/gcc/pic32c/8.3.1/../../../../pic32c/lib/thumb/v7e-m+fp/hard\libc-musl.a(__fmt_s.o)
 .ARM.attributes
                0x0000179a       0x36 c:/program files/microchip/xc32/v4.30/bin/bin/../../lib/gcc/pic32c/8.3.1/../../../../pic32c/lib/thumb/v7e-m+fp/hard\libc-musl.a(__fmt_u.o)
 .ARM.attributes
                0x000017d0       0x36 c:/program files/microchip/xc32/v4.30/bin/bin/../../lib/gcc/pic32c/8.3.1/../../../../pic32c/lib/thumb/v7e-m+fp/hard\libc-musl.a(__fmt_x.o)
 .ARM.attributes
                0x00001806       0x36 c:/program files/microchip/xc32/v4.30/bin/bin/../../lib/gcc/pic32c/8.3.1/../../../../pic32c/lib/thumb/v7e-m+fp/hard\libc-musl.a(toupper.o)
 .ARM.attributes
                0x0000183c       0x36 c:/program files/microchip/xc32/v4.30/bin/bin/../../lib/gcc/pic32c/8.3.1/../../../../pic32c/lib/thumb/v7e-m+fp/hard\libc-musl.a(__cvt_u.o)
 .ARM.attributes
                0x00001872       0x34 c:/program files/microchip/xc32/v4.30/bin/bin/../../lib/gcc/pic32c/8.3.1/../../../../pic32c/lib/thumb/v7e-m+fp/hard\libm-fast-emfloat.a(fma.o)
 .ARM.attributes
                0x000018a6       0x34 c:/program files/microchip/xc32/v4.30/bin/bin/../../lib/gcc/pic32c/8.3.1/../../../../pic32c/lib/thumb/v7e-m+fp/hard\libm-fast-emfloat.a(floor.o)
 .ARM.attributes
                0x000018da       0x20 c:/program files/microchip/xc32/v4.30/bin/bin/../../lib/gcc/pic32c/8.3.1/../../../../pic32c/lib/thumb/v7e-m+fp/hard\libm-fast-emfloat.a(__aeabi_dcmple.o)
 .ARM.attributes
                0x000018fa       0x20 c:/program files/microchip/xc32/v4.30/bin/bin/../../lib/gcc/pic32c/8.3.1/../../../../pic32c/lib/thumb/v7e-m+fp/hard\libm-fast-emfloat.a(__aeabi_dcmpgt.o)
 .ARM.attributes
                0x0000191a       0x1e c:/program files/microchip/xc32/v4.30/bin/bin/../../lib/gcc/pic32c/8.3.1/thumb/v7e-m+fp/hard\libgcc.a(_aeabi_uldivmod.o)
 .ARM.attributes
                0x00001938       0x34 c:/program files/microchip/xc32/v4.30/bin/bin/../../lib/gcc/pic32c/8.3.1/thumb/v7e-m+fp/hard\libgcc.a(_udivmoddi4.o)
 .ARM.attributes
                0x0000196c       0x1e c:/program files/microchip/xc32/v4.30/bin/bin/../../lib/gcc/pic32c/8.3.1/thumb/v7e-m+fp/hard\libgcc.a(_dvmd_tls.o)
 .ARM.attributes
                0x0000198a       0x1e c:/program files/microchip/xc32/v4.30/bin/bin/../../lib/gcc/pic32c/8.3.1/thumb/v7e-m+fp/hard/crtn.o
 .ARM.attributes
                0x000019a8       0x34 c:/program files/microchip/xc32/v4.30/bin/bin/../../lib/gcc/pic32c/8.3.1/../../../../pic32c/lib/thumb/v7e-m+fp/hard\libpic32c.a(pic32_data_init_clear.o)
 .ARM.attributes
                0x000019dc       0x34 c:/program files/microchip/xc32/v4.30/bin/bin/../../lib/gcc/pic32c/8.3.1/../../../../pic32c/lib/thumb/v7e-m+fp/hard\libpic32c.a(pic32_data_init_copy.o)

.comment        0x00000000       0xd4
 .comment       0x00000000       0x2b c:/program files/microchip/xc32/v4.30/bin/bin/../../lib/gcc/pic32c/8.3.1/thumb/v7e-m+fp/hard/crtbegin.o
                                 0x2c (size before relaxing)
 .comment       0x0000002b       0x2c build/default/production/_ext/297566330/app_p2p_phy.o
 .comment       0x0000002b       0x2c build/default/production/_ext/767817240/app_phy_cmd_processor.o
 .comment       0x0000002b       0x2c build/default/production/_ext/745501718/pal.o
 .comment       0x0000002b       0x2c build/default/production/_ext/957911548/phy_task.o
 .comment       0x0000002b       0x2c build/default/production/_ext/957911548/phy_ed_end_cb.o
 .comment       0x0000002b       0x2c build/default/production/_ext/957911548/phy_rx_frame_cb.o
 .comment       0x0000002b       0x2c build/default/production/_ext/1374435801/bmm.o
 .comment       0x0000002b       0x2c build/default/production/_ext/874725666/qmm.o
 .comment       0x0000002b       0x2c build/default/production/_ext/1529399856/osal_freertos.o
 .comment       0x0000002b       0x2c build/default/production/_ext/1529399856/osal_freertos_extend.o
 .comment       0x0000002b       0x2c build/default/production/_ext/60165520/plib_clk.o
 .comment       0x0000002b       0x2c build/default/production/_ext/1986646378/plib_evsys.o
 .comment       0x0000002b       0x2c build/default/production/_ext/1865254177/plib_gpio.o
 .comment       0x0000002b       0x2c build/default/production/_ext/1865468468/plib_nvic.o
 .comment       0x0000002b       0x2c build/default/production/_ext/60176403/plib_nvm.o
 .comment       0x0000002b       0x2c build/default/production/_ext/1996599795/plib_power.o
 .comment       0x0000002b       0x2c build/default/production/_ext/504274921/plib_sercom3_usart.o
 .comment       0x0000002b       0x2c build/default/production/_ext/829342655/plib_tc0.o
 .comment       0x0000002b       0x2c build/default/production/_ext/1865643529/plib_trng.o
 .comment       0x0000002b       0x2c build/default/production/_ext/1376093119/sys_command.o
 .comment       0x0000002b       0x2c build/default/production/_ext/1832805299/sys_console.o
 .comment       0x0000002b       0x2c build/default/production/_ext/1832805299/sys_console_uart.o
 .comment       0x0000002b       0x2c build/default/production/_ext/1881668453/sys_int.o
 .comment       0x0000002b       0x2c build/default/production/_ext/1000052432/sys_reset.o
 .comment       0x0000002b       0x2c build/default/production/_ext/101884895/sys_time.o
 .comment       0x0000002b       0x2c build/default/production/_ext/1171490990/freertos_hooks.o
 .comment       0x0000002b       0x2c build/default/production/_ext/1171490990/interrupts.o
 .comment       0x0000002b       0x2c build/default/production/_ext/1171490990/initialization.o
 .comment       0x0000002b       0x2c build/default/production/_ext/1171490990/startup_xc32.o
 .comment       0x0000002b       0x2c build/default/production/_ext/1171490990/exceptions.o
 .comment       0x0000002b       0x2c build/default/production/_ext/1171490990/tasks.o
 .comment       0x0000002b       0x2c build/default/production/_ext/246609638/port.o
 .comment       0x0000002b       0x2c build/default/production/_ext/1665200909/heap_4.o
 .comment       0x0000002b       0x2c build/default/production/_ext/404212886/list.o
 .comment       0x0000002b       0x2c build/default/production/_ext/404212886/FreeRTOS_tasks.o
 .comment       0x0000002b       0x2c build/default/production/_ext/404212886/queue.o
 .comment       0x0000002b       0x2c build/default/production/_ext/1360937237/main.o
 .comment       0x0000002b       0x2c build/default/production/_ext/1360937237/app.o
 .comment       0x0000002b       0x2c build/default/production/_ext/1360937237/device_deep_sleep.o
 .comment       0x0000002b       0x2c build/default/production/_ext/1360937237/app_idle_task.o
 .comment       0x0000002b       0x2c build/default/production/_ext/1865569570/plib_rcon.o
 .comment       0x0000002b       0x2b ..\src\config\default\driver\device_support\pic32cx_bz2_device_support.a(info_block.o)
                                 0x2c (size before relaxing)
 .comment       0x00000056       0x2c ..\src\config\default\driver\device_support\pic32cx_bz2_device_support.a(pmu_system.o)
 .comment       0x00000056       0x2c ..\src\config\default\driver\device_support\pic32cx_bz2_device_support.a(rf_system.o)
 .comment       0x00000056       0x2c ..\src\config\default\driver\device_support\pic32cx_bz2_device_support.a(sleep_system.o)
 .comment       0x00000056       0x2c ..\src\config\default\driver\device_support\pic32cx_bz2_device_support.a(info_block_plat.o)
 .comment       0x00000056       0x2c ..\src\config\default\driver\device_support\pic32cx_bz2_device_support.a(pmu_dvr.o)
 .comment       0x00000056       0x2c ..\src\config\default\driver\device_support\pic32cx_bz2_device_support.a(rf.o)
 .comment       0x00000056       0x53 ..\src\config\default\driver\pds\pds.a(wlPdsDataServer.o)
                                 0x54 (size before relaxing)
 .comment       0x000000a9       0x54 ..\src\config\default\driver\pds\pds.a(wlPdsInit.o)
 .comment       0x000000a9       0x54 ..\src\config\default\driver\pds\pds.a(D_Nv.o)
 .comment       0x000000a9       0x54 ..\src\config\default\driver\pds\pds.a(S_Nv-Chimera.o)
 .comment       0x000000a9       0x2b ..\src\config\default\driver\lib\lib-ieee802154_phy_pic32cxbz-v1.1.0.a(phy.o)
                                 0x2c (size before relaxing)
 .comment       0x000000d4       0x2c ..\src\config\default\driver\lib\lib-ieee802154_phy_pic32cxbz-v1.1.0.a(phy_ed.o)
 .comment       0x000000d4       0x2c ..\src\config\default\driver\lib\lib-ieee802154_phy_pic32cxbz-v1.1.0.a(phy_helper.o)
 .comment       0x000000d4       0x2c ..\src\config\default\driver\lib\lib-ieee802154_phy_pic32cxbz-v1.1.0.a(phy_init.o)
 .comment       0x000000d4       0x2c ..\src\config\default\driver\lib\lib-ieee802154_phy_pic32cxbz-v1.1.0.a(phy_irq_handler.o)
 .comment       0x000000d4       0x2c ..\src\config\default\driver\lib\lib-ieee802154_phy_pic32cxbz-v1.1.0.a(phy_pib.o)
 .comment       0x000000d4       0x2c ..\src\config\default\driver\lib\lib-ieee802154_phy_pic32cxbz-v1.1.0.a(phy_pwr_mgmt.o)
 .comment       0x000000d4       0x2c ..\src\config\default\driver\lib\lib-ieee802154_phy_pic32cxbz-v1.1.0.a(phy_rx.o)
 .comment       0x000000d4       0x2c ..\src\config\default\driver\lib\lib-ieee802154_phy_pic32cxbz-v1.1.0.a(phy_tx.o)
 .comment       0x000000d4       0x2c c:/program files/microchip/xc32/v4.30/bin/bin/../../lib/gcc/pic32c/8.3.1/../../../../pic32c/lib/thumb/v7e-m+fp/hard\libpic32c.a(data_init.o)
 .comment       0x000000d4       0x2c c:/program files/microchip/xc32/v4.30/bin/bin/../../lib/gcc/pic32c/8.3.1/../../../../pic32c/lib/thumb/v7e-m+fp/hard\libm-fast-emfloat.a(round.o)
 .comment       0x000000d4       0x2c c:/program files/microchip/xc32/v4.30/bin/bin/../../lib/gcc/pic32c/8.3.1/../../../../pic32c/lib/thumb/v7e-m+fp/hard\libm-fast-emfloat.a(pow.o)
 .comment       0x000000d4       0x2c c:/program files/microchip/xc32/v4.30/bin/bin/../../lib/gcc/pic32c/8.3.1/../../../../pic32c/lib/thumb/v7e-m+fp/hard\libm-fast-emfloat.a(log.o)
 .comment       0x000000d4       0x2c c:/program files/microchip/xc32/v4.30/bin/bin/../../lib/gcc/pic32c/8.3.1/../../../../pic32c/lib/thumb/v7e-m+fp/hard\libm-fast-emfloat.a(exp.o)
 .comment       0x000000d4       0x2c c:/program files/microchip/xc32/v4.30/bin/bin/../../lib/gcc/pic32c/8.3.1/../../../../pic32c/lib/thumb/v7e-m+fp/hard\libm-fast-emfloat.a(__SEGGER_RTL_float64_Log.o)
 .comment       0x000000d4       0x2c c:/program files/microchip/xc32/v4.30/bin/bin/../../lib/gcc/pic32c/8.3.1/../../../../pic32c/lib/thumb/v7e-m+fp/hard\libm-fast-emfloat.a(__SEGGER_RTL_float64_PolyEvalP.o)
 .comment       0x000000d4       0x2c c:/program files/microchip/xc32/v4.30/bin/bin/../../lib/gcc/pic32c/8.3.1/../../../../pic32c/lib/thumb/v7e-m+fp/hard\libm-fast-emfloat.a(__SEGGER_RTL_float64_PolyEvalQ.o)
 .comment       0x000000d4       0x2c c:/program files/microchip/xc32/v4.30/bin/bin/../../lib/gcc/pic32c/8.3.1/../../../../pic32c/lib/thumb/v7e-m+fp/hard\libm-fast-emfloat.a(ldexp.o)
 .comment       0x000000d4       0x2c c:/program files/microchip/xc32/v4.30/bin/bin/../../lib/gcc/pic32c/8.3.1/../../../../pic32c/lib/thumb/v7e-m+fp/hard\libm-fast-emfloat.a(frexp.o)
 .comment       0x000000d4       0x2c c:/program files/microchip/xc32/v4.30/bin/bin/../../lib/gcc/pic32c/8.3.1/../../../../pic32c/lib/thumb/v7e-m+fp/hard\libc-musl.a(__libc_start_main.o)
 .comment       0x000000d4       0x2c c:/program files/microchip/xc32/v4.30/bin/bin/../../lib/gcc/pic32c/8.3.1/../../../../pic32c/lib/thumb/v7e-m+fp/hard\libc-musl.a(__errno_location.o)
 .comment       0x000000d4       0x2c c:/program files/microchip/xc32/v4.30/bin/bin/../../lib/gcc/pic32c/8.3.1/../../../../pic32c/lib/thumb/v7e-m+fp/hard\libc-musl.a(libc.o)
 .comment       0x000000d4       0x2c c:/program files/microchip/xc32/v4.30/bin/bin/../../lib/gcc/pic32c/8.3.1/../../../../pic32c/lib/thumb/v7e-m+fp/hard\libc-musl.a(malloc.o)
 .comment       0x000000d4       0x2c c:/program files/microchip/xc32/v4.30/bin/bin/../../lib/gcc/pic32c/8.3.1/../../../../pic32c/lib/thumb/v7e-m+fp/hard\libc-musl.a(vsnprintf.o)
 .comment       0x000000d4       0x2c c:/program files/microchip/xc32/v4.30/bin/bin/../../lib/gcc/pic32c/8.3.1/../../../../pic32c/lib/thumb/v7e-m+fp/hard\libc-musl.a(sprintf.o)
 .comment       0x000000d4       0x2c c:/program files/microchip/xc32/v4.30/bin/bin/../../lib/gcc/pic32c/8.3.1/../../../../pic32c/lib/thumb/v7e-m+fp/hard\libc-musl.a(vsprintf.o)
 .comment       0x000000d4       0x2c c:/program files/microchip/xc32/v4.30/bin/bin/../../lib/gcc/pic32c/8.3.1/../../../../pic32c/lib/thumb/v7e-m+fp/hard\libc-musl.a(memcmp.o)
 .comment       0x000000d4       0x2c c:/program files/microchip/xc32/v4.30/bin/bin/../../lib/gcc/pic32c/8.3.1/../../../../pic32c/lib/thumb/v7e-m+fp/hard\libc-musl.a(memcpy.o)
 .comment       0x000000d4       0x2c c:/program files/microchip/xc32/v4.30/bin/bin/../../lib/gcc/pic32c/8.3.1/../../../../pic32c/lib/thumb/v7e-m+fp/hard\libc-musl.a(memset.o)
 .comment       0x000000d4       0x2c c:/program files/microchip/xc32/v4.30/bin/bin/../../lib/gcc/pic32c/8.3.1/../../../../pic32c/lib/thumb/v7e-m+fp/hard\libc-musl.a(strlen.o)
 .comment       0x000000d4       0x2c c:/program files/microchip/xc32/v4.30/bin/bin/../../lib/gcc/pic32c/8.3.1/../../../../pic32c/lib/thumb/v7e-m+fp/hard\libc-musl.a(strchr.o)
 .comment       0x000000d4       0x2c c:/program files/microchip/xc32/v4.30/bin/bin/../../lib/gcc/pic32c/8.3.1/../../../../pic32c/lib/thumb/v7e-m+fp/hard\libc-musl.a(strchrnul.o)
 .comment       0x000000d4       0x2c c:/program files/microchip/xc32/v4.30/bin/bin/../../lib/gcc/pic32c/8.3.1/../../../../pic32c/lib/thumb/v7e-m+fp/hard\libc-musl.a(strcmp.o)
 .comment       0x000000d4       0x2c c:/program files/microchip/xc32/v4.30/bin/bin/../../lib/gcc/pic32c/8.3.1/../../../../pic32c/lib/thumb/v7e-m+fp/hard\libc-musl.a(strcpy.o)
 .comment       0x000000d4       0x2c c:/program files/microchip/xc32/v4.30/bin/bin/../../lib/gcc/pic32c/8.3.1/../../../../pic32c/lib/thumb/v7e-m+fp/hard\libc-musl.a(strncmp.o)
 .comment       0x000000d4       0x2c c:/program files/microchip/xc32/v4.30/bin/bin/../../lib/gcc/pic32c/8.3.1/../../../../pic32c/lib/thumb/v7e-m+fp/hard\libc-musl.a(strncpy.o)
 .comment       0x000000d4       0x2c c:/program files/microchip/xc32/v4.30/bin/bin/../../lib/gcc/pic32c/8.3.1/../../../../pic32c/lib/thumb/v7e-m+fp/hard\libc-musl.a(strtok.o)
 .comment       0x000000d4       0x2c c:/program files/microchip/xc32/v4.30/bin/bin/../../lib/gcc/pic32c/8.3.1/../../../../pic32c/lib/thumb/v7e-m+fp/hard\libc-musl.a(__environ.o)
 .comment       0x000000d4       0x2c c:/program files/microchip/xc32/v4.30/bin/bin/../../lib/gcc/pic32c/8.3.1/../../../../pic32c/lib/thumb/v7e-m+fp/hard\libc-musl.a(vfprintf.o)
 .comment       0x000000d4       0x2c c:/program files/microchip/xc32/v4.30/bin/bin/../../lib/gcc/pic32c/8.3.1/../../../../pic32c/lib/thumb/v7e-m+fp/hard\libc-musl.a(stpcpy.o)
 .comment       0x000000d4       0x2c c:/program files/microchip/xc32/v4.30/bin/bin/../../lib/gcc/pic32c/8.3.1/../../../../pic32c/lib/thumb/v7e-m+fp/hard\libc-musl.a(stpncpy.o)
 .comment       0x000000d4       0x2c c:/program files/microchip/xc32/v4.30/bin/bin/../../lib/gcc/pic32c/8.3.1/../../../../pic32c/lib/thumb/v7e-m+fp/hard\libc-musl.a(strcspn.o)
 .comment       0x000000d4       0x2c c:/program files/microchip/xc32/v4.30/bin/bin/../../lib/gcc/pic32c/8.3.1/../../../../pic32c/lib/thumb/v7e-m+fp/hard\libc-musl.a(strspn.o)
 .comment       0x000000d4       0x2c c:/program files/microchip/xc32/v4.30/bin/bin/../../lib/gcc/pic32c/8.3.1/../../../../pic32c/lib/thumb/v7e-m+fp/hard\libc-musl.a(__pop_float.o)
 .comment       0x000000d4       0x2c c:/program files/microchip/xc32/v4.30/bin/bin/../../lib/gcc/pic32c/8.3.1/../../../../pic32c/lib/thumb/v7e-m+fp/hard\libc-musl.a(__pop_int.o)
 .comment       0x000000d4       0x2c c:/program files/microchip/xc32/v4.30/bin/bin/../../lib/gcc/pic32c/8.3.1/../../../../pic32c/lib/thumb/v7e-m+fp/hard\libc-musl.a(__pop_ptr.o)
 .comment       0x000000d4       0x2c c:/program files/microchip/xc32/v4.30/bin/bin/../../lib/gcc/pic32c/8.3.1/../../../../pic32c/lib/thumb/v7e-m+fp/hard\libc-musl.a(__printf_core.o)
 .comment       0x000000d4       0x2c c:/program files/microchip/xc32/v4.30/bin/bin/../../lib/gcc/pic32c/8.3.1/../../../../pic32c/lib/thumb/v7e-m+fp/hard\libc-musl.a(atoi.o)
 .comment       0x000000d4       0x2c c:/program files/microchip/xc32/v4.30/bin/bin/../../lib/gcc/pic32c/8.3.1/../../../../pic32c/lib/thumb/v7e-m+fp/hard\libc-musl.a(tolower.o)
 .comment       0x000000d4       0x2c c:/program files/microchip/xc32/v4.30/bin/bin/../../lib/gcc/pic32c/8.3.1/../../../../pic32c/lib/thumb/v7e-m+fp/hard\libc-musl.a(__fmt_a.o)
 .comment       0x000000d4       0x2c c:/program files/microchip/xc32/v4.30/bin/bin/../../lib/gcc/pic32c/8.3.1/../../../../pic32c/lib/thumb/v7e-m+fp/hard\libc-musl.a(__fmt_d.o)
 .comment       0x000000d4       0x2c c:/program files/microchip/xc32/v4.30/bin/bin/../../lib/gcc/pic32c/8.3.1/../../../../pic32c/lib/thumb/v7e-m+fp/hard\libc-musl.a(__fmt_fp.o)
 .comment       0x000000d4       0x2c c:/program files/microchip/xc32/v4.30/bin/bin/../../lib/gcc/pic32c/8.3.1/../../../../pic32c/lib/thumb/v7e-m+fp/hard\libc-musl.a(__fmt_o.o)
 .comment       0x000000d4       0x2c c:/program files/microchip/xc32/v4.30/bin/bin/../../lib/gcc/pic32c/8.3.1/../../../../pic32c/lib/thumb/v7e-m+fp/hard\libc-musl.a(__fmt_s.o)
 .comment       0x000000d4       0x2c c:/program files/microchip/xc32/v4.30/bin/bin/../../lib/gcc/pic32c/8.3.1/../../../../pic32c/lib/thumb/v7e-m+fp/hard\libc-musl.a(__fmt_u.o)
 .comment       0x000000d4       0x2c c:/program files/microchip/xc32/v4.30/bin/bin/../../lib/gcc/pic32c/8.3.1/../../../../pic32c/lib/thumb/v7e-m+fp/hard\libc-musl.a(__fmt_x.o)
 .comment       0x000000d4       0x2c c:/program files/microchip/xc32/v4.30/bin/bin/../../lib/gcc/pic32c/8.3.1/../../../../pic32c/lib/thumb/v7e-m+fp/hard\libc-musl.a(toupper.o)
 .comment       0x000000d4       0x2c c:/program files/microchip/xc32/v4.30/bin/bin/../../lib/gcc/pic32c/8.3.1/../../../../pic32c/lib/thumb/v7e-m+fp/hard\libc-musl.a(__cvt_u.o)
 .comment       0x000000d4       0x2c c:/program files/microchip/xc32/v4.30/bin/bin/../../lib/gcc/pic32c/8.3.1/../../../../pic32c/lib/thumb/v7e-m+fp/hard\libm-fast-emfloat.a(fma.o)
 .comment       0x000000d4       0x2c c:/program files/microchip/xc32/v4.30/bin/bin/../../lib/gcc/pic32c/8.3.1/../../../../pic32c/lib/thumb/v7e-m+fp/hard\libm-fast-emfloat.a(floor.o)
 .comment       0x000000d4       0x2c c:/program files/microchip/xc32/v4.30/bin/bin/../../lib/gcc/pic32c/8.3.1/thumb/v7e-m+fp/hard\libgcc.a(_udivmoddi4.o)
 .comment       0x000000d4       0x2c c:/program files/microchip/xc32/v4.30/bin/bin/../../lib/gcc/pic32c/8.3.1/../../../../pic32c/lib/thumb/v7e-m+fp/hard\libpic32c.a(pic32_data_init_clear.o)
 .comment       0x000000d4       0x2c c:/program files/microchip/xc32/v4.30/bin/bin/../../lib/gcc/pic32c/8.3.1/../../../../pic32c/lib/thumb/v7e-m+fp/hard\libpic32c.a(pic32_data_init_copy.o)

.debug_info     0x00000000    0x6f898
 .debug_info    0x00000000     0x37ea build/default/production/_ext/297566330/app_p2p_phy.o
 .debug_info    0x000037ea     0x6c55 build/default/production/_ext/767817240/app_phy_cmd_processor.o
 .debug_info    0x0000a43f     0x1006 build/default/production/_ext/745501718/pal.o
 .debug_info    0x0000b445      0x511 build/default/production/_ext/957911548/phy_task.o
 .debug_info    0x0000b956      0x34b build/default/production/_ext/957911548/phy_ed_end_cb.o
 .debug_info    0x0000bca1      0x536 build/default/production/_ext/957911548/phy_rx_frame_cb.o
 .debug_info    0x0000c1d7      0x760 build/default/production/_ext/1374435801/bmm.o
 .debug_info    0x0000c937      0x848 build/default/production/_ext/874725666/qmm.o
 .debug_info    0x0000d17f      0xb61 build/default/production/_ext/1529399856/osal_freertos.o
 .debug_info    0x0000dce0      0x921 build/default/production/_ext/1529399856/osal_freertos_extend.o
 .debug_info    0x0000e601     0x1426 build/default/production/_ext/60165520/plib_clk.o
 .debug_info    0x0000fa27      0x320 build/default/production/_ext/1986646378/plib_evsys.o
 .debug_info    0x0000fd47     0x1ca0 build/default/production/_ext/1865254177/plib_gpio.o
 .debug_info    0x000119e7      0xec3 build/default/production/_ext/1865468468/plib_nvic.o
 .debug_info    0x000128aa     0x14e4 build/default/production/_ext/60176403/plib_nvm.o
 .debug_info    0x00013d8e     0x1811 build/default/production/_ext/1996599795/plib_power.o
 .debug_info    0x0001559f     0x2390 build/default/production/_ext/504274921/plib_sercom3_usart.o
 .debug_info    0x0001792f      0xca0 build/default/production/_ext/829342655/plib_tc0.o
 .debug_info    0x000185cf      0x49e build/default/production/_ext/1865643529/plib_trng.o
 .debug_info    0x00018a6d     0x2add build/default/production/_ext/1376093119/sys_command.o
 .debug_info    0x0001b54a     0x1434 build/default/production/_ext/1832805299/sys_console.o
 .debug_info    0x0001c97e     0x14c5 build/default/production/_ext/1832805299/sys_console_uart.o
 .debug_info    0x0001de43      0xb42 build/default/production/_ext/1881668453/sys_int.o
 .debug_info    0x0001e985      0x5ae build/default/production/_ext/1000052432/sys_reset.o
 .debug_info    0x0001ef33     0x2bff build/default/production/_ext/101884895/sys_time.o
 .debug_info    0x00021b32      0x534 build/default/production/_ext/1171490990/freertos_hooks.o
 .debug_info    0x00022066      0xa1f build/default/production/_ext/1171490990/interrupts.o
 .debug_info    0x00022a85     0x1d11 build/default/production/_ext/1171490990/initialization.o
 .debug_info    0x00024796      0x89b build/default/production/_ext/1171490990/startup_xc32.o
 .debug_info    0x00025031      0x3be build/default/production/_ext/1171490990/exceptions.o
 .debug_info    0x000253ef      0x5b4 build/default/production/_ext/1171490990/tasks.o
 .debug_info    0x000259a3      0xa16 build/default/production/_ext/246609638/port.o
 .debug_info    0x000263b9      0xacf build/default/production/_ext/1665200909/heap_4.o
 .debug_info    0x00026e88      0x63c build/default/production/_ext/404212886/list.o
 .debug_info    0x000274c4     0x38ff build/default/production/_ext/404212886/FreeRTOS_tasks.o
 .debug_info    0x0002adc3     0x296b build/default/production/_ext/404212886/queue.o
 .debug_info    0x0002d72e      0x477 build/default/production/_ext/1360937237/main.o
 .debug_info    0x0002dba5      0x594 build/default/production/_ext/1360937237/app.o
 .debug_info    0x0002e139     0x358b build/default/production/_ext/1360937237/device_deep_sleep.o
 .debug_info    0x000316c4      0x3f1 build/default/production/_ext/1360937237/app_idle_task.o
 .debug_info    0x00031ab5      0xb8d build/default/production/_ext/1865569570/plib_rcon.o
 .debug_info    0x00032642     0x122e ..\src\config\default\driver\device_support\pic32cx_bz2_device_support.a(info_block.o)
 .debug_info    0x00033870     0x10d3 ..\src\config\default\driver\device_support\pic32cx_bz2_device_support.a(pmu_system.o)
 .debug_info    0x00034943     0x5eeb ..\src\config\default\driver\device_support\pic32cx_bz2_device_support.a(rf_system.o)
 .debug_info    0x0003a82e     0x495e ..\src\config\default\driver\device_support\pic32cx_bz2_device_support.a(sleep_system.o)
 .debug_info    0x0003f18c      0xf4c ..\src\config\default\driver\device_support\pic32cx_bz2_device_support.a(info_block_plat.o)
 .debug_info    0x000400d8      0x614 ..\src\config\default\driver\device_support\pic32cx_bz2_device_support.a(pmu_dvr.o)
 .debug_info    0x000406ec     0x45a7 ..\src\config\default\driver\device_support\pic32cx_bz2_device_support.a(rf.o)
 .debug_info    0x00044c93     0x1ccb ..\src\config\default\driver\pds\pds.a(wlPdsDataServer.o)
 .debug_info    0x0004695e      0x803 ..\src\config\default\driver\pds\pds.a(wlPdsInit.o)
 .debug_info    0x00047161      0xbf6 ..\src\config\default\driver\pds\pds.a(D_Nv.o)
 .debug_info    0x00047d57     0x2b2f ..\src\config\default\driver\pds\pds.a(S_Nv-Chimera.o)
 .debug_info    0x0004a886     0x1d20 ..\src\config\default\driver\lib\lib-ieee802154_phy_pic32cxbz-v1.1.0.a(phy.o)
 .debug_info    0x0004c5a6     0x1934 ..\src\config\default\driver\lib\lib-ieee802154_phy_pic32cxbz-v1.1.0.a(phy_ed.o)
 .debug_info    0x0004deda     0x2551 ..\src\config\default\driver\lib\lib-ieee802154_phy_pic32cxbz-v1.1.0.a(phy_helper.o)
 .debug_info    0x0005042b     0x2ef9 ..\src\config\default\driver\lib\lib-ieee802154_phy_pic32cxbz-v1.1.0.a(phy_init.o)
 .debug_info    0x00053324     0x1abb ..\src\config\default\driver\lib\lib-ieee802154_phy_pic32cxbz-v1.1.0.a(phy_irq_handler.o)
 .debug_info    0x00054ddf     0x2e9a ..\src\config\default\driver\lib\lib-ieee802154_phy_pic32cxbz-v1.1.0.a(phy_pib.o)
 .debug_info    0x00057c79     0x67be ..\src\config\default\driver\lib\lib-ieee802154_phy_pic32cxbz-v1.1.0.a(phy_pwr_mgmt.o)
 .debug_info    0x0005e437     0x23e1 ..\src\config\default\driver\lib\lib-ieee802154_phy_pic32cxbz-v1.1.0.a(phy_rx.o)
 .debug_info    0x00060818     0x2824 ..\src\config\default\driver\lib\lib-ieee802154_phy_pic32cxbz-v1.1.0.a(phy_tx.o)
 .debug_info    0x0006303c      0x2bd c:/program files/microchip/xc32/v4.30/bin/bin/../../lib/gcc/pic32c/8.3.1/../../../../pic32c/lib/thumb/v7e-m+fp/hard\libpic32c.a(data_init.o)
 .debug_info    0x000632f9      0x621 c:/program files/microchip/xc32/v4.30/bin/bin/../../lib/gcc/pic32c/8.3.1/../../../../pic32c/lib/thumb/v7e-m+fp/hard\libc-musl.a(__libc_start_main.o)
 .debug_info    0x0006391a      0x271 c:/program files/microchip/xc32/v4.30/bin/bin/../../lib/gcc/pic32c/8.3.1/../../../../pic32c/lib/thumb/v7e-m+fp/hard\libc-musl.a(__errno_location.o)
 .debug_info    0x00063b8b      0x533 c:/program files/microchip/xc32/v4.30/bin/bin/../../lib/gcc/pic32c/8.3.1/../../../../pic32c/lib/thumb/v7e-m+fp/hard\libc-musl.a(libc.o)
 .debug_info    0x000640be     0x13a3 c:/program files/microchip/xc32/v4.30/bin/bin/../../lib/gcc/pic32c/8.3.1/../../../../pic32c/lib/thumb/v7e-m+fp/hard\libc-musl.a(malloc.o)
 .debug_info    0x00065461      0x6ff c:/program files/microchip/xc32/v4.30/bin/bin/../../lib/gcc/pic32c/8.3.1/../../../../pic32c/lib/thumb/v7e-m+fp/hard\libc-musl.a(vsnprintf.o)
 .debug_info    0x00065b60      0x31b c:/program files/microchip/xc32/v4.30/bin/bin/../../lib/gcc/pic32c/8.3.1/../../../../pic32c/lib/thumb/v7e-m+fp/hard\libc-musl.a(sprintf.o)
 .debug_info    0x00065e7b      0x315 c:/program files/microchip/xc32/v4.30/bin/bin/../../lib/gcc/pic32c/8.3.1/../../../../pic32c/lib/thumb/v7e-m+fp/hard\libc-musl.a(vsprintf.o)
 .debug_info    0x00066190      0x2e0 c:/program files/microchip/xc32/v4.30/bin/bin/../../lib/gcc/pic32c/8.3.1/../../../../pic32c/lib/thumb/v7e-m+fp/hard\libc-musl.a(memcmp.o)
 .debug_info    0x00066470      0x2ef c:/program files/microchip/xc32/v4.30/bin/bin/../../lib/gcc/pic32c/8.3.1/../../../../pic32c/lib/thumb/v7e-m+fp/hard\libc-musl.a(memcpy.o)
 .debug_info    0x0006675f      0x2b3 c:/program files/microchip/xc32/v4.30/bin/bin/../../lib/gcc/pic32c/8.3.1/../../../../pic32c/lib/thumb/v7e-m+fp/hard\libc-musl.a(memset.o)
 .debug_info    0x00066a12      0x2a4 c:/program files/microchip/xc32/v4.30/bin/bin/../../lib/gcc/pic32c/8.3.1/../../../../pic32c/lib/thumb/v7e-m+fp/hard\libc-musl.a(strlen.o)
 .debug_info    0x00066cb6      0x2c6 c:/program files/microchip/xc32/v4.30/bin/bin/../../lib/gcc/pic32c/8.3.1/../../../../pic32c/lib/thumb/v7e-m+fp/hard\libc-musl.a(strchr.o)
 .debug_info    0x00066f7c      0x38e c:/program files/microchip/xc32/v4.30/bin/bin/../../lib/gcc/pic32c/8.3.1/../../../../pic32c/lib/thumb/v7e-m+fp/hard\libc-musl.a(strchrnul.o)
 .debug_info    0x0006730a      0x289 c:/program files/microchip/xc32/v4.30/bin/bin/../../lib/gcc/pic32c/8.3.1/../../../../pic32c/lib/thumb/v7e-m+fp/hard\libc-musl.a(strcmp.o)
 .debug_info    0x00067593      0x2b2 c:/program files/microchip/xc32/v4.30/bin/bin/../../lib/gcc/pic32c/8.3.1/../../../../pic32c/lib/thumb/v7e-m+fp/hard\libc-musl.a(strcpy.o)
 .debug_info    0x00067845      0x2ee c:/program files/microchip/xc32/v4.30/bin/bin/../../lib/gcc/pic32c/8.3.1/../../../../pic32c/lib/thumb/v7e-m+fp/hard\libc-musl.a(strncmp.o)
 .debug_info    0x00067b33      0x2d7 c:/program files/microchip/xc32/v4.30/bin/bin/../../lib/gcc/pic32c/8.3.1/../../../../pic32c/lib/thumb/v7e-m+fp/hard\libc-musl.a(strncpy.o)
 .debug_info    0x00067e0a      0x2f4 c:/program files/microchip/xc32/v4.30/bin/bin/../../lib/gcc/pic32c/8.3.1/../../../../pic32c/lib/thumb/v7e-m+fp/hard\libc-musl.a(strtok.o)
 .debug_info    0x000680fe      0x2ad c:/program files/microchip/xc32/v4.30/bin/bin/../../lib/gcc/pic32c/8.3.1/../../../../pic32c/lib/thumb/v7e-m+fp/hard\libc-musl.a(__environ.o)
 .debug_info    0x000683ab      0x6c0 c:/program files/microchip/xc32/v4.30/bin/bin/../../lib/gcc/pic32c/8.3.1/../../../../pic32c/lib/thumb/v7e-m+fp/hard\libc-musl.a(vfprintf.o)
 .debug_info    0x00068a6b      0x2b6 c:/program files/microchip/xc32/v4.30/bin/bin/../../lib/gcc/pic32c/8.3.1/../../../../pic32c/lib/thumb/v7e-m+fp/hard\libc-musl.a(stpcpy.o)
 .debug_info    0x00068d21      0x2f2 c:/program files/microchip/xc32/v4.30/bin/bin/../../lib/gcc/pic32c/8.3.1/../../../../pic32c/lib/thumb/v7e-m+fp/hard\libc-musl.a(stpncpy.o)
 .debug_info    0x00069013      0x319 c:/program files/microchip/xc32/v4.30/bin/bin/../../lib/gcc/pic32c/8.3.1/../../../../pic32c/lib/thumb/v7e-m+fp/hard\libc-musl.a(strcspn.o)
 .debug_info    0x0006932c      0x2fe c:/program files/microchip/xc32/v4.30/bin/bin/../../lib/gcc/pic32c/8.3.1/../../../../pic32c/lib/thumb/v7e-m+fp/hard\libc-musl.a(strspn.o)
 .debug_info    0x0006962a      0x3db c:/program files/microchip/xc32/v4.30/bin/bin/../../lib/gcc/pic32c/8.3.1/../../../../pic32c/lib/thumb/v7e-m+fp/hard\libc-musl.a(__pop_float.o)
 .debug_info    0x00069a05      0x3ff c:/program files/microchip/xc32/v4.30/bin/bin/../../lib/gcc/pic32c/8.3.1/../../../../pic32c/lib/thumb/v7e-m+fp/hard\libc-musl.a(__pop_int.o)
 .debug_info    0x00069e04      0x405 c:/program files/microchip/xc32/v4.30/bin/bin/../../lib/gcc/pic32c/8.3.1/../../../../pic32c/lib/thumb/v7e-m+fp/hard\libc-musl.a(__pop_ptr.o)
 .debug_info    0x0006a209      0xd6c c:/program files/microchip/xc32/v4.30/bin/bin/../../lib/gcc/pic32c/8.3.1/../../../../pic32c/lib/thumb/v7e-m+fp/hard\libc-musl.a(__printf_core.o)
 .debug_info    0x0006af75      0x2f9 c:/program files/microchip/xc32/v4.30/bin/bin/../../lib/gcc/pic32c/8.3.1/../../../../pic32c/lib/thumb/v7e-m+fp/hard\libc-musl.a(atoi.o)
 .debug_info    0x0006b26e      0x351 c:/program files/microchip/xc32/v4.30/bin/bin/../../lib/gcc/pic32c/8.3.1/../../../../pic32c/lib/thumb/v7e-m+fp/hard\libc-musl.a(tolower.o)
 .debug_info    0x0006b5bf      0x905 c:/program files/microchip/xc32/v4.30/bin/bin/../../lib/gcc/pic32c/8.3.1/../../../../pic32c/lib/thumb/v7e-m+fp/hard\libc-musl.a(__fmt_a.o)
 .debug_info    0x0006bec4      0x5c0 c:/program files/microchip/xc32/v4.30/bin/bin/../../lib/gcc/pic32c/8.3.1/../../../../pic32c/lib/thumb/v7e-m+fp/hard\libc-musl.a(__fmt_d.o)
 .debug_info    0x0006c484      0x949 c:/program files/microchip/xc32/v4.30/bin/bin/../../lib/gcc/pic32c/8.3.1/../../../../pic32c/lib/thumb/v7e-m+fp/hard\libc-musl.a(__fmt_fp.o)
 .debug_info    0x0006cdcd      0x591 c:/program files/microchip/xc32/v4.30/bin/bin/../../lib/gcc/pic32c/8.3.1/../../../../pic32c/lib/thumb/v7e-m+fp/hard\libc-musl.a(__fmt_o.o)
 .debug_info    0x0006d35e      0x535 c:/program files/microchip/xc32/v4.30/bin/bin/../../lib/gcc/pic32c/8.3.1/../../../../pic32c/lib/thumb/v7e-m+fp/hard\libc-musl.a(__fmt_s.o)
 .debug_info    0x0006d893      0x591 c:/program files/microchip/xc32/v4.30/bin/bin/../../lib/gcc/pic32c/8.3.1/../../../../pic32c/lib/thumb/v7e-m+fp/hard\libc-musl.a(__fmt_u.o)
 .debug_info    0x0006de24      0x5c1 c:/program files/microchip/xc32/v4.30/bin/bin/../../lib/gcc/pic32c/8.3.1/../../../../pic32c/lib/thumb/v7e-m+fp/hard\libc-musl.a(__fmt_x.o)
 .debug_info    0x0006e3e5      0x351 c:/program files/microchip/xc32/v4.30/bin/bin/../../lib/gcc/pic32c/8.3.1/../../../../pic32c/lib/thumb/v7e-m+fp/hard\libc-musl.a(toupper.o)
 .debug_info    0x0006e736      0x441 c:/program files/microchip/xc32/v4.30/bin/bin/../../lib/gcc/pic32c/8.3.1/../../../../pic32c/lib/thumb/v7e-m+fp/hard\libc-musl.a(__cvt_u.o)
 .debug_info    0x0006eb77       0x26 c:/program files/microchip/xc32/v4.30/bin/bin/../../lib/gcc/pic32c/8.3.1/thumb/v7e-m+fp/hard\libgcc.a(_aeabi_uldivmod.o)
 .debug_info    0x0006eb9d      0x7aa c:/program files/microchip/xc32/v4.30/bin/bin/../../lib/gcc/pic32c/8.3.1/thumb/v7e-m+fp/hard\libgcc.a(_udivmoddi4.o)
 .debug_info    0x0006f347       0x26 c:/program files/microchip/xc32/v4.30/bin/bin/../../lib/gcc/pic32c/8.3.1/thumb/v7e-m+fp/hard\libgcc.a(_dvmd_tls.o)
 .debug_info    0x0006f36d      0x296 c:/program files/microchip/xc32/v4.30/bin/bin/../../lib/gcc/pic32c/8.3.1/../../../../pic32c/lib/thumb/v7e-m+fp/hard\libpic32c.a(pic32_data_init_clear.o)
 .debug_info    0x0006f603      0x295 c:/program files/microchip/xc32/v4.30/bin/bin/../../lib/gcc/pic32c/8.3.1/../../../../pic32c/lib/thumb/v7e-m+fp/hard\libpic32c.a(pic32_data_init_copy.o)

.debug_abbrev   0x00000000     0xc450
 .debug_abbrev  0x00000000      0x535 build/default/production/_ext/297566330/app_p2p_phy.o
 .debug_abbrev  0x00000535      0x55c build/default/production/_ext/767817240/app_phy_cmd_processor.o
 .debug_abbrev  0x00000a91      0x3ff build/default/production/_ext/745501718/pal.o
 .debug_abbrev  0x00000e90      0x15a build/default/production/_ext/957911548/phy_task.o
 .debug_abbrev  0x00000fea       0x5b build/default/production/_ext/957911548/phy_ed_end_cb.o
 .debug_abbrev  0x00001045      0x10a build/default/production/_ext/957911548/phy_rx_frame_cb.o
 .debug_abbrev  0x0000114f      0x1c3 build/default/production/_ext/1374435801/bmm.o
 .debug_abbrev  0x00001312      0x2b6 build/default/production/_ext/874725666/qmm.o
 .debug_abbrev  0x000015c8      0x266 build/default/production/_ext/1529399856/osal_freertos.o
 .debug_abbrev  0x0000182e      0x189 build/default/production/_ext/1529399856/osal_freertos_extend.o
 .debug_abbrev  0x000019b7      0x107 build/default/production/_ext/60165520/plib_clk.o
 .debug_abbrev  0x00001abe       0x3b build/default/production/_ext/1986646378/plib_evsys.o
 .debug_abbrev  0x00001af9      0x144 build/default/production/_ext/1865254177/plib_gpio.o
 .debug_abbrev  0x00001c3d      0x21d build/default/production/_ext/1865468468/plib_nvic.o
 .debug_abbrev  0x00001e5a      0x3ef build/default/production/_ext/60176403/plib_nvm.o
 .debug_abbrev  0x00002249      0x1a8 build/default/production/_ext/1996599795/plib_power.o
 .debug_abbrev  0x000023f1      0x4b3 build/default/production/_ext/504274921/plib_sercom3_usart.o
 .debug_abbrev  0x000028a4      0x200 build/default/production/_ext/829342655/plib_tc0.o
 .debug_abbrev  0x00002aa4       0xb5 build/default/production/_ext/1865643529/plib_trng.o
 .debug_abbrev  0x00002b59      0x545 build/default/production/_ext/1376093119/sys_command.o
 .debug_abbrev  0x0000309e      0x3b2 build/default/production/_ext/1832805299/sys_console.o
 .debug_abbrev  0x00003450      0x3b4 build/default/production/_ext/1832805299/sys_console_uart.o
 .debug_abbrev  0x00003804      0x233 build/default/production/_ext/1881668453/sys_int.o
 .debug_abbrev  0x00003a37       0xef build/default/production/_ext/1000052432/sys_reset.o
 .debug_abbrev  0x00003b26      0x583 build/default/production/_ext/101884895/sys_time.o
 .debug_abbrev  0x000040a9      0x15c build/default/production/_ext/1171490990/freertos_hooks.o
 .debug_abbrev  0x00004205       0xb5 build/default/production/_ext/1171490990/interrupts.o
 .debug_abbrev  0x000042ba      0x2d9 build/default/production/_ext/1171490990/initialization.o
 .debug_abbrev  0x00004593      0x1db build/default/production/_ext/1171490990/startup_xc32.o
 .debug_abbrev  0x0000476e       0x3e build/default/production/_ext/1171490990/exceptions.o
 .debug_abbrev  0x000047ac      0x14c build/default/production/_ext/1171490990/tasks.o
 .debug_abbrev  0x000048f8      0x2ba build/default/production/_ext/246609638/port.o
 .debug_abbrev  0x00004bb2      0x28c build/default/production/_ext/1665200909/heap_4.o
 .debug_abbrev  0x00004e3e      0x15e build/default/production/_ext/404212886/list.o
 .debug_abbrev  0x00004f9c      0x574 build/default/production/_ext/404212886/FreeRTOS_tasks.o
 .debug_abbrev  0x00005510      0x3e6 build/default/production/_ext/404212886/queue.o
 .debug_abbrev  0x000058f6      0x102 build/default/production/_ext/1360937237/main.o
 .debug_abbrev  0x000059f8      0x190 build/default/production/_ext/1360937237/app.o
 .debug_abbrev  0x00005b88      0x2d1 build/default/production/_ext/1360937237/device_deep_sleep.o
 .debug_abbrev  0x00005e59       0xbd build/default/production/_ext/1360937237/app_idle_task.o
 .debug_abbrev  0x00005f16      0x105 build/default/production/_ext/1865569570/plib_rcon.o
 .debug_abbrev  0x0000601b      0x240 ..\src\config\default\driver\device_support\pic32cx_bz2_device_support.a(info_block.o)
 .debug_abbrev  0x0000625b      0x197 ..\src\config\default\driver\device_support\pic32cx_bz2_device_support.a(pmu_system.o)
 .debug_abbrev  0x000063f2      0x257 ..\src\config\default\driver\device_support\pic32cx_bz2_device_support.a(rf_system.o)
 .debug_abbrev  0x00006649      0x189 ..\src\config\default\driver\device_support\pic32cx_bz2_device_support.a(sleep_system.o)
 .debug_abbrev  0x000067d2      0x141 ..\src\config\default\driver\device_support\pic32cx_bz2_device_support.a(info_block_plat.o)
 .debug_abbrev  0x00006913       0xbe ..\src\config\default\driver\device_support\pic32cx_bz2_device_support.a(pmu_dvr.o)
 .debug_abbrev  0x000069d1      0x150 ..\src\config\default\driver\device_support\pic32cx_bz2_device_support.a(rf.o)
 .debug_abbrev  0x00006b21      0x504 ..\src\config\default\driver\pds\pds.a(wlPdsDataServer.o)
 .debug_abbrev  0x00007025      0x1dd ..\src\config\default\driver\pds\pds.a(wlPdsInit.o)
 .debug_abbrev  0x00007202      0x2b6 ..\src\config\default\driver\pds\pds.a(D_Nv.o)
 .debug_abbrev  0x000074b8      0x4c4 ..\src\config\default\driver\pds\pds.a(S_Nv-Chimera.o)
 .debug_abbrev  0x0000797c      0x3d7 ..\src\config\default\driver\lib\lib-ieee802154_phy_pic32cxbz-v1.1.0.a(phy.o)
 .debug_abbrev  0x00007d53      0x2fa ..\src\config\default\driver\lib\lib-ieee802154_phy_pic32cxbz-v1.1.0.a(phy_ed.o)
 .debug_abbrev  0x0000804d      0x4f8 ..\src\config\default\driver\lib\lib-ieee802154_phy_pic32cxbz-v1.1.0.a(phy_helper.o)
 .debug_abbrev  0x00008545      0x43a ..\src\config\default\driver\lib\lib-ieee802154_phy_pic32cxbz-v1.1.0.a(phy_init.o)
 .debug_abbrev  0x0000897f      0x3f7 ..\src\config\default\driver\lib\lib-ieee802154_phy_pic32cxbz-v1.1.0.a(phy_irq_handler.o)
 .debug_abbrev  0x00008d76      0x4c7 ..\src\config\default\driver\lib\lib-ieee802154_phy_pic32cxbz-v1.1.0.a(phy_pib.o)
 .debug_abbrev  0x0000923d      0x3a9 ..\src\config\default\driver\lib\lib-ieee802154_phy_pic32cxbz-v1.1.0.a(phy_pwr_mgmt.o)
 .debug_abbrev  0x000095e6      0x340 ..\src\config\default\driver\lib\lib-ieee802154_phy_pic32cxbz-v1.1.0.a(phy_rx.o)
 .debug_abbrev  0x00009926      0x468 ..\src\config\default\driver\lib\lib-ieee802154_phy_pic32cxbz-v1.1.0.a(phy_tx.o)
 .debug_abbrev  0x00009d8e       0x44 c:/program files/microchip/xc32/v4.30/bin/bin/../../lib/gcc/pic32c/8.3.1/../../../../pic32c/lib/thumb/v7e-m+fp/hard\libpic32c.a(data_init.o)
 .debug_abbrev  0x00009dd2      0x117 c:/program files/microchip/xc32/v4.30/bin/bin/../../lib/gcc/pic32c/8.3.1/../../../../pic32c/lib/thumb/v7e-m+fp/hard\libc-musl.a(__libc_start_main.o)
 .debug_abbrev  0x00009ee9       0x2e c:/program files/microchip/xc32/v4.30/bin/bin/../../lib/gcc/pic32c/8.3.1/../../../../pic32c/lib/thumb/v7e-m+fp/hard\libc-musl.a(__errno_location.o)
 .debug_abbrev  0x00009f17       0xb8 c:/program files/microchip/xc32/v4.30/bin/bin/../../lib/gcc/pic32c/8.3.1/../../../../pic32c/lib/thumb/v7e-m+fp/hard\libc-musl.a(libc.o)
 .debug_abbrev  0x00009fcf      0x402 c:/program files/microchip/xc32/v4.30/bin/bin/../../lib/gcc/pic32c/8.3.1/../../../../pic32c/lib/thumb/v7e-m+fp/hard\libc-musl.a(malloc.o)
 .debug_abbrev  0x0000a3d1      0x168 c:/program files/microchip/xc32/v4.30/bin/bin/../../lib/gcc/pic32c/8.3.1/../../../../pic32c/lib/thumb/v7e-m+fp/hard\libc-musl.a(vsnprintf.o)
 .debug_abbrev  0x0000a539       0xfb c:/program files/microchip/xc32/v4.30/bin/bin/../../lib/gcc/pic32c/8.3.1/../../../../pic32c/lib/thumb/v7e-m+fp/hard\libc-musl.a(sprintf.o)
 .debug_abbrev  0x0000a634       0xc3 c:/program files/microchip/xc32/v4.30/bin/bin/../../lib/gcc/pic32c/8.3.1/../../../../pic32c/lib/thumb/v7e-m+fp/hard\libc-musl.a(vsprintf.o)
 .debug_abbrev  0x0000a6f7       0x8b c:/program files/microchip/xc32/v4.30/bin/bin/../../lib/gcc/pic32c/8.3.1/../../../../pic32c/lib/thumb/v7e-m+fp/hard\libc-musl.a(memcmp.o)
 .debug_abbrev  0x0000a782       0x9c c:/program files/microchip/xc32/v4.30/bin/bin/../../lib/gcc/pic32c/8.3.1/../../../../pic32c/lib/thumb/v7e-m+fp/hard\libc-musl.a(memcpy.o)
 .debug_abbrev  0x0000a81e       0x97 c:/program files/microchip/xc32/v4.30/bin/bin/../../lib/gcc/pic32c/8.3.1/../../../../pic32c/lib/thumb/v7e-m+fp/hard\libc-musl.a(memset.o)
 .debug_abbrev  0x0000a8b5       0x86 c:/program files/microchip/xc32/v4.30/bin/bin/../../lib/gcc/pic32c/8.3.1/../../../../pic32c/lib/thumb/v7e-m+fp/hard\libc-musl.a(strlen.o)
 .debug_abbrev  0x0000a93b       0xa2 c:/program files/microchip/xc32/v4.30/bin/bin/../../lib/gcc/pic32c/8.3.1/../../../../pic32c/lib/thumb/v7e-m+fp/hard\libc-musl.a(strchr.o)
 .debug_abbrev  0x0000a9dd       0xa5 c:/program files/microchip/xc32/v4.30/bin/bin/../../lib/gcc/pic32c/8.3.1/../../../../pic32c/lib/thumb/v7e-m+fp/hard\libc-musl.a(strchrnul.o)
 .debug_abbrev  0x0000aa82       0x63 c:/program files/microchip/xc32/v4.30/bin/bin/../../lib/gcc/pic32c/8.3.1/../../../../pic32c/lib/thumb/v7e-m+fp/hard\libc-musl.a(strcmp.o)
 .debug_abbrev  0x0000aae5       0x8e c:/program files/microchip/xc32/v4.30/bin/bin/../../lib/gcc/pic32c/8.3.1/../../../../pic32c/lib/thumb/v7e-m+fp/hard\libc-musl.a(strcpy.o)
 .debug_abbrev  0x0000ab73       0x86 c:/program files/microchip/xc32/v4.30/bin/bin/../../lib/gcc/pic32c/8.3.1/../../../../pic32c/lib/thumb/v7e-m+fp/hard\libc-musl.a(strncmp.o)
 .debug_abbrev  0x0000abf9       0x9d c:/program files/microchip/xc32/v4.30/bin/bin/../../lib/gcc/pic32c/8.3.1/../../../../pic32c/lib/thumb/v7e-m+fp/hard\libc-musl.a(strncpy.o)
 .debug_abbrev  0x0000ac96       0xac c:/program files/microchip/xc32/v4.30/bin/bin/../../lib/gcc/pic32c/8.3.1/../../../../pic32c/lib/thumb/v7e-m+fp/hard\libc-musl.a(strtok.o)
 .debug_abbrev  0x0000ad42       0x57 c:/program files/microchip/xc32/v4.30/bin/bin/../../lib/gcc/pic32c/8.3.1/../../../../pic32c/lib/thumb/v7e-m+fp/hard\libc-musl.a(__environ.o)
 .debug_abbrev  0x0000ad99      0x16d c:/program files/microchip/xc32/v4.30/bin/bin/../../lib/gcc/pic32c/8.3.1/../../../../pic32c/lib/thumb/v7e-m+fp/hard\libc-musl.a(vfprintf.o)
 .debug_abbrev  0x0000af06       0x63 c:/program files/microchip/xc32/v4.30/bin/bin/../../lib/gcc/pic32c/8.3.1/../../../../pic32c/lib/thumb/v7e-m+fp/hard\libc-musl.a(stpcpy.o)
 .debug_abbrev  0x0000af69       0x86 c:/program files/microchip/xc32/v4.30/bin/bin/../../lib/gcc/pic32c/8.3.1/../../../../pic32c/lib/thumb/v7e-m+fp/hard\libc-musl.a(stpncpy.o)
 .debug_abbrev  0x0000afef       0xf5 c:/program files/microchip/xc32/v4.30/bin/bin/../../lib/gcc/pic32c/8.3.1/../../../../pic32c/lib/thumb/v7e-m+fp/hard\libc-musl.a(strcspn.o)
 .debug_abbrev  0x0000b0e4       0xd2 c:/program files/microchip/xc32/v4.30/bin/bin/../../lib/gcc/pic32c/8.3.1/../../../../pic32c/lib/thumb/v7e-m+fp/hard\libc-musl.a(strspn.o)
 .debug_abbrev  0x0000b1b6       0xbd c:/program files/microchip/xc32/v4.30/bin/bin/../../lib/gcc/pic32c/8.3.1/../../../../pic32c/lib/thumb/v7e-m+fp/hard\libc-musl.a(__pop_float.o)
 .debug_abbrev  0x0000b273       0xbd c:/program files/microchip/xc32/v4.30/bin/bin/../../lib/gcc/pic32c/8.3.1/../../../../pic32c/lib/thumb/v7e-m+fp/hard\libc-musl.a(__pop_int.o)
 .debug_abbrev  0x0000b330       0xce c:/program files/microchip/xc32/v4.30/bin/bin/../../lib/gcc/pic32c/8.3.1/../../../../pic32c/lib/thumb/v7e-m+fp/hard\libc-musl.a(__pop_ptr.o)
 .debug_abbrev  0x0000b3fe      0x2c5 c:/program files/microchip/xc32/v4.30/bin/bin/../../lib/gcc/pic32c/8.3.1/../../../../pic32c/lib/thumb/v7e-m+fp/hard\libc-musl.a(__printf_core.o)
 .debug_abbrev  0x0000b6c3       0xbb c:/program files/microchip/xc32/v4.30/bin/bin/../../lib/gcc/pic32c/8.3.1/../../../../pic32c/lib/thumb/v7e-m+fp/hard\libc-musl.a(atoi.o)
 .debug_abbrev  0x0000b77e       0xfd c:/program files/microchip/xc32/v4.30/bin/bin/../../lib/gcc/pic32c/8.3.1/../../../../pic32c/lib/thumb/v7e-m+fp/hard\libc-musl.a(tolower.o)
 .debug_abbrev  0x0000b87b      0x194 c:/program files/microchip/xc32/v4.30/bin/bin/../../lib/gcc/pic32c/8.3.1/../../../../pic32c/lib/thumb/v7e-m+fp/hard\libc-musl.a(__fmt_a.o)
 .debug_abbrev  0x0000ba0f      0x120 c:/program files/microchip/xc32/v4.30/bin/bin/../../lib/gcc/pic32c/8.3.1/../../../../pic32c/lib/thumb/v7e-m+fp/hard\libc-musl.a(__fmt_d.o)
 .debug_abbrev  0x0000bb2f      0x1b3 c:/program files/microchip/xc32/v4.30/bin/bin/../../lib/gcc/pic32c/8.3.1/../../../../pic32c/lib/thumb/v7e-m+fp/hard\libc-musl.a(__fmt_fp.o)
 .debug_abbrev  0x0000bce2      0x120 c:/program files/microchip/xc32/v4.30/bin/bin/../../lib/gcc/pic32c/8.3.1/../../../../pic32c/lib/thumb/v7e-m+fp/hard\libc-musl.a(__fmt_o.o)
 .debug_abbrev  0x0000be02      0x10b c:/program files/microchip/xc32/v4.30/bin/bin/../../lib/gcc/pic32c/8.3.1/../../../../pic32c/lib/thumb/v7e-m+fp/hard\libc-musl.a(__fmt_s.o)
 .debug_abbrev  0x0000bf0d      0x120 c:/program files/microchip/xc32/v4.30/bin/bin/../../lib/gcc/pic32c/8.3.1/../../../../pic32c/lib/thumb/v7e-m+fp/hard\libc-musl.a(__fmt_u.o)
 .debug_abbrev  0x0000c02d      0x10f c:/program files/microchip/xc32/v4.30/bin/bin/../../lib/gcc/pic32c/8.3.1/../../../../pic32c/lib/thumb/v7e-m+fp/hard\libc-musl.a(__fmt_x.o)
 .debug_abbrev  0x0000c13c       0xfd c:/program files/microchip/xc32/v4.30/bin/bin/../../lib/gcc/pic32c/8.3.1/../../../../pic32c/lib/thumb/v7e-m+fp/hard\libc-musl.a(toupper.o)
 .debug_abbrev  0x0000c239       0xa1 c:/program files/microchip/xc32/v4.30/bin/bin/../../lib/gcc/pic32c/8.3.1/../../../../pic32c/lib/thumb/v7e-m+fp/hard\libc-musl.a(__cvt_u.o)
 .debug_abbrev  0x0000c2da       0x14 c:/program files/microchip/xc32/v4.30/bin/bin/../../lib/gcc/pic32c/8.3.1/thumb/v7e-m+fp/hard\libgcc.a(_aeabi_uldivmod.o)
 .debug_abbrev  0x0000c2ee       0xf2 c:/program files/microchip/xc32/v4.30/bin/bin/../../lib/gcc/pic32c/8.3.1/thumb/v7e-m+fp/hard\libgcc.a(_udivmoddi4.o)
 .debug_abbrev  0x0000c3e0       0x14 c:/program files/microchip/xc32/v4.30/bin/bin/../../lib/gcc/pic32c/8.3.1/thumb/v7e-m+fp/hard\libgcc.a(_dvmd_tls.o)
 .debug_abbrev  0x0000c3f4       0x2e c:/program files/microchip/xc32/v4.30/bin/bin/../../lib/gcc/pic32c/8.3.1/../../../../pic32c/lib/thumb/v7e-m+fp/hard\libpic32c.a(pic32_data_init_clear.o)
 .debug_abbrev  0x0000c422       0x2e c:/program files/microchip/xc32/v4.30/bin/bin/../../lib/gcc/pic32c/8.3.1/../../../../pic32c/lib/thumb/v7e-m+fp/hard\libpic32c.a(pic32_data_init_copy.o)

.debug_loc      0x00000000    0x23291
 .debug_loc     0x00000000     0x1a15 build/default/production/_ext/297566330/app_p2p_phy.o
 .debug_loc     0x00001a15     0x49f5 build/default/production/_ext/767817240/app_phy_cmd_processor.o
 .debug_loc     0x0000640a      0xa02 build/default/production/_ext/745501718/pal.o
 .debug_loc     0x00006e0c       0xbb build/default/production/_ext/957911548/phy_task.o
 .debug_loc     0x00006ec7       0x25 build/default/production/_ext/957911548/phy_rx_frame_cb.o
 .debug_loc     0x00006eec      0x1d2 build/default/production/_ext/1374435801/bmm.o
 .debug_loc     0x000070be      0x42b build/default/production/_ext/874725666/qmm.o
 .debug_loc     0x000074e9      0x628 build/default/production/_ext/1529399856/osal_freertos.o
 .debug_loc     0x00007b11      0x466 build/default/production/_ext/1529399856/osal_freertos_extend.o
 .debug_loc     0x00007f77       0x82 build/default/production/_ext/60165520/plib_clk.o
 .debug_loc     0x00007ff9       0x9b build/default/production/_ext/1865254177/plib_gpio.o
 .debug_loc     0x00008094      0x19b build/default/production/_ext/1865468468/plib_nvic.o
 .debug_loc     0x0000822f      0x7d9 build/default/production/_ext/60176403/plib_nvm.o
 .debug_loc     0x00008a08      0x22b build/default/production/_ext/1996599795/plib_power.o
 .debug_loc     0x00008c33      0xf34 build/default/production/_ext/504274921/plib_sercom3_usart.o
 .debug_loc     0x00009b67       0x80 build/default/production/_ext/829342655/plib_tc0.o
 .debug_loc     0x00009be7     0x2250 build/default/production/_ext/1376093119/sys_command.o
 .debug_loc     0x0000be37      0x8b8 build/default/production/_ext/1832805299/sys_console.o
 .debug_loc     0x0000c6ef      0x836 build/default/production/_ext/1832805299/sys_console_uart.o
 .debug_loc     0x0000cf25      0x154 build/default/production/_ext/1881668453/sys_int.o
 .debug_loc     0x0000d079     0x24b0 build/default/production/_ext/101884895/sys_time.o
 .debug_loc     0x0000f529       0x8e build/default/production/_ext/1171490990/freertos_hooks.o
 .debug_loc     0x0000f5b7       0x9a build/default/production/_ext/1171490990/initialization.o
 .debug_loc     0x0000f651       0x4a build/default/production/_ext/1171490990/startup_xc32.o
 .debug_loc     0x0000f69b      0x113 build/default/production/_ext/1171490990/tasks.o
 .debug_loc     0x0000f7ae      0x324 build/default/production/_ext/246609638/port.o
 .debug_loc     0x0000fad2      0x5cc build/default/production/_ext/1665200909/heap_4.o
 .debug_loc     0x0001009e      0x131 build/default/production/_ext/404212886/list.o
 .debug_loc     0x000101cf     0x29ea build/default/production/_ext/404212886/FreeRTOS_tasks.o
 .debug_loc     0x00012bb9     0x22a1 build/default/production/_ext/404212886/queue.o
 .debug_loc     0x00014e5a       0x6e build/default/production/_ext/1360937237/main.o
 .debug_loc     0x00014ec8       0x7c build/default/production/_ext/1360937237/app.o
 .debug_loc     0x00014f44       0xcf build/default/production/_ext/1360937237/device_deep_sleep.o
 .debug_loc     0x00015013       0xae build/default/production/_ext/1360937237/app_idle_task.o
 .debug_loc     0x000150c1      0x728 ..\src\config\default\driver\device_support\pic32cx_bz2_device_support.a(info_block.o)
 .debug_loc     0x000157e9       0xfc ..\src\config\default\driver\device_support\pic32cx_bz2_device_support.a(pmu_system.o)
 .debug_loc     0x000158e5      0x3c4 ..\src\config\default\driver\device_support\pic32cx_bz2_device_support.a(rf_system.o)
 .debug_loc     0x00015ca9      0x380 ..\src\config\default\driver\device_support\pic32cx_bz2_device_support.a(sleep_system.o)
 .debug_loc     0x00016029       0xf0 ..\src\config\default\driver\device_support\pic32cx_bz2_device_support.a(info_block_plat.o)
 .debug_loc     0x00016119       0xb8 ..\src\config\default\driver\device_support\pic32cx_bz2_device_support.a(pmu_dvr.o)
 .debug_loc     0x000161d1      0x254 ..\src\config\default\driver\device_support\pic32cx_bz2_device_support.a(rf.o)
 .debug_loc     0x00016425      0xccb ..\src\config\default\driver\pds\pds.a(wlPdsDataServer.o)
 .debug_loc     0x000170f0      0x13b ..\src\config\default\driver\pds\pds.a(wlPdsInit.o)
 .debug_loc     0x0001722b      0x58b ..\src\config\default\driver\pds\pds.a(D_Nv.o)
 .debug_loc     0x000177b6     0x177e ..\src\config\default\driver\pds\pds.a(S_Nv-Chimera.o)
 .debug_loc     0x00018f34      0x789 ..\src\config\default\driver\lib\lib-ieee802154_phy_pic32cxbz-v1.1.0.a(phy.o)
 .debug_loc     0x000196bd      0x363 ..\src\config\default\driver\lib\lib-ieee802154_phy_pic32cxbz-v1.1.0.a(phy_ed.o)
 .debug_loc     0x00019a20     0x1348 ..\src\config\default\driver\lib\lib-ieee802154_phy_pic32cxbz-v1.1.0.a(phy_helper.o)
 .debug_loc     0x0001ad68      0x27e ..\src\config\default\driver\lib\lib-ieee802154_phy_pic32cxbz-v1.1.0.a(phy_init.o)
 .debug_loc     0x0001afe6      0x6d7 ..\src\config\default\driver\lib\lib-ieee802154_phy_pic32cxbz-v1.1.0.a(phy_irq_handler.o)
 .debug_loc     0x0001b6bd     0x1152 ..\src\config\default\driver\lib\lib-ieee802154_phy_pic32cxbz-v1.1.0.a(phy_pib.o)
 .debug_loc     0x0001c80f      0x2e2 ..\src\config\default\driver\lib\lib-ieee802154_phy_pic32cxbz-v1.1.0.a(phy_pwr_mgmt.o)
 .debug_loc     0x0001caf1      0xb68 ..\src\config\default\driver\lib\lib-ieee802154_phy_pic32cxbz-v1.1.0.a(phy_rx.o)
 .debug_loc     0x0001d659      0x624 ..\src\config\default\driver\lib\lib-ieee802154_phy_pic32cxbz-v1.1.0.a(phy_tx.o)
 .debug_loc     0x0001dc7d       0x14 c:/program files/microchip/xc32/v4.30/bin/bin/../../lib/gcc/pic32c/8.3.1/../../../../pic32c/lib/thumb/v7e-m+fp/hard\libpic32c.a(data_init.o)
 .debug_loc     0x0001dc91       0x51 c:/program files/microchip/xc32/v4.30/bin/bin/../../lib/gcc/pic32c/8.3.1/../../../../pic32c/lib/thumb/v7e-m+fp/hard\libc-musl.a(__libc_start_main.o)
 .debug_loc     0x0001dce2      0xcef c:/program files/microchip/xc32/v4.30/bin/bin/../../lib/gcc/pic32c/8.3.1/../../../../pic32c/lib/thumb/v7e-m+fp/hard\libc-musl.a(malloc.o)
 .debug_loc     0x0001e9d1       0xeb c:/program files/microchip/xc32/v4.30/bin/bin/../../lib/gcc/pic32c/8.3.1/../../../../pic32c/lib/thumb/v7e-m+fp/hard\libc-musl.a(vsnprintf.o)
 .debug_loc     0x0001eabc       0x8a c:/program files/microchip/xc32/v4.30/bin/bin/../../lib/gcc/pic32c/8.3.1/../../../../pic32c/lib/thumb/v7e-m+fp/hard\libc-musl.a(sprintf.o)
 .debug_loc     0x0001eb46       0x6c c:/program files/microchip/xc32/v4.30/bin/bin/../../lib/gcc/pic32c/8.3.1/../../../../pic32c/lib/thumb/v7e-m+fp/hard\libc-musl.a(vsprintf.o)
 .debug_loc     0x0001ebb2      0x10c c:/program files/microchip/xc32/v4.30/bin/bin/../../lib/gcc/pic32c/8.3.1/../../../../pic32c/lib/thumb/v7e-m+fp/hard\libc-musl.a(memcmp.o)
 .debug_loc     0x0001ecbe       0xe5 c:/program files/microchip/xc32/v4.30/bin/bin/../../lib/gcc/pic32c/8.3.1/../../../../pic32c/lib/thumb/v7e-m+fp/hard\libc-musl.a(memcpy.o)
 .debug_loc     0x0001eda3       0x56 c:/program files/microchip/xc32/v4.30/bin/bin/../../lib/gcc/pic32c/8.3.1/../../../../pic32c/lib/thumb/v7e-m+fp/hard\libc-musl.a(memset.o)
 .debug_loc     0x0001edf9       0x47 c:/program files/microchip/xc32/v4.30/bin/bin/../../lib/gcc/pic32c/8.3.1/../../../../pic32c/lib/thumb/v7e-m+fp/hard\libc-musl.a(strlen.o)
 .debug_loc     0x0001ee40       0x8c c:/program files/microchip/xc32/v4.30/bin/bin/../../lib/gcc/pic32c/8.3.1/../../../../pic32c/lib/thumb/v7e-m+fp/hard\libc-musl.a(strchr.o)
 .debug_loc     0x0001eecc      0x11a c:/program files/microchip/xc32/v4.30/bin/bin/../../lib/gcc/pic32c/8.3.1/../../../../pic32c/lib/thumb/v7e-m+fp/hard\libc-musl.a(strchrnul.o)
 .debug_loc     0x0001efe6       0x96 c:/program files/microchip/xc32/v4.30/bin/bin/../../lib/gcc/pic32c/8.3.1/../../../../pic32c/lib/thumb/v7e-m+fp/hard\libc-musl.a(strcmp.o)
 .debug_loc     0x0001f07c       0x67 c:/program files/microchip/xc32/v4.30/bin/bin/../../lib/gcc/pic32c/8.3.1/../../../../pic32c/lib/thumb/v7e-m+fp/hard\libc-musl.a(strcpy.o)
 .debug_loc     0x0001f0e3      0x1b1 c:/program files/microchip/xc32/v4.30/bin/bin/../../lib/gcc/pic32c/8.3.1/../../../../pic32c/lib/thumb/v7e-m+fp/hard\libc-musl.a(strncmp.o)
 .debug_loc     0x0001f294       0x8c c:/program files/microchip/xc32/v4.30/bin/bin/../../lib/gcc/pic32c/8.3.1/../../../../pic32c/lib/thumb/v7e-m+fp/hard\libc-musl.a(strncpy.o)
 .debug_loc     0x0001f320       0x71 c:/program files/microchip/xc32/v4.30/bin/bin/../../lib/gcc/pic32c/8.3.1/../../../../pic32c/lib/thumb/v7e-m+fp/hard\libc-musl.a(strtok.o)
 .debug_loc     0x0001f391       0x88 c:/program files/microchip/xc32/v4.30/bin/bin/../../lib/gcc/pic32c/8.3.1/../../../../pic32c/lib/thumb/v7e-m+fp/hard\libc-musl.a(vfprintf.o)
 .debug_loc     0x0001f419       0x60 c:/program files/microchip/xc32/v4.30/bin/bin/../../lib/gcc/pic32c/8.3.1/../../../../pic32c/lib/thumb/v7e-m+fp/hard\libc-musl.a(stpcpy.o)
 .debug_loc     0x0001f479      0x15b c:/program files/microchip/xc32/v4.30/bin/bin/../../lib/gcc/pic32c/8.3.1/../../../../pic32c/lib/thumb/v7e-m+fp/hard\libc-musl.a(stpncpy.o)
 .debug_loc     0x0001f5d4      0x13d c:/program files/microchip/xc32/v4.30/bin/bin/../../lib/gcc/pic32c/8.3.1/../../../../pic32c/lib/thumb/v7e-m+fp/hard\libc-musl.a(strcspn.o)
 .debug_loc     0x0001f711      0x13f c:/program files/microchip/xc32/v4.30/bin/bin/../../lib/gcc/pic32c/8.3.1/../../../../pic32c/lib/thumb/v7e-m+fp/hard\libc-musl.a(strspn.o)
 .debug_loc     0x0001f850       0xa6 c:/program files/microchip/xc32/v4.30/bin/bin/../../lib/gcc/pic32c/8.3.1/../../../../pic32c/lib/thumb/v7e-m+fp/hard\libc-musl.a(__pop_float.o)
 .debug_loc     0x0001f8f6      0x2f5 c:/program files/microchip/xc32/v4.30/bin/bin/../../lib/gcc/pic32c/8.3.1/../../../../pic32c/lib/thumb/v7e-m+fp/hard\libc-musl.a(__pop_int.o)
 .debug_loc     0x0001fbeb      0x1db c:/program files/microchip/xc32/v4.30/bin/bin/../../lib/gcc/pic32c/8.3.1/../../../../pic32c/lib/thumb/v7e-m+fp/hard\libc-musl.a(__pop_ptr.o)
 .debug_loc     0x0001fdc6      0x5e9 c:/program files/microchip/xc32/v4.30/bin/bin/../../lib/gcc/pic32c/8.3.1/../../../../pic32c/lib/thumb/v7e-m+fp/hard\libc-musl.a(__printf_core.o)
 .debug_loc     0x000203af       0xd8 c:/program files/microchip/xc32/v4.30/bin/bin/../../lib/gcc/pic32c/8.3.1/../../../../pic32c/lib/thumb/v7e-m+fp/hard\libc-musl.a(atoi.o)
 .debug_loc     0x00020487       0x4a c:/program files/microchip/xc32/v4.30/bin/bin/../../lib/gcc/pic32c/8.3.1/../../../../pic32c/lib/thumb/v7e-m+fp/hard\libc-musl.a(tolower.o)
 .debug_loc     0x000204d1      0xb2d c:/program files/microchip/xc32/v4.30/bin/bin/../../lib/gcc/pic32c/8.3.1/../../../../pic32c/lib/thumb/v7e-m+fp/hard\libc-musl.a(__fmt_a.o)
 .debug_loc     0x00020ffe      0x1ef c:/program files/microchip/xc32/v4.30/bin/bin/../../lib/gcc/pic32c/8.3.1/../../../../pic32c/lib/thumb/v7e-m+fp/hard\libc-musl.a(__fmt_d.o)
 .debug_loc     0x000211ed      0xa5d c:/program files/microchip/xc32/v4.30/bin/bin/../../lib/gcc/pic32c/8.3.1/../../../../pic32c/lib/thumb/v7e-m+fp/hard\libc-musl.a(__fmt_fp.o)
 .debug_loc     0x00021c4a      0x10a c:/program files/microchip/xc32/v4.30/bin/bin/../../lib/gcc/pic32c/8.3.1/../../../../pic32c/lib/thumb/v7e-m+fp/hard\libc-musl.a(__fmt_o.o)
 .debug_loc     0x00021d54      0x157 c:/program files/microchip/xc32/v4.30/bin/bin/../../lib/gcc/pic32c/8.3.1/../../../../pic32c/lib/thumb/v7e-m+fp/hard\libc-musl.a(__fmt_s.o)
 .debug_loc     0x00021eab      0x10a c:/program files/microchip/xc32/v4.30/bin/bin/../../lib/gcc/pic32c/8.3.1/../../../../pic32c/lib/thumb/v7e-m+fp/hard\libc-musl.a(__fmt_u.o)
 .debug_loc     0x00021fb5      0x26d c:/program files/microchip/xc32/v4.30/bin/bin/../../lib/gcc/pic32c/8.3.1/../../../../pic32c/lib/thumb/v7e-m+fp/hard\libc-musl.a(__fmt_x.o)
 .debug_loc     0x00022222       0x4a c:/program files/microchip/xc32/v4.30/bin/bin/../../lib/gcc/pic32c/8.3.1/../../../../pic32c/lib/thumb/v7e-m+fp/hard\libc-musl.a(toupper.o)
 .debug_loc     0x0002226c      0x198 c:/program files/microchip/xc32/v4.30/bin/bin/../../lib/gcc/pic32c/8.3.1/../../../../pic32c/lib/thumb/v7e-m+fp/hard\libc-musl.a(__cvt_u.o)
 .debug_loc     0x00022404      0xe79 c:/program files/microchip/xc32/v4.30/bin/bin/../../lib/gcc/pic32c/8.3.1/thumb/v7e-m+fp/hard\libgcc.a(_udivmoddi4.o)
 .debug_loc     0x0002327d       0x14 c:/program files/microchip/xc32/v4.30/bin/bin/../../lib/gcc/pic32c/8.3.1/../../../../pic32c/lib/thumb/v7e-m+fp/hard\libpic32c.a(pic32_data_init_copy.o)

.debug_aranges  0x00000000     0x1ce0
 .debug_aranges
                0x00000000       0xe8 build/default/production/_ext/297566330/app_p2p_phy.o
 .debug_aranges
                0x000000e8      0x248 build/default/production/_ext/767817240/app_phy_cmd_processor.o
 .debug_aranges
                0x00000330       0x78 build/default/production/_ext/745501718/pal.o
 .debug_aranges
                0x000003a8       0x28 build/default/production/_ext/957911548/phy_task.o
 .debug_aranges
                0x000003d0       0x20 build/default/production/_ext/957911548/phy_ed_end_cb.o
 .debug_aranges
                0x000003f0       0x28 build/default/production/_ext/957911548/phy_rx_frame_cb.o
 .debug_aranges
                0x00000418       0x30 build/default/production/_ext/1374435801/bmm.o
 .debug_aranges
                0x00000448       0x48 build/default/production/_ext/874725666/qmm.o
 .debug_aranges
                0x00000490       0x80 build/default/production/_ext/1529399856/osal_freertos.o
 .debug_aranges
                0x00000510       0x58 build/default/production/_ext/1529399856/osal_freertos_extend.o
 .debug_aranges
                0x00000568       0x20 build/default/production/_ext/60165520/plib_clk.o
 .debug_aranges
                0x00000588       0x20 build/default/production/_ext/1986646378/plib_evsys.o
 .debug_aranges
                0x000005a8       0x60 build/default/production/_ext/1865254177/plib_gpio.o
 .debug_aranges
                0x00000608       0x38 build/default/production/_ext/1865468468/plib_nvic.o
 .debug_aranges
                0x00000640       0x88 build/default/production/_ext/60176403/plib_nvm.o
 .debug_aranges
                0x000006c8       0x80 build/default/production/_ext/1996599795/plib_power.o
 .debug_aranges
                0x00000748       0xe0 build/default/production/_ext/504274921/plib_sercom3_usart.o
 .debug_aranges
                0x00000828       0x78 build/default/production/_ext/829342655/plib_tc0.o
 .debug_aranges
                0x000008a0       0x28 build/default/production/_ext/1865643529/plib_trng.o
 .debug_aranges
                0x000008c8       0xf0 build/default/production/_ext/1376093119/sys_command.o
 .debug_aranges
                0x000009b8       0x88 build/default/production/_ext/1832805299/sys_console.o
 .debug_aranges
                0x00000a40       0x68 build/default/production/_ext/1832805299/sys_console_uart.o
 .debug_aranges
                0x00000aa8       0x40 build/default/production/_ext/1881668453/sys_int.o
 .debug_aranges
                0x00000ae8       0x20 build/default/production/_ext/1000052432/sys_reset.o
 .debug_aranges
                0x00000b08      0x120 build/default/production/_ext/101884895/sys_time.o
 .debug_aranges
                0x00000c28       0x40 build/default/production/_ext/1171490990/freertos_hooks.o
 .debug_aranges
                0x00000c68       0x20 build/default/production/_ext/1171490990/interrupts.o
 .debug_aranges