Archive member included to satisfy reference by file (symbol)

..\src\config\default\driver\device_support\pic32cx_bz2_device_support.a(info_block.o)
                              build/default/debug/_ext/745501718/pal.o (IB_GetAntennaGain)
..\src\config\default\driver\device_support\pic32cx_bz2_device_support.a(pmu_system.o)
                              build/default/debug/_ext/1360937237/app.o (PMU_Set_Mode)
..\src\config\default\driver\device_support\pic32cx_bz2_device_support.a(rf_system.o)
                              build/default/debug/_ext/1360937237/app_idle_task.o (RF_NeedCal)
..\src\config\default\driver\device_support\pic32cx_bz2_device_support.a(sleep_system.o)
                              build/default/debug/_ext/1360937237/device_deep_sleep.o (DEVICE_SLEEP_ConfigRetRam)
..\src\config\default\driver\device_support\pic32cx_bz2_device_support.a(info_block_plat.o)
                              ..\src\config\default\driver\device_support\pic32cx_bz2_device_support.a(info_block.o) (IB_PMU_REG_proc)
..\src\config\default\driver\device_support\pic32cx_bz2_device_support.a(pmu_dvr.o)
                              ..\src\config\default\driver\device_support\pic32cx_bz2_device_support.a(pmu_system.o) (PMU_Write_Reg)
..\src\config\default\driver\device_support\pic32cx_bz2_device_support.a(rf.o)
                              ..\src\config\default\driver\device_support\pic32cx_bz2_device_support.a(rf_system.o) (RF_Write_Reg)
..\src\config\default\driver\pds\pds.a(wlPdsDataServer.o)
                              build/default/debug/_ext/1360937237/app_idle_task.o (PDS_GetPendingItemsCount)
..\src\config\default\driver\pds\pds.a(wlPdsInit.o)
                              build/default/debug/_ext/1171490990/initialization.o (PDS_Init)
..\src\config\default\driver\pds\pds.a(D_Nv.o)
                              ..\src\config\default\driver\pds\pds.a(wlPdsInit.o) (D_Nv_Init)
..\src\config\default\driver\pds\pds.a(S_Nv-Chimera.o)
                              ..\src\config\default\driver\pds\pds.a(wlPdsInit.o) (S_Nv_Init)
..\src\config\default\driver\lib\lib-ieee802154_phy_pic32cxbz-v1.1.0.a(phy.o)
                              build/default/debug/_ext/957911548/phy_task.o (PHY_TaskHandler)
..\src\config\default\driver\lib\lib-ieee802154_phy_pic32cxbz-v1.1.0.a(phy_ed.o)
                              build/default/debug/_ext/297566330/app_p2p_phy.o (PHY_EdStart)
..\src\config\default\driver\lib\lib-ieee802154_phy_pic32cxbz-v1.1.0.a(phy_helper.o)
                              build/default/debug/_ext/767817240/app_phy_cmd_processor.o (PHY_ConfigRxSensitivity)
..\src\config\default\driver\lib\lib-ieee802154_phy_pic32cxbz-v1.1.0.a(phy_init.o)
                              build/default/debug/_ext/767817240/app_phy_cmd_processor.o (PHY_Init)
..\src\config\default\driver\lib\lib-ieee802154_phy_pic32cxbz-v1.1.0.a(phy_irq_handler.o)
                              ..\src\config\default\driver\lib\lib-ieee802154_phy_pic32cxbz-v1.1.0.a(phy_init.o) (trx_irq_init)
..\src\config\default\driver\lib\lib-ieee802154_phy_pic32cxbz-v1.1.0.a(phy_pib.o)
                              ..\src\config\default\driver\lib\lib-ieee802154_phy_pic32cxbz-v1.1.0.a(phy_helper.o) (tx_pwr_table_mpalpa)
..\src\config\default\driver\lib\lib-ieee802154_phy_pic32cxbz-v1.1.0.a(phy_pwr_mgmt.o)
                              build/default/debug/_ext/767817240/app_phy_cmd_processor.o (PHY_TrxSleep)
..\src\config\default\driver\lib\lib-ieee802154_phy_pic32cxbz-v1.1.0.a(phy_rx.o)
                              ..\src\config\default\driver\lib\lib-ieee802154_phy_pic32cxbz-v1.1.0.a(phy_irq_handler.o) (handle_received_frame_irq)
..\src\config\default\driver\lib\lib-ieee802154_phy_pic32cxbz-v1.1.0.a(phy_rx_enable.o)
                              build/default/debug/_ext/297566330/app_p2p_phy.o (PHY_RxEnable)
..\src\config\default\driver\lib\lib-ieee802154_phy_pic32cxbz-v1.1.0.a(phy_tx.o)
                              build/default/debug/_ext/297566330/app_p2p_phy.o (PHY_TxFrame)
..\src\config\default\driver\lib\lib-ieee802154_phy_pic32cxbz-v1.1.0.a(tfa.o)
                              build/default/debug/_ext/767817240/app_phy_cmd_processor.o (PHY_CCAPerform)
c:/program files/microchip/xc32/v4.30/bin/bin/../../lib/gcc/pic32c/8.3.1/../../../../pic32c/lib/thumb/v7e-m+fp/hard\libpic32c.a(data_init.o)
                              build/default/debug/_ext/1171490990/startup_xc32.o (__pic32c_data_initialization)
c:/program files/microchip/xc32/v4.30/bin/bin/../../lib/gcc/pic32c/8.3.1/../../../../pic32c/lib/thumb/v7e-m+fp/hard\libm-fast-emfloat.a(round.o)
                              ..\src\config\default\driver\device_support\pic32cx_bz2_device_support.a(rf_system.o) (round)
c:/program files/microchip/xc32/v4.30/bin/bin/../../lib/gcc/pic32c/8.3.1/../../../../pic32c/lib/thumb/v7e-m+fp/hard\libm-fast-emfloat.a(pow.o)
                              ..\src\config\default\driver\device_support\pic32cx_bz2_device_support.a(rf_system.o) (pow)
[...]
Memory Configuration

Name             Origin             Length             Attributes
boot_rom         0x00000000         0x00005e00         xrl
pds              0x01000000         0x00004000         xr
rom              0x01004000         0x000fc000         xrl
ram              0x20000000         0x00020000         xw !r
bkupram          0x44014000         0x00002000
config_00045F80  0x00045f80         0x00000004
config_00045E80  0x00045e80         0x00000004
config_00045F84  0x00045f84         0x00000004
config_00045F88  0x00045f88         0x00000004
config_00045E8C  0x00045e8c         0x00000004
config_00045E90  0x00045e90         0x00000004
config_00045E98  0x00045e98         0x00000004
config_00045E94  0x00045e94         0x00000004
config_00045F98  0x00045f98         0x00000004
config_00045E84  0x00045e84         0x00000004
config_00045E9C  0x00045e9c         0x00000004
config_00045EB0  0x00045eb0         0x00000004
config_00045F9C  0x00045f9c         0x00000004
config_00045FB0  0x00045fb0         0x00000004
config_00045E88  0x00045e88         0x00000004
config_00045EB4  0x00045eb4         0x00000004
config_00045FB8  0x00045fb8         0x00000004
config_00045FB4  0x00045fb4         0x00000004
config_00045FBC  0x00045fbc         0x00000004
config_00045F8C  0x00045f8c         0x00000004
config_00045EB8  0x00045eb8         0x00000004
config_00045F90  0x00045f90         0x00000004
config_00045EBC  0x00045ebc         0x00000004
config_00045F94  0x00045f94         0x00000004
*default*        0x00000000         0xffffffff

Linker script and memory map

LOAD c:/program files/microchip/xc32/v4.30/bin/bin/../../lib/gcc/pic32c/8.3.1/thumb/v7e-m+fp/hard/crti.o
LOAD c:/program files/microchip/xc32/v4.30/bin/bin/../../lib/gcc/pic32c/8.3.1/thumb/v7e-m+fp/hard/crtbegin.o
LOAD build/default/debug/_ext/297566330/app_p2p_phy.o
LOAD build/default/debug/_ext/767817240/app_phy_cmd_processor.o
LOAD build/default/debug/_ext/745501718/pal.o
LOAD build/default/debug/_ext/957911548/phy_task.o
LOAD build/default/debug/_ext/957911548/phy_ed_end_cb.o
LOAD build/default/debug/_ext/957911548/phy_tx_frame_done_cb.o
LOAD build/default/debug/_ext/957911548/phy_rx_frame_cb.o
LOAD build/default/debug/_ext/1374435801/bmm.o
LOAD build/default/debug/_ext/874725666/qmm.o
LOAD build/default/debug/_ext/1529399856/osal_freertos.o
LOAD build/default/debug/_ext/1529399856/osal_freertos_extend.o
LOAD build/default/debug/_ext/60165520/plib_clk.o
LOAD build/default/debug/_ext/1865131932/plib_cmcc.o
LOAD build/default/debug/_ext/1986646378/plib_evsys.o
LOAD build/default/debug/_ext/1865254177/plib_gpio.o
LOAD build/default/debug/_ext/1865468468/plib_nvic.o
LOAD build/default/debug/_ext/60176403/plib_nvm.o
LOAD build/default/debug/_ext/1996599795/plib_power.o
LOAD build/default/debug/_ext/504274921/plib_sercom3_usart.o
LOAD build/default/debug/_ext/829342655/plib_tc0.o
LOAD build/default/debug/_ext/1865643529/plib_trng.o
LOAD build/default/debug/_ext/163028504/xc32_monitor.o
LOAD build/default/debug/_ext/1014039709/sys_cache.o
LOAD build/default/debug/_ext/1376093119/sys_command.o
LOAD build/default/debug/_ext/1832805299/sys_console.o
LOAD build/default/debug/_ext/1832805299/sys_console_uart.o
LOAD build/default/debug/_ext/1881668453/sys_int.o
LOAD build/default/debug/_ext/1000052432/sys_reset.o
LOAD build/default/debug/_ext/101884895/sys_time.o
LOAD build/default/debug/_ext/1171490990/freertos_hooks.o
LOAD build/default/debug/_ext/1171490990/interrupts.o
LOAD build/default/debug/_ext/1171490990/initialization.o
LOAD build/default/debug/_ext/1171490990/startup_xc32.o
LOAD build/default/debug/_ext/1171490990/exceptions.o
LOAD build/default/debug/_ext/1171490990/libc_syscalls.o
LOAD build/default/debug/_ext/1171490990/tasks.o
LOAD build/default/debug/_ext/246609638/port.o
LOAD build/default/debug/_ext/1665200909/heap_4.o
LOAD build/default/debug/_ext/404212886/croutine.o
LOAD build/default/debug/_ext/404212886/timers.o
LOAD build/default/debug/_ext/404212886/list.o
LOAD build/default/debug/_ext/404212886/FreeRTOS_tasks.o
LOAD build/default/debug/_ext/404212886/queue.o
LOAD build/default/debug/_ext/404212886/event_groups.o
LOAD build/default/debug/_ext/404212886/stream_buffer.o
LOAD build/default/debug/_ext/1360937237/main.o
LOAD build/default/debug/_ext/1360937237/app.o
LOAD build/default/debug/_ext/1360937237/device_deep_sleep.o
LOAD build/default/debug/_ext/1360937237/app_idle_task.o
LOAD build/default/debug/_ext/1360937237/app_user_edits.o
LOAD ..\src\config\default\driver\device_support\pic32cx_bz2_device_support.a
LOAD ..\src\config\default\driver\pds\pds.a
LOAD ..\src\config\default\driver\lib\lib-ieee802154_phy_pic32cxbz-v1.1.0.a
                0x00000001                __MPLAB_BUILD = 0x1

.bkupram_data
 *(.bkupram_data .bkupram_data.*)

.bkupram_bss
 *(.bkupram_bss .bkupram_bss.*)
 *(.pbss .pbss.*)
                0x01100000                __rom_end = (ORIGIN (rom) + LENGTH (rom))
                0x20020000                __ram_end = (ORIGIN (ram) + LENGTH (ram))

.config_00045F80
 *(.config_00045F80)

.config_00045E80
 *(.config_00045E80)

.config_00045F84
 *(.config_00045F84)

.config_00045F88
 *(.config_00045F88)

.config_00045E8C
 *(.config_00045E8C)

.config_00045E90
 *(.config_00045E90)

.config_00045E98
 *(.config_00045E98)

.config_00045E94
 *(.config_00045E94)

.config_00045F98
 *(.config_00045F98)

.config_00045E84
 *(.config_00045E84)

.config_00045E9C
 *(.config_00045E9C)

.config_00045EB0
 *(.config_00045EB0)

.config_00045F9C
 *(.config_00045F9C)

.config_00045FB0
 *(.config_00045FB0)

.config_00045E88
 *(.config_00045E88)

.config_00045EB4
 *(.config_00045EB4)

.config_00045FB8
 *(.config_00045FB8)

.config_00045FB4
 *(.config_00045FB4)

.config_00045FBC
 *(.config_00045FBC)

.config_00045F8C
 *(.config_00045F8C)

.config_00045EB8
 *(.config_00045EB8)

.config_00045F90
 *(.config_00045F90)

.config_00045EBC
 *(.config_00045EBC)

.config_00045F94
 *(.config_00045F94)

.vectors        0x00000000       0xe0
                0x00000000                . = ALIGN (0x4)
                0x00000000                _sfixed = .
 *(.vectors .vectors.* .vectors_default .vectors_default.*)
 .vectors.exception_table
                0x00000000       0xe0 build/default/debug/_ext/1171490990/interrupts.o
                0x00000000                exception_table
 *(.isr_vector)
 *(.reset*)
 *(.after_vectors)

.dnvMem         0x01000000        0x0
                0x01000000                __d_nv_mem_start = .
                0x01004000                __d_nv_mem_end = (ORIGIN (pds) + LENGTH (pds))

.text           0x01004000       0x20
                0x01004000                PROVIDE (__pds_ff_start = .)
 *(.pds_ff .pds_ff.*)
                [!provide]                PROVIDE (__pds_ff_end = .)
                0x01004000                PROVIDE (__pds_fd_start = .)
 *(.pds_fd .pds_fd.*)
                [!provide]                PROVIDE (__pds_fd_end = .)
                0x01004000                . = ALIGN (0x4)
 *(.glue_7t)
 .glue_7t       0x01004000        0x0 linker stubs
 *(.glue_7)
 .glue_7        0x01004000        0x0 linker stubs
 *(.gnu.linkonce.r.*)
 *(.ARM.extab* .gnu.linkonce.armextab.*)
                0x01004000                . = ALIGN (0x4)
 *(.init)
 .init          0x01004000        0x4 c:/program files/microchip/xc32/v4.30/bin/bin/../../lib/gcc/pic32c/8.3.1/thumb/v7e-m+fp/hard/crti.o
                0x01004000                _init
 .init          0x01004004        0x8 c:/program files/microchip/xc32/v4.30/bin/bin/../../lib/gcc/pic32c/8.3.1/thumb/v7e-m+fp/hard/crtn.o
                0x0100400c                . = ALIGN (0x4)
                0x0100400c                __preinit_array_start = .
 *(.preinit_array)
                0x0100400c                __preinit_array_end = .
                0x0100400c                . = ALIGN (0x4)
                0x0100400c                __init_array_start = .
 *(SORT_BY_NAME(.init_array.*))
 *(.init_array)
 .init_array    0x0100400c        0x4 c:/program files/microchip/xc32/v4.30/bin/bin/../../lib/gcc/pic32c/8.3.1/thumb/v7e-m+fp/hard/crtbegin.o
                0x01004010                __init_array_end = .
                0x01004010                . = ALIGN (0x4)
 *crtbegin.o(.ctors)
 *(EXCLUDE_FILE(*crtend.o) .ctors)
 *(SORT_BY_NAME(.ctors.*))
 *crtend.o(.ctors)
                0x01004010                . = ALIGN (0x4)
 *(.fini)
 .fini          0x01004010        0x4 c:/program files/microchip/xc32/v4.30/bin/bin/../../lib/gcc/pic32c/8.3.1/thumb/v7e-m+fp/hard/crti.o
                0x01004010                _fini
 .fini          0x01004014        0x8 c:/program files/microchip/xc32/v4.30/bin/bin/../../lib/gcc/pic32c/8.3.1/thumb/v7e-m+fp/hard/crtn.o
                0x0100401c                . = ALIGN (0x4)
                0x0100401c                __fini_array_start = .
 *(.fini_array)
 .fini_array    0x0100401c        0x4 c:/program files/microchip/xc32/v4.30/bin/bin/../../lib/gcc/pic32c/8.3.1/thumb/v7e-m+fp/hard/crtbegin.o
 *(SORT_BY_NAME(.fini_array.*))
                0x01004020                __fini_array_end = .
 *crtbegin.o(.dtors)
 *(EXCLUDE_FILE(*crtend.o) .dtors)
 *(SORT_BY_NAME(.dtors.*))
 *crtend.o(.dtors)
                0x01004020                . = ALIGN (0x4)
                0x01004020                _efixed = .
                [!provide]                PROVIDE (__exidx_start = .)

.ARM.exidx      0x01004020        0x8
 *(.ARM.exidx* .gnu.linkonce.armexidx.*)
 .ARM.exidx     0x01004020        0x8 c:/program files/microchip/xc32/v4.30/bin/bin/../../lib/gcc/pic32c/8.3.1/thumb/v7e-m+fp/hard\libgcc.a(_udivmoddi4.o)
                [!provide]                PROVIDE (__exidx_end = .)
                0x01004028                . = ALIGN (0x4)
                0x01004028                _etext = .

.bss            0x20000000      0xb14
                0x20000000                . = ALIGN (0x4)
                0x20000000                __bss_start__ = .
                0x20000000                _sbss = .
                0x20000000                _szero = .
 *(COMMON)
 COMMON         0x20000000      0xa78 build/default/debug/_ext/297566330/app_p2p_phy.o
                0x20000000                dataModeTimerStartFlag
                0x20000008                appNwkParam
                0x20000078                deviceTable
 COMMON         0x20000a78       0x23 build/default/debug/_ext/767817240/app_phy_cmd_processor.o
                0x20000a78                sysTimerFlag
                0x20000a94                modeSwitchFlag
 *fill*         0x20000a9b        0x1 
 COMMON         0x20000a9c       0x50 build/default/debug/_ext/1171490990/initialization.o
                0x20000a9c                semPhyInternalHandler
                0x20000aa0                sysObj
                0x20000aa8                osalAPIList
 COMMON         0x20000aec        0xc build/default/debug/_ext/1171490990/tasks.o
                0x20000aec                xPHY_Tasks
                0x20000af0                xAPP_Tasks
                0x20000af4                xSYS_CMD_Tasks
 COMMON         0x20000af8        0x8 build/default/debug/_ext/1360937237/app.o
                0x20000af8                appData
 COMMON         0x20000b00       0x11 ..\src\config\default\driver\device_support\pic32cx_bz2_device_support.a(rf_system.o)
                0x20000b00                g_validFactoryCalTemp
                0x20000b02                g_lastTemperatureDegreeC
                0x20000b04                g_vrefComp
                0x20000b08                g_lastCalTime
                0x20000b0c                g_currentTime
                0x20000b10                g_needCal
                0x20000b14                . = ALIGN (0x4)
 *fill*         0x20000b11        0x3 
                0x20000b14                __bss_end__ = .
                0x20000b14                _ebss = .
                0x20000b14                _ezero = .
                0x20000b14                . = ALIGN (0x4)
                0x20000b14                _end = .
                0x2001ffff                _ram_end_ = ((ORIGIN (ram) + LENGTH (ram)) - 0x1)
                0x00000001                __ICD2RAM = 0x1
                0x00000001                __MPLAB_DEBUG = 0x1
                0x00000001                __DEBUG = 0x1
                0x00000001                __MPLAB_DEBUGGER_ICD4 = 0x1
                0x00000400                _min_heap_size = 0x400
START GROUP
LOAD c:/program files/microchip/xc32/v4.30/bin/bin/../../lib/gcc/pic32c/8.3.1/../../../../pic32c/lib/thumb/v7e-m+fp/hard\libpic32c.a
LOAD c:/program files/microchip/xc32/v4.30/bin/bin/../../lib/gcc/pic32c/8.3.1/../../../../pic32c/lib/thumb/v7e-m+fp/hard\libm-fast-emfloat.a
LOAD c:/program files/microchip/xc32/v4.30/bin/bin/../../lib/gcc/pic32c/8.3.1/../../../../pic32c/lib/thumb/v7e-m+fp/hard\libg-musl.a
LOAD c:/program files/microchip/xc32/v4.30/bin/bin/../../lib/gcc/pic32c/8.3.1/../../../../pic32c/lib/thumb/v7e-m+fp/hard\libc-musl.a
LOAD c:/program files/microchip/xc32/v4.30/bin/bin/../../lib/gcc/pic32c/8.3.1/../../../../pic32c/lib/thumb/v7e-m+fp/hard\libm-fast-emfloat.a
LOAD c:/program files/microchip/xc32/v4.30/bin/bin/../../lib/gcc/pic32c/8.3.1/thumb/v7e-m+fp/hard\libgcc.a
END GROUP
LOAD c:/program files/microchip/xc32/v4.30/bin/bin/../../lib/gcc/pic32c/8.3.1/thumb/v7e-m+fp/hard/crtend.o
LOAD c:/program files/microchip/xc32/v4.30/bin/bin/../../lib/gcc/pic32c/8.3.1/thumb/v7e-m+fp/hard/crtn.o
OUTPUT(dist/default/debug/WBZ451_Sleep_Test.X.debug.elf elf32-littlearm)
LOAD data_init
LOAD stack

.ARM.attributes
                0x00000000       0x32
 .ARM.attributes
                0x00000000       0x1e c:/program files/microchip/xc32/v4.30/bin/bin/../../lib/gcc/pic32c/8.3.1/thumb/v7e-m+fp/hard/crti.o
 .ARM.attributes
                0x0000001e       0x34 c:/program files/microchip/xc32/v4.30/bin/bin/../../lib/gcc/pic32c/8.3.1/thumb/v7e-m+fp/hard/crtbegin.o
 .ARM.attributes
                0x00000052       0x34 build/default/debug/_ext/297566330/app_p2p_phy.o
 .ARM.attributes
                0x00000086       0x34 build/default/debug/_ext/767817240/app_phy_cmd_processor.o
 .ARM.attributes
                0x000000ba       0x34 build/default/debug/_ext/745501718/pal.o
 .ARM.attributes
                0x000000ee       0x34 build/default/debug/_ext/957911548/phy_task.o
 .ARM.attributes
                0x00000122       0x34 build/default/debug/_ext/957911548/phy_ed_end_cb.o
 .ARM.attributes
                0x00000156       0x34 build/default/debug/_ext/957911548/phy_rx_frame_cb.o
 .ARM.attributes
                0x0000018a       0x34 build/default/debug/_ext/1374435801/bmm.o
 .ARM.attributes
                0x000001be       0x34 build/default/debug/_ext/874725666/qmm.o
 .ARM.attributes
                0x000001f2       0x34 build/default/debug/_ext/1529399856/osal_freertos.o
 .ARM.attributes
                0x00000226       0x34 build/default/debug/_ext/1529399856/osal_freertos_extend.o
 .ARM.attributes
                0x0000025a       0x34 build/default/debug/_ext/60165520/plib_clk.o
 .ARM.attributes
                0x0000028e       0x34 build/default/debug/_ext/1986646378/plib_evsys.o
 .ARM.attributes
                0x000002c2       0x34 build/default/debug/_ext/1865254177/plib_gpio.o
 .ARM.attributes
                0x000002f6       0x34 build/default/debug/_ext/1865468468/plib_nvic.o
 .ARM.attributes
                0x0000032a       0x34 build/default/debug/_ext/60176403/plib_nvm.o
 .ARM.attributes
                0x0000035e       0x34 build/default/debug/_ext/1996599795/plib_power.o
 .ARM.attributes
                0x00000392       0x34 build/default/debug/_ext/504274921/plib_sercom3_usart.o
 .ARM.attributes
                0x000003c6       0x34 build/default/debug/_ext/829342655/plib_tc0.o
 .ARM.attributes
                0x000003fa       0x34 build/default/debug/_ext/1865643529/plib_trng.o
 .ARM.attributes
                0x0000042e       0x34 build/default/debug/_ext/1376093119/sys_command.o
 .ARM.attributes
                0x00000462       0x34 build/default/debug/_ext/1832805299/sys_console.o
 .ARM.attributes
                0x00000496       0x34 build/default/debug/_ext/1832805299/sys_console_uart.o
 .ARM.attributes
                0x000004ca       0x34 build/default/debug/_ext/1881668453/sys_int.o
 .ARM.attributes
                0x000004fe       0x34 build/default/debug/_ext/1000052432/sys_reset.o
 .ARM.attributes
                0x00000532       0x34 build/default/debug/_ext/101884895/sys_time.o
 .ARM.attributes
                0x00000566       0x34 build/default/debug/_ext/1171490990/freertos_hooks.o
 .ARM.attributes
                0x0000059a       0x34 build/default/debug/_ext/1171490990/interrupts.o
 .ARM.attributes
                0x000005ce       0x34 build/default/debug/_ext/1171490990/initialization.o
 .ARM.attributes
                0x00000602       0x34 build/default/debug/_ext/1171490990/startup_xc32.o
 .ARM.attributes
                0x00000636       0x34 build/default/debug/_ext/1171490990/exceptions.o
 .ARM.attributes
                0x0000066a       0x34 build/default/debug/_ext/1171490990/tasks.o
 .ARM.attributes
                0x0000069e       0x34 build/default/debug/_ext/246609638/port.o
 .ARM.attributes
                0x000006d2       0x34 build/default/debug/_ext/1665200909/heap_4.o
 .ARM.attributes
                0x00000706       0x34 build/default/debug/_ext/404212886/list.o
 .ARM.attributes
                0x0000073a       0x34 build/default/debug/_ext/404212886/FreeRTOS_tasks.o
 .ARM.attributes
                0x0000076e       0x34 build/default/debug/_ext/404212886/queue.o
 .ARM.attributes
                0x000007a2       0x34 build/default/debug/_ext/1360937237/main.o
 .ARM.attributes
                0x000007d6       0x34 build/default/debug/_ext/1360937237/app.o
 .ARM.attributes
                0x0000080a       0x34 build/default/debug/_ext/1360937237/device_deep_sleep.o
 .ARM.attributes
                0x0000083e       0x34 build/default/debug/_ext/1360937237/app_idle_task.o
 .ARM.attributes
                0x00000872       0x34 ..\src\config\default\driver\device_support\pic32cx_bz2_device_support.a(info_block.o)
 .ARM.attributes
                0x000008a6       0x34 ..\src\config\default\driver\device_support\pic32cx_bz2_device_support.a(pmu_system.o)
 .ARM.attributes
                0x000008da       0x34 ..\src\config\default\driver\device_support\pic32cx_bz2_device_support.a(rf_system.o)
 .ARM.attributes
                0x0000090e       0x34 ..\src\config\default\driver\device_support\pic32cx_bz2_device_support.a(sleep_system.o)
 .ARM.attributes
                0x00000942       0x34 ..\src\config\default\driver\device_support\pic32cx_bz2_device_support.a(info_block_plat.o)
 .ARM.attributes
                0x00000976       0x34 ..\src\config\default\driver\device_support\pic32cx_bz2_device_support.a(pmu_dvr.o)
 .ARM.attributes
                0x000009aa       0x34 ..\src\config\default\driver\device_support\pic32cx_bz2_device_support.a(rf.o)
 .ARM.attributes
                0x000009de       0x34 ..\src\config\default\driver\pds\pds.a(wlPdsDataServer.o)
 .ARM.attributes
                0x00000a12       0x34 ..\src\config\default\driver\pds\pds.a(wlPdsInit.o)
 .ARM.attributes
                0x00000a46       0x34 ..\src\config\default\driver\pds\pds.a(D_Nv.o)
 .ARM.attributes
                0x00000a7a       0x34 ..\src\config\default\driver\pds\pds.a(S_Nv-Chimera.o)
 .ARM.attributes
                0x00000aae       0x34 ..\src\config\default\driver\lib\lib-ieee802154_phy_pic32cxbz-v1.1.0.a(phy.o)
 .ARM.attributes
                0x00000ae2       0x34 ..\src\config\default\driver\lib\lib-ieee802154_phy_pic32cxbz-v1.1.0.a(phy_ed.o)
 .ARM.attributes
                0x00000b16       0x34 ..\src\config\default\driver\lib\lib-ieee802154_phy_pic32cxbz-v1.1.0.a(phy_helper.o)
 .ARM.attributes
                0x00000b4a       0x34 ..\src\config\default\driver\lib\lib-ieee802154_phy_pic32cxbz-v1.1.0.a(phy_init.o)
 .ARM.attributes
                0x00000b7e       0x34 ..\src\config\default\driver\lib\lib-ieee802154_phy_pic32cxbz-v1.1.0.a(phy_irq_handler.o)
 .ARM.attributes
                0x00000bb2       0x34 ..\src\config\default\driver\lib\lib-ieee802154_phy_pic32cxbz-v1.1.0.a(phy_pib.o)
 .ARM.attributes
                0x00000be6       0x34 ..\src\config\default\driver\lib\lib-ieee802154_phy_pic32cxbz-v1.1.0.a(phy_pwr_mgmt.o)
 .ARM.attributes
                0x00000c1a       0x34 ..\src\config\default\driver\lib\lib-ieee802154_phy_pic32cxbz-v1.1.0.a(phy_rx.o)
 .ARM.attributes
                0x00000c4e       0x34 ..\src\config\default\driver\lib\lib-ieee802154_phy_pic32cxbz-v1.1.0.a(phy_rx_enable.o)
 .ARM.attributes
                0x00000c82       0x34 ..\src\config\default\driver\lib\lib-ieee802154_phy_pic32cxbz-v1.1.0.a(phy_tx.o)
 .ARM.attributes
                0x00000cb6       0x34 ..\src\config\default\driver\lib\lib-ieee802154_phy_pic32cxbz-v1.1.0.a(tfa.o)
 .ARM.attributes
                0x00000cea       0x34 c:/program files/microchip/xc32/v4.30/bin/bin/../../lib/gcc/pic32c/8.3.1/../../../../pic32c/lib/thumb/v7e-m+fp/hard\libpic32c.a(data_init.o)
 .ARM.attributes
                0x00000d1e       0x34 c:/program files/microchip/xc32/v4.30/bin/bin/../../lib/gcc/pic32c/8.3.1/../../../../pic32c/lib/thumb/v7e-m+fp/hard\libm-fast-emfloat.a(round.o)
 .ARM.attributes
                0x00000d52       0x34 c:/program files/microchip/xc32/v4.30/bin/bin/../../lib/gcc/pic32c/8.3.1/../../../../pic32c/lib/thumb/v7e-m+fp/hard\libm-fast-emfloat.a(pow.o)
 .ARM.attributes
                0x00000d86       0x20 c:/program files/microchip/xc32/v4.30/bin/bin/../../lib/gcc/pic32c/8.3.1/../../../../pic32c/lib/thumb/v7e-m+fp/hard\libm-fast-emfloat.a(__aeabi_dadd.o)
 .ARM.attributes
                0x00000da6       0x20 c:/program files/microchip/xc32/v4.30/bin/bin/../../lib/gcc/pic32c/8.3.1/../../../../pic32c/lib/thumb/v7e-m+fp/hard\libm-fast-emfloat.a(__aeabi_dsub.o)
 .ARM.attributes
                0x00000dc6       0x20 c:/program files/microchip/xc32/v4.30/bin/bin/../../lib/gcc/pic32c/8.3.1/../../../../pic32c/lib/thumb/v7e-m+fp/hard\libm-fast-emfloat.a(__aeabi_dmul.o)
 .ARM.attributes
                0x00000de6       0x20 c:/program files/microchip/xc32/v4.30/bin/bin/../../lib/gcc/pic32c/8.3.1/../../../../pic32c/lib/thumb/v7e-m+fp/hard\libm-fast-emfloat.a(__aeabi_ddiv.o)
 .ARM.attributes
                0x00000e06       0x20 c:/program files/microchip/xc32/v4.30/bin/bin/../../lib/gcc/pic32c/8.3.1/../../../../pic32c/lib/thumb/v7e-m+fp/hard\libm-fast-emfloat.a(__aeabi_dcmpeq.o)
 .ARM.attributes
                0x00000e26       0x20 c:/program files/microchip/xc32/v4.30/bin/bin/../../lib/gcc/pic32c/8.3.1/../../../../pic32c/lib/thumb/v7e-m+fp/hard\libm-fast-emfloat.a(__aeabi_dcmplt.o)
 .ARM.attributes
                0x00000e46       0x20 c:/program files/microchip/xc32/v4.30/bin/bin/../../lib/gcc/pic32c/8.3.1/../../../../pic32c/lib/thumb/v7e-m+fp/hard\libm-fast-emfloat.a(__aeabi_d2iz.o)
 .ARM.attributes
                0x00000e66       0x20 c:/program files/microchip/xc32/v4.30/bin/bin/../../lib/gcc/pic32c/8.3.1/../../../../pic32c/lib/thumb/v7e-m+fp/hard\libm-fast-emfloat.a(__aeabi_d2uiz.o)
 .ARM.attributes
                0x00000e86       0x20 c:/program files/microchip/xc32/v4.30/bin/bin/../../lib/gcc/pic32c/8.3.1/../../../../pic32c/lib/thumb/v7e-m+fp/hard\libm-fast-emfloat.a(__aeabi_i2d.o)
 .ARM.attributes
                0x00000ea6       0x20 c:/program files/microchip/xc32/v4.30/bin/bin/../../lib/gcc/pic32c/8.3.1/../../../../pic32c/lib/thumb/v7e-m+fp/hard\libm-fast-emfloat.a(__aeabi_ul2d.o)
 .ARM.attributes
                0x00000ec6       0x20 c:/program files/microchip/xc32/v4.30/bin/bin/../../lib/gcc/pic32c/8.3.1/../../../../pic32c/lib/thumb/v7e-m+fp/hard\libm-fast-emfloat.a(__aeabi_f2d.o)
 .ARM.attributes
                0x00000ee6       0x20 c:/program files/microchip/xc32/v4.30/bin/bin/../../lib/gcc/pic32c/8.3.1/../../../../pic32c/lib/thumb/v7e-m+fp/hard\libm-fast-emfloat.a(__aeabi_d2f.o)
 .ARM.attributes
                0x00000f06       0x34 c:/program files/microchip/xc32/v4.30/bin/bin/../../lib/gcc/pic32c/8.3.1/../../../../pic32c/lib/thumb/v7e-m+fp/hard\libm-fast-emfloat.a(log.o)
 .ARM.attributes
                0x00000f3a       0x34 c:/program files/microchip/xc32/v4.30/bin/bin/../../lib/gcc/pic32c/8.3.1/../../../../pic32c/lib/thumb/v7e-m+fp/hard\libm-fast-emfloat.a(exp.o)
 .ARM.attributes
                0x00000f6e       0x34 c:/program files/microchip/xc32/v4.30/bin/bin/../../lib/gcc/pic32c/8.3.1/../../../../pic32c/lib/thumb/v7e-m+fp/hard\libm-fast-emfloat.a(__SEGGER_RTL_float64_Log.o)
 .ARM.attributes
                0x00000fa2       0x34 c:/program files/microchip/xc32/v4.30/bin/bin/../../lib/gcc/pic32c/8.3.1/../../../../pic32c/lib/thumb/v7e-m+fp/hard\libm-fast-emfloat.a(__SEGGER_RTL_float64_PolyEvalP.o)
 .ARM.attributes
                0x00000fd6       0x34 c:/program files/microchip/xc32/v4.30/bin/bin/../../lib/gcc/pic32c/8.3.1/../../../../pic32c/lib/thumb/v7e-m+fp/hard\libm-fast-emfloat.a(__SEGGER_RTL_float64_PolyEvalQ.o)
 .ARM.attributes
                0x0000100a       0x34 c:/program files/microchip/xc32/v4.30/bin/bin/../../lib/gcc/pic32c/8.3.1/../../../../pic32c/lib/thumb/v7e-m+fp/hard\libm-fast-emfloat.a(ldexp.o)
 .ARM.attributes
                0x0000103e       0x34 c:/program files/microchip/xc32/v4.30/bin/bin/../../lib/gcc/pic32c/8.3.1/../../../../pic32c/lib/thumb/v7e-m+fp/hard\libm-fast-emfloat.a(frexp.o)
 .ARM.attributes
                0x00001072       0x36 c:/program files/microchip/xc32/v4.30/bin/bin/../../lib/gcc/pic32c/8.3.1/../../../../pic32c/lib/thumb/v7e-m+fp/hard\libg-musl.a(__libc_start_main.o)
 .ARM.attributes
                0x000010a8       0x34 c:/program files/microchip/xc32/v4.30/bin/bin/../../lib/gcc/pic32c/8.3.1/../../../../pic32c/lib/thumb/v7e-m+fp/hard\libg-musl.a(__errno_location.o)
 .ARM.attributes
                0x000010dc       0x34 c:/program files/microchip/xc32/v4.30/bin/bin/../../lib/gcc/pic32c/8.3.1/../../../../pic32c/lib/thumb/v7e-m+fp/hard\libg-musl.a(libc.o)
 .ARM.attributes
                0x00001110       0x36 c:/program files/microchip/xc32/v4.30/bin/bin/../../lib/gcc/pic32c/8.3.1/../../../../pic32c/lib/thumb/v7e-m+fp/hard\libg-musl.a(malloc.o)
 .ARM.attributes
                0x00001146       0x36 c:/program files/microchip/xc32/v4.30/bin/bin/../../lib/gcc/pic32c/8.3.1/../../../../pic32c/lib/thumb/v7e-m+fp/hard\libg-musl.a(rand.o)
 .ARM.attributes
                0x0000117c       0x36 c:/program files/microchip/xc32/v4.30/bin/bin/../../lib/gcc/pic32c/8.3.1/../../../../pic32c/lib/thumb/v7e-m+fp/hard\libg-musl.a(vsnprintf.o)
 .ARM.attributes
                0x000011b2       0x36 c:/program files/microchip/xc32/v4.30/bin/bin/../../lib/gcc/pic32c/8.3.1/../../../../pic32c/lib/thumb/v7e-m+fp/hard\libg-musl.a(sprintf.o)
 .ARM.attributes
                0x000011e8       0x36 c:/program files/microchip/xc32/v4.30/bin/bin/../../lib/gcc/pic32c/8.3.1/../../../../pic32c/lib/thumb/v7e-m+fp/hard\libg-musl.a(vsprintf.o)
 .ARM.attributes
                0x0000121e       0x36 c:/program files/microchip/xc32/v4.30/bin/bin/../../lib/gcc/pic32c/8.3.1/../../../../pic32c/lib/thumb/v7e-m+fp/hard\libg-musl.a(strtol.o)
 .ARM.attributes
                0x00001254       0x36 c:/program files/microchip/xc32/v4.30/bin/bin/../../lib/gcc/pic32c/8.3.1/../../../../pic32c/lib/thumb/v7e-m+fp/hard\libg-musl.a(memcmp.o)
 .ARM.attributes
                0x0000128a       0x36 c:/program files/microchip/xc32/v4.30/bin/bin/../../lib/gcc/pic32c/8.3.1/../../../../pic32c/lib/thumb/v7e-m+fp/hard\libg-musl.a(memcpy.o)
 .ARM.attributes
                0x000012c0       0x36 c:/program files/microchip/xc32/v4.30/bin/bin/../../lib/gcc/pic32c/8.3.1/../../../../pic32c/lib/thumb/v7e-m+fp/hard\libg-musl.a(memset.o)
 .ARM.attributes
                0x000012f6       0x36 c:/program files/microchip/xc32/v4.30/bin/bin/../../lib/gcc/pic32c/8.3.1/../../../../pic32c/lib/thumb/v7e-m+fp/hard\libg-musl.a(strlen.o)
 .ARM.attributes
                0x0000132c       0x36 c:/program files/microchip/xc32/v4.30/bin/bin/../../lib/gcc/pic32c/8.3.1/../../../../pic32c/lib/thumb/v7e-m+fp/hard\libg-musl.a(strchr.o)
 .ARM.attributes
                0x00001362       0x36 c:/program files/microchip/xc32/v4.30/bin/bin/../../lib/gcc/pic32c/8.3.1/../../../../pic32c/lib/thumb/v7e-m+fp/hard\libg-musl.a(strchrnul.o)
 .ARM.attributes
                0x00001398       0x36 c:/program files/microchip/xc32/v4.30/bin/bin/../../lib/gcc/pic32c/8.3.1/../../../../pic32c/lib/thumb/v7e-m+fp/hard\libg-musl.a(strcmp.o)
 .ARM.attributes
                0x000013ce       0x36 c:/program files/microchip/xc32/v4.30/bin/bin/../../lib/gcc/pic32c/8.3.1/../../../../pic32c/lib/thumb/v7e-m+fp/hard\libg-musl.a(strcpy.o)
 .ARM.attributes
                0x00001404       0x36 c:/program files/microchip/xc32/v4.30/bin/bin/../../lib/gcc/pic32c/8.3.1/../../../../pic32c/lib/thumb/v7e-m+fp/hard\libg-musl.a(strncmp.o)
 .ARM.attributes
                0x0000143a       0x36 c:/program files/microchip/xc32/v4.30/bin/bin/../../lib/gcc/pic32c/8.3.1/../../../../pic32c/lib/thumb/v7e-m+fp/hard\libg-musl.a(strncpy.o)
 .ARM.attributes
                0x00001470       0x36 c:/program files/microchip/xc32/v4.30/bin/bin/../../lib/gcc/pic32c/8.3.1/../../../../pic32c/lib/thumb/v7e-m+fp/hard\libg-musl.a(strtok.o)
 .ARM.attributes
                0x000014a6       0x34 c:/program files/microchip/xc32/v4.30/bin/bin/../../lib/gcc/pic32c/8.3.1/../../../../pic32c/lib/thumb/v7e-m+fp/hard\libg-musl.a(__environ.o)
 .ARM.attributes
                0x000014da       0x36 c:/program files/microchip/xc32/v4.30/bin/bin/../../lib/gcc/pic32c/8.3.1/../../../../pic32c/lib/thumb/v7e-m+fp/hard\libg-musl.a(intscan.o)
 .ARM.attributes
                0x00001510       0x36 c:/program files/microchip/xc32/v4.30/bin/bin/../../lib/gcc/pic32c/8.3.1/../../../../pic32c/lib/thumb/v7e-m+fp/hard\libg-musl.a(shgetc.o)
 .ARM.attributes
                0x00001546       0x36 c:/program files/microchip/xc32/v4.30/bin/bin/../../lib/gcc/pic32c/8.3.1/../../../../pic32c/lib/thumb/v7e-m+fp/hard\libg-musl.a(__uflow.o)
 .ARM.attributes
                0x0000157c       0x36 c:/program files/microchip/xc32/v4.30/bin/bin/../../lib/gcc/pic32c/8.3.1/../../../../pic32c/lib/thumb/v7e-m+fp/hard\libg-musl.a(vfprintf.o)
 .ARM.attributes
                0x000015b2       0x36 c:/program files/microchip/xc32/v4.30/bin/bin/../../lib/gcc/pic32c/8.3.1/../../../../pic32c/lib/thumb/v7e-m+fp/hard\libg-musl.a(stpcpy.o)
 .ARM.attributes
                0x000015e8       0x36 c:/program files/microchip/xc32/v4.30/bin/bin/../../lib/gcc/pic32c/8.3.1/../../../../pic32c/lib/thumb/v7e-m+fp/hard\libg-musl.a(stpncpy.o)
 .ARM.attributes
                0x0000161e       0x36 c:/program files/microchip/xc32/v4.30/bin/bin/../../lib/gcc/pic32c/8.3.1/../../../../pic32c/lib/thumb/v7e-m+fp/hard\libg-musl.a(strcspn.o)
 .ARM.attributes
                0x00001654       0x36 c:/program files/microchip/xc32/v4.30/bin/bin/../../lib/gcc/pic32c/8.3.1/../../../../pic32c/lib/thumb/v7e-m+fp/hard\libg-musl.a(strspn.o)
 .ARM.attributes
                0x0000168a       0x36 c:/program files/microchip/xc32/v4.30/bin/bin/../../lib/gcc/pic32c/8.3.1/../../../../pic32c/lib/thumb/v7e-m+fp/hard\libg-musl.a(__toread.o)
 .ARM.attributes
                0x000016c0       0x36 c:/program files/microchip/xc32/v4.30/bin/bin/../../lib/gcc/pic32c/8.3.1/../../../../pic32c/lib/thumb/v7e-m+fp/hard\libg-musl.a(__pop_float.o)
 .ARM.attributes
                0x000016f6       0x36 c:/program files/microchip/xc32/v4.30/bin/bin/../../lib/gcc/pic32c/8.3.1/../../../../pic32c/lib/thumb/v7e-m+fp/hard\libg-musl.a(__pop_int.o)
 .ARM.attributes
                0x0000172c       0x36 c:/program files/microchip/xc32/v4.30/bin/bin/../../lib/gcc/pic32c/8.3.1/../../../../pic32c/lib/thumb/v7e-m+fp/hard\libg-musl.a(__pop_ptr.o)
 .ARM.attributes
                0x00001762       0x36 c:/program files/microchip/xc32/v4.30/bin/bin/../../lib/gcc/pic32c/8.3.1/../../../../pic32c/lib/thumb/v7e-m+fp/hard\libg-musl.a(__printf_core.o)
 .ARM.attributes
                0x00001798       0x36 c:/program files/microchip/xc32/v4.30/bin/bin/../../lib/gcc/pic32c/8.3.1/../../../../pic32c/lib/thumb/v7e-m+fp/hard\libg-musl.a(atoi.o)
 .ARM.attributes
                0x000017ce       0x36 c:/program files/microchip/xc32/v4.30/bin/bin/../../lib/gcc/pic32c/8.3.1/../../../../pic32c/lib/thumb/v7e-m+fp/hard\libg-musl.a(tolower.o)
 .ARM.attributes
                0x00001804       0x36 c:/program files/microchip/xc32/v4.30/bin/bin/../../lib/gcc/pic32c/8.3.1/../../../../pic32c/lib/thumb/v7e-m+fp/hard\libg-musl.a(__fmt_a.o)
 .ARM.attributes
                0x0000183a       0x36 c:/program files/microchip/xc32/v4.30/bin/bin/../../lib/gcc/pic32c/8.3.1/../../../../pic32c/lib/thumb/v7e-m+fp/hard\libg-musl.a(__fmt_d.o)
 .ARM.attributes
                0x00001870       0x36 c:/program files/microchip/xc32/v4.30/bin/bin/../../lib/gcc/pic32c/8.3.1/../../../../pic32c/lib/thumb/v7e-m+fp/hard\libg-musl.a(__fmt_fp.o)
 .ARM.attributes
                0x000018a6       0x36 c:/program files/microchip/xc32/v4.30/bin/bin/../../lib/gcc/pic32c/8.3.1/../../../../pic32c/lib/thumb/v7e-m+fp/hard\libg-musl.a(__fmt_o.o)
 .ARM.attributes
                0x000018dc       0x36 c:/program files/microchip/xc32/v4.30/bin/bin/../../lib/gcc/pic32c/8.3.1/../../../../pic32c/lib/thumb/v7e-m+fp/hard\libg-musl.a(__fmt_s.o)
 .ARM.attributes
                0x00001912       0x36 c:/program files/microchip/xc32/v4.30/bin/bin/../../lib/gcc/pic32c/8.3.1/../../../../pic32c/lib/thumb/v7e-m+fp/hard\libg-musl.a(__fmt_u.o)
 .ARM.attributes
                0x00001948       0x36 c:/program files/microchip/xc32/v4.30/bin/bin/../../lib/gcc/pic32c/8.3.1/../../../../pic32c/lib/thumb/v7e-m+fp/hard\libg-musl.a(__fmt_x.o)
 .ARM.attributes
                0x0000197e       0x36 c:/program files/microchip/xc32/v4.30/bin/bin/../../lib/gcc/pic32c/8.3.1/../../../../pic32c/lib/thumb/v7e-m+fp/hard\libg-musl.a(toupper.o)
 .ARM.attributes
                0x000019b4       0x36 c:/program files/microchip/xc32/v4.30/bin/bin/../../lib/gcc/pic32c/8.3.1/../../../../pic32c/lib/thumb/v7e-m+fp/hard\libg-musl.a(__cvt_u.o)
 .ARM.attributes
                0x000019ea       0x34 c:/program files/microchip/xc32/v4.30/bin/bin/../../lib/gcc/pic32c/8.3.1/../../../../pic32c/lib/thumb/v7e-m+fp/hard\libm-fast-emfloat.a(fma.o)
 .ARM.attributes
                0x00001a1e       0x34 c:/program files/microchip/xc32/v4.30/bin/bin/../../lib/gcc/pic32c/8.3.1/../../../../pic32c/lib/thumb/v7e-m+fp/hard\libm-fast-emfloat.a(floor.o)
 .ARM.attributes
                0x00001a52       0x20 c:/program files/microchip/xc32/v4.30/bin/bin/../../lib/gcc/pic32c/8.3.1/../../../../pic32c/lib/thumb/v7e-m+fp/hard\libm-fast-emfloat.a(__aeabi_dcmple.o)
 .ARM.attributes
                0x00001a72       0x20 c:/program files/microchip/xc32/v4.30/bin/bin/../../lib/gcc/pic32c/8.3.1/../../../../pic32c/lib/thumb/v7e-m+fp/hard\libm-fast-emfloat.a(__aeabi_dcmpgt.o)
 .ARM.attributes
                0x00001a92       0x1e c:/program files/microchip/xc32/v4.30/bin/bin/../../lib/gcc/pic32c/8.3.1/thumb/v7e-m+fp/hard\libgcc.a(_aeabi_uldivmod.o)
 .ARM.attributes
                0x00001ab0       0x34 c:/program files/microchip/xc32/v4.30/bin/bin/../../lib/gcc/pic32c/8.3.1/thumb/v7e-m+fp/hard\libgcc.a(_udivmoddi4.o)
 .ARM.attributes
                0x00001ae4       0x1e c:/program files/microchip/xc32/v4.30/bin/bin/../../lib/gcc/pic32c/8.3.1/thumb/v7e-m+fp/hard\libgcc.a(_dvmd_tls.o)
 .ARM.attributes
                0x00001b02       0x1e c:/program files/microchip/xc32/v4.30/bin/bin/../../lib/gcc/pic32c/8.3.1/thumb/v7e-m+fp/hard/crtn.o
 .ARM.attributes
                0x00001b20       0x34 c:/program files/microchip/xc32/v4.30/bin/bin/../../lib/gcc/pic32c/8.3.1/../../../../pic32c/lib/thumb/v7e-m+fp/hard\libpic32c.a(pic32_data_init_clear.o)
 .ARM.attributes
                0x00001b54       0x34 c:/program files/microchip/xc32/v4.30/bin/bin/../../lib/gcc/pic32c/8.3.1/../../../../pic32c/lib/thumb/v7e-m+fp/hard\libpic32c.a(pic32_data_init_copy.o)

.comment        0x00000000       0xd4
 .comment       0x00000000       0x2b c:/program files/microchip/xc32/v4.30/bin/bin/../../lib/gcc/pic32c/8.3.1/thumb/v7e-m+fp/hard/crtbegin.o
                                 0x2c (size before relaxing)
 .comment       0x0000002b       0x2c build/default/debug/_ext/297566330/app_p2p_phy.o
 .comment       0x0000002b       0x2c build/default/debug/_ext/767817240/app_phy_cmd_processor.o
 .comment       0x0000002b       0x2c build/default/debug/_ext/745501718/pal.o
 .comment       0x0000002b       0x2c build/default/debug/_ext/957911548/phy_task.o
 .comment       0x0000002b       0x2c build/default/debug/_ext/957911548/phy_ed_end_cb.o
 .comment       0x0000002b       0x2c build/default/debug/_ext/957911548/phy_rx_frame_cb.o
 .comment       0x0000002b       0x2c build/default/debug/_ext/1374435801/bmm.o
 .comment       0x0000002b       0x2c build/default/debug/_ext/874725666/qmm.o
 .comment       0x0000002b       0x2c build/default/debug/_ext/1529399856/osal_freertos.o
 .comment       0x0000002b       0x2c build/default/debug/_ext/1529399856/osal_freertos_extend.o
 .comment       0x0000002b       0x2c build/default/debug/_ext/60165520/plib_clk.o
 .comment       0x0000002b       0x2c build/default/debug/_ext/1986646378/plib_evsys.o
 .comment       0x0000002b       0x2c build/default/debug/_ext/1865254177/plib_gpio.o
 .comment       0x0000002b       0x2c build/default/debug/_ext/1865468468/plib_nvic.o
 .comment       0x0000002b       0x2c build/default/debug/_ext/60176403/plib_nvm.o
 .comment       0x0000002b       0x2c build/default/debug/_ext/1996599795/plib_power.o
 .comment       0x0000002b       0x2c build/default/debug/_ext/504274921/plib_sercom3_usart.o
 .comment       0x0000002b       0x2c build/default/debug/_ext/829342655/plib_tc0.o
 .comment       0x0000002b       0x2c build/default/debug/_ext/1865643529/plib_trng.o
 .comment       0x0000002b       0x2c build/default/debug/_ext/1376093119/sys_command.o
 .comment       0x0000002b       0x2c build/default/debug/_ext/1832805299/sys_console.o
 .comment       0x0000002b       0x2c build/default/debug/_ext/1832805299/sys_console_uart.o
 .comment       0x0000002b       0x2c build/default/debug/_ext/1881668453/sys_int.o
 .comment       0x0000002b       0x2c build/default/debug/_ext/1000052432/sys_reset.o
 .comment       0x0000002b       0x2c build/default/debug/_ext/101884895/sys_time.o
 .comment       0x0000002b       0x2c build/default/debug/_ext/1171490990/freertos_hooks.o
 .comment       0x0000002b       0x2c build/default/debug/_ext/1171490990/interrupts.o
 .comment       0x0000002b       0x2c build/default/debug/_ext/1171490990/initialization.o
 .comment       0x0000002b       0x2c build/default/debug/_ext/1171490990/startup_xc32.o
 .comment       0x0000002b       0x2c build/default/debug/_ext/1171490990/exceptions.o
 .comment       0x0000002b       0x2c build/default/debug/_ext/1171490990/tasks.o
 .comment       0x0000002b       0x2c build/default/debug/_ext/246609638/port.o
 .comment       0x0000002b       0x2c build/default/debug/_ext/1665200909/heap_4.o
 .comment       0x0000002b       0x2c build/default/debug/_ext/404212886/list.o
 .comment       0x0000002b       0x2c build/default/debug/_ext/404212886/FreeRTOS_tasks.o
 .comment       0x0000002b       0x2c build/default/debug/_ext/404212886/queue.o
 .comment       0x0000002b       0x2c build/default/debug/_ext/1360937237/main.o
 .comment       0x0000002b       0x2c build/default/debug/_ext/1360937237/app.o
 .comment       0x0000002b       0x2c build/default/debug/_ext/1360937237/device_deep_sleep.o
 .comment       0x0000002b       0x2c build/default/debug/_ext/1360937237/app_idle_task.o
 .comment       0x0000002b       0x2b ..\src\config\default\driver\device_support\pic32cx_bz2_device_support.a(info_block.o)
                                 0x2c (size before relaxing)
 .comment       0x00000056       0x2c ..\src\config\default\driver\device_support\pic32cx_bz2_device_support.a(pmu_system.o)
 .comment       0x00000056       0x2c ..\src\config\default\driver\device_support\pic32cx_bz2_device_support.a(rf_system.o)
 .comment       0x00000056       0x2c ..\src\config\default\driver\device_support\pic32cx_bz2_device_support.a(sleep_system.o)
 .comment       0x00000056       0x2c ..\src\config\default\driver\device_support\pic32cx_bz2_device_support.a(info_block_plat.o)
 .comment       0x00000056       0x2c ..\src\config\default\driver\device_support\pic32cx_bz2_device_support.a(pmu_dvr.o)
 .comment       0x00000056       0x2c ..\src\config\default\driver\device_support\pic32cx_bz2_device_support.a(rf.o)
 .comment       0x00000056       0x53 ..\src\config\default\driver\pds\pds.a(wlPdsDataServer.o)
                                 0x54 (size before relaxing)
 .comment       0x000000a9       0x54 ..\src\config\default\driver\pds\pds.a(wlPdsInit.o)
 .comment       0x000000a9       0x54 ..\src\config\default\driver\pds\pds.a(D_Nv.o)
 .comment       0x000000a9       0x54 ..\src\config\default\driver\pds\pds.a(S_Nv-Chimera.o)
 .comment       0x000000a9       0x2b ..\src\config\default\driver\lib\lib-ieee802154_phy_pic32cxbz-v1.1.0.a(phy.o)
                                 0x2c (size before relaxing)
 .comment       0x000000d4       0x2c ..\src\config\default\driver\lib\lib-ieee802154_phy_pic32cxbz-v1.1.0.a(phy_ed.o)
 .comment       0x000000d4       0x2c ..\src\config\default\driver\lib\lib-ieee802154_phy_pic32cxbz-v1.1.0.a(phy_helper.o)
 .comment       0x000000d4       0x2c ..\src\config\default\driver\lib\lib-ieee802154_phy_pic32cxbz-v1.1.0.a(phy_init.o)
 .comment       0x000000d4       0x2c ..\src\config\default\driver\lib\lib-ieee802154_phy_pic32cxbz-v1.1.0.a(phy_irq_handler.o)
 .comment       0x000000d4       0x2c ..\src\config\default\driver\lib\lib-ieee802154_phy_pic32cxbz-v1.1.0.a(phy_pib.o)
 .comment       0x000000d4       0x2c ..\src\config\default\driver\lib\lib-ieee802154_phy_pic32cxbz-v1.1.0.a(phy_pwr_mgmt.o)
 .comment       0x000000d4       0x2c ..\src\config\default\driver\lib\lib-ieee802154_phy_pic32cxbz-v1.1.0.a(phy_rx.o)
 .comment       0x000000d4       0x2c ..\src\config\default\driver\lib\lib-ieee802154_phy_pic32cxbz-v1.1.0.a(phy_rx_enable.o)
 .comment       0x000000d4       0x2c ..\src\config\default\driver\lib\lib-ieee802154_phy_pic32cxbz-v1.1.0.a(phy_tx.o)
 .comment       0x000000d4       0x2c ..\src\config\default\driver\lib\lib-ieee802154_phy_pic32cxbz-v1.1.0.a(tfa.o)
 .comment       0x000000d4       0x2c c:/program files/microchip/xc32/v4.30/bin/bin/../../lib/gcc/pic32c/8.3.1/../../../../pic32c/lib/thumb/v7e-m+fp/hard\libpic32c.a(data_init.o)
 .comment       0x000000d4       0x2c c:/program files/microchip/xc32/v4.30/bin/bin/../../lib/gcc/pic32c/8.3.1/../../../../pic32c/lib/thumb/v7e-m+fp/hard\libm-fast-emfloat.a(round.o)
 .comment       0x000000d4       0x2c c:/program files/microchip/xc32/v4.30/bin/bin/../../lib/gcc/pic32c/8.3.1/../../../../pic32c/lib/thumb/v7e-m+fp/hard\libm-fast-emfloat.a(pow.o)
 .comment       0x000000d4       0x2c c:/program files/microchip/xc32/v4.30/bin/bin/../../lib/gcc/pic32c/8.3.1/../../../../pic32c/lib/thumb/v7e-m+fp/hard\libm-fast-emfloat.a(log.o)
 .comment       0x000000d4       0x2c c:/program files/microchip/xc32/v4.30/bin/bin/../../lib/gcc/pic32c/8.3.1/../../../../pic32c/lib/thumb/v7e-m+fp/hard\libm-fast-emfloat.a(exp.o)
 .comment       0x000000d4       0x2c c:/program files/microchip/xc32/v4.30/bin/bin/../../lib/gcc/pic32c/8.3.1/../../../../pic32c/lib/thumb/v7e-m+fp/hard\libm-fast-emfloat.a(__SEGGER_RTL_float64_Log.o)
 .comment       0x000000d4       0x2c c:/program files/microchip/xc32/v4.30/bin/bin/../../lib/gcc/pic32c/8.3.1/../../../../pic32c/lib/thumb/v7e-m+fp/hard\libm-fast-emfloat.a(__SEGGER_RTL_float64_PolyEvalP.o)
 .comment       0x000000d4       0x2c c:/program files/microchip/xc32/v4.30/bin/bin/../../lib/gcc/pic32c/8.3.1/../../../../pic32c/lib/thumb/v7e-m+fp/hard\libm-fast-emfloat.a(__SEGGER_RTL_float64_PolyEvalQ.o)
 .comment       0x000000d4       0x2c c:/program files/microchip/xc32/v4.30/bin/bin/../../lib/gcc/pic32c/8.3.1/../../../../pic32c/lib/thumb/v7e-m+fp/hard\libm-fast-emfloat.a(ldexp.o)
 .comment       0x000000d4       0x2c c:/program files/microchip/xc32/v4.30/bin/bin/../../lib/gcc/pic32c/8.3.1/../../../../pic32c/lib/thumb/v7e-m+fp/hard\libm-fast-emfloat.a(frexp.o)
 .comment       0x000000d4       0x2c c:/program files/microchip/xc32/v4.30/bin/bin/../../lib/gcc/pic32c/8.3.1/../../../../pic32c/lib/thumb/v7e-m+fp/hard\libg-musl.a(__libc_start_main.o)
 .comment       0x000000d4       0x2c c:/program files/microchip/xc32/v4.30/bin/bin/../../lib/gcc/pic32c/8.3.1/../../../../pic32c/lib/thumb/v7e-m+fp/hard\libg-musl.a(__errno_location.o)
 .comment       0x000000d4       0x2c c:/program files/microchip/xc32/v4.30/bin/bin/../../lib/gcc/pic32c/8.3.1/../../../../pic32c/lib/thumb/v7e-m+fp/hard\libg-musl.a(libc.o)
 .comment       0x000000d4       0x2c c:/program files/microchip/xc32/v4.30/bin/bin/../../lib/gcc/pic32c/8.3.1/../../../../pic32c/lib/thumb/v7e-m+fp/hard\libg-musl.a(malloc.o)
 .comment       0x000000d4       0x2c c:/program files/microchip/xc32/v4.30/bin/bin/../../lib/gcc/pic32c/8.3.1/../../../../pic32c/lib/thumb/v7e-m+fp/hard\libg-musl.a(rand.o)
 .comment       0x000000d4       0x2c c:/program files/microchip/xc32/v4.30/bin/bin/../../lib/gcc/pic32c/8.3.1/../../../../pic32c/lib/thumb/v7e-m+fp/hard\libg-musl.a(vsnprintf.o)
 .comment       0x000000d4       0x2c c:/program files/microchip/xc32/v4.30/bin/bin/../../lib/gcc/pic32c/8.3.1/../../../../pic32c/lib/thumb/v7e-m+fp/hard\libg-musl.a(sprintf.o)
 .comment       0x000000d4       0x2c c:/program files/microchip/xc32/v4.30/bin/bin/../../lib/gcc/pic32c/8.3.1/../../../../pic32c/lib/thumb/v7e-m+fp/hard\libg-musl.a(vsprintf.o)
 .comment       0x000000d4       0x2c c:/program files/microchip/xc32/v4.30/bin/bin/../../lib/gcc/pic32c/8.3.1/../../../../pic32c/lib/thumb/v7e-m+fp/hard\libg-musl.a(strtol.o)
 .comment       0x000000d4       0x2c c:/program files/microchip/xc32/v4.30/bin/bin/../../lib/gcc/pic32c/8.3.1/../../../../pic32c/lib/thumb/v7e-m+fp/hard\libg-musl.a(memcmp.o)
 .comment       0x000000d4       0x2c c:/program files/microchip/xc32/v4.30/bin/bin/../../lib/gcc/pic32c/8.3.1/../../../../pic32c/lib/thumb/v7e-m+fp/hard\libg-musl.a(memcpy.o)
 .comment       0x000000d4       0x2c c:/program files/microchip/xc32/v4.30/bin/bin/../../lib/gcc/pic32c/8.3.1/../../../../pic32c/lib/thumb/v7e-m+fp/hard\libg-musl.a(memset.o)
 .comment       0x000000d4       0x2c c:/program files/microchip/xc32/v4.30/bin/bin/../../lib/gcc/pic32c/8.3.1/../../../../pic32c/lib/thumb/v7e-m+fp/hard\libg-musl.a(strlen.o)
 .comment       0x000000d4       0x2c c:/program files/microchip/xc32/v4.30/bin/bin/../../lib/gcc/pic32c/8.3.1/../../../../pic32c/lib/thumb/v7e-m+fp/hard\libg-musl.a(strchr.o)
 .comment       0x000000d4       0x2c c:/program files/microchip/xc32/v4.30/bin/bin/../../lib/gcc/pic32c/8.3.1/../../../../pic32c/lib/thumb/v7e-m+fp/hard\libg-musl.a(strchrnul.o)
 .comment       0x000000d4       0x2c c:/program files/microchip/xc32/v4.30/bin/bin/../../lib/gcc/pic32c/8.3.1/../../../../pic32c/lib/thumb/v7e-m+fp/hard\libg-musl.a(strcmp.o)
 .comment       0x000000d4       0x2c c:/program files/microchip/xc32/v4.30/bin/bin/../../lib/gcc/pic32c/8.3.1/../../../../pic32c/lib/thumb/v7e-m+fp/hard\libg-musl.a(strcpy.o)
 .comment       0x000000d4       0x2c c:/program files/microchip/xc32/v4.30/bin/bin/../../lib/gcc/pic32c/8.3.1/../../../../pic32c/lib/thumb/v7e-m+fp/hard\libg-musl.a(strncmp.o)
 .comment       0x000000d4       0x2c c:/program files/microchip/xc32/v4.30/bin/bin/../../lib/gcc/pic32c/8.3.1/../../../../pic32c/lib/thumb/v7e-m+fp/hard\libg-musl.a(strncpy.o)
 .comment       0x000000d4       0x2c c:/program files/microchip/xc32/v4.30/bin/bin/../../lib/gcc/pic32c/8.3.1/../../../../pic32c/lib/thumb/v7e-m+fp/hard\libg-musl.a(strtok.o)
 .comment       0x000000d4       0x2c c:/program files/microchip/xc32/v4.30/bin/bin/../../lib/gcc/pic32c/8.3.1/../../../../pic32c/lib/thumb/v7e-m+fp/hard\libg-musl.a(__environ.o)
 .comment       0x000000d4       0x2c c:/program files/microchip/xc32/v4.30/bin/bin/../../lib/gcc/pic32c/8.3.1/../../../../pic32c/lib/thumb/v7e-m+fp/hard\libg-musl.a(intscan.o)
 .comment       0x000000d4       0x2c c:/program files/microchip/xc32/v4.30/bin/bin/../../lib/gcc/pic32c/8.3.1/../../../../pic32c/lib/thumb/v7e-m+fp/hard\libg-musl.a(shgetc.o)
 .comment       0x000000d4       0x2c c:/program files/microchip/xc32/v4.30/bin/bin/../../lib/gcc/pic32c/8.3.1/../../../../pic32c/lib/thumb/v7e-m+fp/hard\libg-musl.a(__uflow.o)
 .comment       0x000000d4       0x2c c:/program files/microchip/xc32/v4.30/bin/bin/../../lib/gcc/pic32c/8.3.1/../../../../pic32c/lib/thumb/v7e-m+fp/hard\libg-musl.a(vfprintf.o)
 .comment       0x000000d4       0x2c c:/program files/microchip/xc32/v4.30/bin/bin/../../lib/gcc/pic32c/8.3.1/../../../../pic32c/lib/thumb/v7e-m+fp/hard\libg-musl.a(stpcpy.o)
 .comment       0x000000d4       0x2c c:/program files/microchip/xc32/v4.30/bin/bin/../../lib/gcc/pic32c/8.3.1/../../../../pic32c/lib/thumb/v7e-m+fp/hard\libg-musl.a(stpncpy.o)
 .comment       0x000000d4       0x2c c:/program files/microchip/xc32/v4.30/bin/bin/../../lib/gcc/pic32c/8.3.1/../../../../pic32c/lib/thumb/v7e-m+fp/hard\libg-musl.a(strcspn.o)
 .comment       0x000000d4       0x2c c:/program files/microchip/xc32/v4.30/bin/bin/../../lib/gcc/pic32c/8.3.1/../../../../pic32c/lib/thumb/v7e-m+fp/hard\libg-musl.a(strspn.o)
 .comment       0x000000d4       0x2c c:/program files/microchip/xc32/v4.30/bin/bin/../../lib/gcc/pic32c/8.3.1/../../../../pic32c/lib/thumb/v7e-m+fp/hard\libg-musl.a(__toread.o)
 .comment       0x000000d4       0x2c c:/program files/microchip/xc32/v4.30/bin/bin/../../lib/gcc/pic32c/8.3.1/../../../../pic32c/lib/thumb/v7e-m+fp/hard\libg-musl.a(__pop_float.o)
 .comment       0x000000d4       0x2c c:/program files/microchip/xc32/v4.30/bin/bin/../../lib/gcc/pic32c/8.3.1/../../../../pic32c/lib/thumb/v7e-m+fp/hard\libg-musl.a(__pop_int.o)
 .comment       0x000000d4       0x2c c:/program files/microchip/xc32/v4.30/bin/bin/../../lib/gcc/pic32c/8.3.1/../../../../pic32c/lib/thumb/v7e-m+fp/hard\libg-musl.a(__pop_ptr.o)
 .comment       0x000000d4       0x2c c:/program files/microchip/xc32/v4.30/bin/bin/../../lib/gcc/pic32c/8.3.1/../../../../pic32c/lib/thumb/v7e-m+fp/hard\libg-musl.a(__printf_core.o)
 .comment       0x000000d4       0x2c c:/program files/microchip/xc32/v4.30/bin/bin/../../lib/gcc/pic32c/8.3.1/../../../../pic32c/lib/thumb/v7e-m+fp/hard\libg-musl.a(atoi.o)
 .comment       0x000000d4       0x2c c:/program files/microchip/xc32/v4.30/bin/bin/../../lib/gcc/pic32c/8.3.1/../../../../pic32c/lib/thumb/v7e-m+fp/hard\libg-musl.a(tolower.o)
 .comment       0x000000d4       0x2c c:/program files/microchip/xc32/v4.30/bin/bin/../../lib/gcc/pic32c/8.3.1/../../../../pic32c/lib/thumb/v7e-m+fp/hard\libg-musl.a(__fmt_a.o)
 .comment       0x000000d4       0x2c c:/program files/microchip/xc32/v4.30/bin/bin/../../lib/gcc/pic32c/8.3.1/../../../../pic32c/lib/thumb/v7e-m+fp/hard\libg-musl.a(__fmt_d.o)
 .comment       0x000000d4       0x2c c:/program files/microchip/xc32/v4.30/bin/bin/../../lib/gcc/pic32c/8.3.1/../../../../pic32c/lib/thumb/v7e-m+fp/hard\libg-musl.a(__fmt_fp.o)
 .comment       0x000000d4       0x2c c:/program files/microchip/xc32/v4.30/bin/bin/../../lib/gcc/pic32c/8.3.1/../../../../pic32c/lib/thumb/v7e-m+fp/hard\libg-musl.a(__fmt_o.o)
 .comment       0x000000d4       0x2c c:/program files/microchip/xc32/v4.30/bin/bin/../../lib/gcc/pic32c/8.3.1/../../../../pic32c/lib/thumb/v7e-m+fp/hard\libg-musl.a(__fmt_s.o)
 .comment       0x000000d4       0x2c c:/program files/microchip/xc32/v4.30/bin/bin/../../lib/gcc/pic32c/8.3.1/../../../../pic32c/lib/thumb/v7e-m+fp/hard\libg-musl.a(__fmt_u.o)
 .comment       0x000000d4       0x2c c:/program files/microchip/xc32/v4.30/bin/bin/../../lib/gcc/pic32c/8.3.1/../../../../pic32c/lib/thumb/v7e-m+fp/hard\libg-musl.a(__fmt_x.o)
 .comment       0x000000d4       0x2c c:/program files/microchip/xc32/v4.30/bin/bin/../../lib/gcc/pic32c/8.3.1/../../../../pic32c/lib/thumb/v7e-m+fp/hard\libg-musl.a(toupper.o)
 .comment       0x000000d4       0x2c c:/program files/microchip/xc32/v4.30/bin/bin/../../lib/gcc/pic32c/8.3.1/../../../../pic32c/lib/thumb/v7e-m+fp/hard\libg-musl.a(__cvt_u.o)
 .comment       0x000000d4       0x2c c:/program files/microchip/xc32/v4.30/bin/bin/../../lib/gcc/pic32c/8.3.1/../../../../pic32c/lib/thumb/v7e-m+fp/hard\libm-fast-emfloat.a(fma.o)
 .comment       0x000000d4       0x2c c:/program files/microchip/xc32/v4.30/bin/bin/../../lib/gcc/pic32c/8.3.1/../../../../pic32c/lib/thumb/v7e-m+fp/hard\libm-fast-emfloat.a(floor.o)
 .comment       0x000000d4       0x2c c:/program files/microchip/xc32/v4.30/bin/bin/../../lib/gcc/pic32c/8.3.1/thumb/v7e-m+fp/hard\libgcc.a(_udivmoddi4.o)
 .comment       0x000000d4       0x2c c:/program files/microchip/xc32/v4.30/bin/bin/../../lib/gcc/pic32c/8.3.1/../../../../pic32c/lib/thumb/v7e-m+fp/hard\libpic32c.a(pic32_data_init_clear.o)
 .comment       0x000000d4       0x2c c:/program files/microchip/xc32/v4.30/bin/bin/../../lib/gcc/pic32c/8.3.1/../../../../pic32c/lib/thumb/v7e-m+fp/hard\libpic32c.a(pic32_data_init_copy.o)

.debug_info     0x00000000    0x75743
 .debug_info    0x00000000     0x37f5 build/default/debug/_ext/297566330/app_p2p_phy.o
 .debug_info    0x000037f5     0x6c60 build/default/debug/_ext/767817240/app_phy_cmd_processor.o
 .debug_info    0x0000a455      0xeb2 build/default/debug/_ext/745501718/pal.o
 .debug_info    0x0000b307      0x51c build/default/debug/_ext/957911548/phy_task.o
 .debug_info    0x0000b823      0x332 build/default/debug/_ext/957911548/phy_ed_end_cb.o
 .debug_info    0x0000bb55      0x51d build/default/debug/_ext/957911548/phy_rx_frame_cb.o
 .debug_info    0x0000c072      0x747 build/default/debug/_ext/1374435801/bmm.o
 .debug_info    0x0000c7b9      0x82f build/default/debug/_ext/874725666/qmm.o
 .debug_info    0x0000cfe8      0xb48 build/default/debug/_ext/1529399856/osal_freertos.o
 .debug_info    0x0000db30      0x908 build/default/debug/_ext/1529399856/osal_freertos_extend.o
 .debug_info    0x0000e438     0x140d build/default/debug/_ext/60165520/plib_clk.o
 .debug_info    0x0000f845      0x307 build/default/debug/_ext/1986646378/plib_evsys.o
 .debug_info    0x0000fb4c     0x1cab build/default/debug/_ext/1865254177/plib_gpio.o
 .debug_info    0x000117f7      0xeaa build/default/debug/_ext/1865468468/plib_nvic.o
 .debug_info    0x000126a1     0x14cb build/default/debug/_ext/60176403/plib_nvm.o
 .debug_info    0x00013b6c     0x17f8 build/default/debug/_ext/1996599795/plib_power.o
 .debug_info    0x00015364     0x2377 build/default/debug/_ext/504274921/plib_sercom3_usart.o
 .debug_info    0x000176db      0xc87 build/default/debug/_ext/829342655/plib_tc0.o
 .debug_info    0x00018362      0x485 build/default/debug/_ext/1865643529/plib_trng.o
 .debug_info    0x000187e7     0x2ac4 build/default/debug/_ext/1376093119/sys_command.o
 .debug_info    0x0001b2ab     0x141b build/default/debug/_ext/1832805299/sys_console.o
 .debug_info    0x0001c6c6     0x14d0 build/default/debug/_ext/1832805299/sys_console_uart.o
 .debug_info    0x0001db96      0xb29 build/default/debug/_ext/1881668453/sys_int.o
 .debug_info    0x0001e6bf      0x595 build/default/debug/_ext/1000052432/sys_reset.o
 .debug_info    0x0001ec54     0x2be6 build/default/debug/_ext/101884895/sys_time.o
 .debug_info    0x0002183a      0x53f build/default/debug/_ext/1171490990/freertos_hooks.o
 .debug_info    0x00021d79      0xa2a build/default/debug/_ext/1171490990/interrupts.o
 .debug_info    0x000227a3     0x1d1c build/default/debug/_ext/1171490990/initialization.o
 .debug_info    0x000244bf      0x882 build/default/debug/_ext/1171490990/startup_xc32.o
 .debug_info    0x00024d41      0x393 build/default/debug/_ext/1171490990/exceptions.o
 .debug_info    0x000250d4      0x5bf build/default/debug/_ext/1171490990/tasks.o
 .debug_info    0x00025693      0x9fd build/default/debug/_ext/246609638/port.o
 .debug_info    0x00026090      0xab6 build/default/debug/_ext/1665200909/heap_4.o
 .debug_info    0x00026b46      0x623 build/default/debug/_ext/404212886/list.o
 .debug_info    0x00027169     0x38e6 build/default/debug/_ext/404212886/FreeRTOS_tasks.o
 .debug_info    0x0002aa4f     0x2952 build/default/debug/_ext/404212886/queue.o
 .debug_info    0x0002d3a1      0x320 build/default/debug/_ext/1360937237/main.o
 .debug_info    0x0002d6c1     0x11d0 build/default/debug/_ext/1360937237/app.o
 .debug_info    0x0002e891     0x3c45 build/default/debug/_ext/1360937237/device_deep_sleep.o
 .debug_info    0x000324d6      0x3fc build/default/debug/_ext/1360937237/app_idle_task.o
 .debug_info    0x000328d2     0x122e ..\src\config\default\driver\device_support\pic32cx_bz2_device_support.a(info_block.o)
 .debug_info    0x00033b00     0x10d3 ..\src\config\default\driver\device_support\pic32cx_bz2_device_support.a(pmu_system.o)
 .debug_info    0x00034bd3     0x5eeb ..\src\config\default\driver\device_support\pic32cx_bz2_device_support.a(rf_system.o)
 .debug_info    0x0003aabe     0x495e ..\src\config\default\driver\device_support\pic32cx_bz2_device_support.a(sleep_system.o)
 .debug_info    0x0003f41c      0xf4c ..\src\config\default\driver\device_support\pic32cx_bz2_device_support.a(info_block_plat.o)
 .debug_info    0x00040368      0x614 ..\src\config\default\driver\device_support\pic32cx_bz2_device_support.a(pmu_dvr.o)
 .debug_info    0x0004097c     0x45a7 ..\src\config\default\driver\device_support\pic32cx_bz2_device_support.a(rf.o)
 .debug_info    0x00044f23     0x1ccb ..\src\config\default\driver\pds\pds.a(wlPdsDataServer.o)
 .debug_info    0x00046bee      0x803 ..\src\config\default\driver\pds\pds.a(wlPdsInit.o)
 .debug_info    0x000473f1      0xbf6 ..\src\config\default\driver\pds\pds.a(D_Nv.o)
 .debug_info    0x00047fe7     0x2b2f ..\src\config\default\driver\pds\pds.a(S_Nv-Chimera.o)
 .debug_info    0x0004ab16     0x1d20 ..\src\config\default\driver\lib\lib-ieee802154_phy_pic32cxbz-v1.1.0.a(phy.o)
 .debug_info    0x0004c836     0x1934 ..\src\config\default\driver\lib\lib-ieee802154_phy_pic32cxbz-v1.1.0.a(phy_ed.o)
 .debug_info    0x0004e16a     0x2551 ..\src\config\default\driver\lib\lib-ieee802154_phy_pic32cxbz-v1.1.0.a(phy_helper.o)
 .debug_info    0x000506bb     0x2ef9 ..\src\config\default\driver\lib\lib-ieee802154_phy_pic32cxbz-v1.1.0.a(phy_init.o)
 .debug_info    0x000535b4     0x1abb ..\src\config\default\driver\lib\lib-ieee802154_phy_pic32cxbz-v1.1.0.a(phy_irq_handler.o)
 .debug_info    0x0005506f     0x2e9a ..\src\config\default\driver\lib\lib-ieee802154_phy_pic32cxbz-v1.1.0.a(phy_pib.o)
 .debug_info    0x00057f09     0x67be ..\src\config\default\driver\lib\lib-ieee802154_phy_pic32cxbz-v1.1.0.a(phy_pwr_mgmt.o)
 .debug_info    0x0005e6c7     0x23e1 ..\src\config\default\driver\lib\lib-ieee802154_phy_pic32cxbz-v1.1.0.a(phy_rx.o)
 .debug_info    0x00060aa8      0xed1 ..\src\config\default\driver\lib\lib-ieee802154_phy_pic32cxbz-v1.1.0.a(phy_rx_enable.o)
 .debug_info    0x00061979     0x2824 ..\src\config\default\driver\lib\lib-ieee802154_phy_pic32cxbz-v1.1.0.a(phy_tx.o)
 .debug_info    0x0006419d     0x2562 ..\src\config\default\driver\lib\lib-ieee802154_phy_pic32cxbz-v1.1.0.a(tfa.o)
 .debug_info    0x000666ff      0x2bd c:/program files/microchip/xc32/v4.30/bin/bin/../../lib/gcc/pic32c/8.3.1/../../../../pic32c/lib/thumb/v7e-m+fp/hard\libpic32c.a(data_init.o)
 .debug_info    0x000669bc      0x621 c:/program files/microchip/xc32/v4.30/bin/bin/../../lib/gcc/pic32c/8.3.1/../../../../pic32c/lib/thumb/v7e-m+fp/hard\libg-musl.a(__libc_start_main.o)
 .debug_info    0x00066fdd      0x271 c:/program files/microchip/xc32/v4.30/bin/bin/../../lib/gcc/pic32c/8.3.1/../../../../pic32c/lib/thumb/v7e-m+fp/hard\libg-musl.a(__errno_location.o)
 .debug_info    0x0006724e      0x533 c:/program files/microchip/xc32/v4.30/bin/bin/../../lib/gcc/pic32c/8.3.1/../../../../pic32c/lib/thumb/v7e-m+fp/hard\libg-musl.a(libc.o)
 .debug_info    0x00067781     0x13a3 c:/program files/microchip/xc32/v4.30/bin/bin/../../lib/gcc/pic32c/8.3.1/../../../../pic32c/lib/thumb/v7e-m+fp/hard\libg-musl.a(malloc.o)
 .debug_info    0x00068b24      0x32a c:/program files/microchip/xc32/v4.30/bin/bin/../../lib/gcc/pic32c/8.3.1/../../../../pic32c/lib/thumb/v7e-m+fp/hard\libg-musl.a(rand.o)
 .debug_info    0x00068e4e      0x6ff c:/program files/microchip/xc32/v4.30/bin/bin/../../lib/gcc/pic32c/8.3.1/../../../../pic32c/lib/thumb/v7e-m+fp/hard\libg-musl.a(vsnprintf.o)
 .debug_info    0x0006954d      0x31b c:/program files/microchip/xc32/v4.30/bin/bin/../../lib/gcc/pic32c/8.3.1/../../../../pic32c/lib/thumb/v7e-m+fp/hard\libg-musl.a(sprintf.o)
 .debug_info    0x00069868      0x315 c:/program files/microchip/xc32/v4.30/bin/bin/../../lib/gcc/pic32c/8.3.1/../../../../pic32c/lib/thumb/v7e-m+fp/hard\libg-musl.a(vsprintf.o)
 .debug_info    0x00069b7d      0x9f1 c:/program files/microchip/xc32/v4.30/bin/bin/../../lib/gcc/pic32c/8.3.1/../../../../pic32c/lib/thumb/v7e-m+fp/hard\libg-musl.a(strtol.o)
 .debug_info    0x0006a56e      0x2e0 c:/program files/microchip/xc32/v4.30/bin/bin/../../lib/gcc/pic32c/8.3.1/../../../../pic32c/lib/thumb/v7e-m+fp/hard\libg-musl.a(memcmp.o)
 .debug_info    0x0006a84e      0x2ef c:/program files/microchip/xc32/v4.30/bin/bin/../../lib/gcc/pic32c/8.3.1/../../../../pic32c/lib/thumb/v7e-m+fp/hard\libg-musl.a(memcpy.o)
 .debug_info    0x0006ab3d      0x2b3 c:/program files/microchip/xc32/v4.30/bin/bin/../../lib/gcc/pic32c/8.3.1/../../../../pic32c/lib/thumb/v7e-m+fp/hard\libg-musl.a(memset.o)
 .debug_info    0x0006adf0      0x2a4 c:/program files/microchip/xc32/v4.30/bin/bin/../../lib/gcc/pic32c/8.3.1/../../../../pic32c/lib/thumb/v7e-m+fp/hard\libg-musl.a(strlen.o)
 .debug_info    0x0006b094      0x2c6 c:/program files/microchip/xc32/v4.30/bin/bin/../../lib/gcc/pic32c/8.3.1/../../../../pic32c/lib/thumb/v7e-m+fp/hard\libg-musl.a(strchr.o)
 .debug_info    0x0006b35a      0x38e c:/program files/microchip/xc32/v4.30/bin/bin/../../lib/gcc/pic32c/8.3.1/../../../../pic32c/lib/thumb/v7e-m+fp/hard\libg-musl.a(strchrnul.o)
 .debug_info    0x0006b6e8      0x289 c:/program files/microchip/xc32/v4.30/bin/bin/../../lib/gcc/pic32c/8.3.1/../../../../pic32c/lib/thumb/v7e-m+fp/hard\libg-musl.a(strcmp.o)
 .debug_info    0x0006b971      0x2b2 c:/program files/microchip/xc32/v4.30/bin/bin/../../lib/gcc/pic32c/8.3.1/../../../../pic32c/lib/thumb/v7e-m+fp/hard\libg-musl.a(strcpy.o)
 .debug_info    0x0006bc23      0x2ee c:/program files/microchip/xc32/v4.30/bin/bin/../../lib/gcc/pic32c/8.3.1/../../../../pic32c/lib/thumb/v7e-m+fp/hard\libg-musl.a(strncmp.o)
 .debug_info    0x0006bf11      0x2d7 c:/program files/microchip/xc32/v4.30/bin/bin/../../lib/gcc/pic32c/8.3.1/../../../../pic32c/lib/thumb/v7e-m+fp/hard\libg-musl.a(strncpy.o)
 .debug_info    0x0006c1e8      0x2f4 c:/program files/microchip/xc32/v4.30/bin/bin/../../lib/gcc/pic32c/8.3.1/../../../../pic32c/lib/thumb/v7e-m+fp/hard\libg-musl.a(strtok.o)
 .debug_info    0x0006c4dc      0x2ad c:/program files/microchip/xc32/v4.30/bin/bin/../../lib/gcc/pic32c/8.3.1/../../../../pic32c/lib/thumb/v7e-m+fp/hard\libg-musl.a(__environ.o)
 .debug_info    0x0006c789      0x84b c:/program files/microchip/xc32/v4.30/bin/bin/../../lib/gcc/pic32c/8.3.1/../../../../pic32c/lib/thumb/v7e-m+fp/hard\libg-musl.a(intscan.o)
 .debug_info    0x0006cfd4      0x642 c:/program files/microchip/xc32/v4.30/bin/bin/../../lib/gcc/pic32c/8.3.1/../../../../pic32c/lib/thumb/v7e-m+fp/hard\libg-musl.a(shgetc.o)
 .debug_info    0x0006d616      0x613 c:/program files/microchip/xc32/v4.30/bin/bin/../../lib/gcc/pic32c/8.3.1/../../../../pic32c/lib/thumb/v7e-m+fp/hard\libg-musl.a(__uflow.o)
 .debug_info    0x0006dc29      0x6c0 c:/program files/microchip/xc32/v4.30/bin/bin/../../lib/gcc/pic32c/8.3.1/../../../../pic32c/lib/thumb/v7e-m+fp/hard\libg-musl.a(vfprintf.o)
 .debug_info    0x0006e2e9      0x2b6 c:/program files/microchip/xc32/v4.30/bin/bin/../../lib/gcc/pic32c/8.3.1/../../../../pic32c/lib/thumb/v7e-m+fp/hard\libg-musl.a(stpcpy.o)
 .debug_info    0x0006e59f      0x2f2 c:/program files/microchip/xc32/v4.30/bin/bin/../../lib/gcc/pic32c/8.3.1/../../../../pic32c/lib/thumb/v7e-m+fp/hard\libg-musl.a(stpncpy.o)
 .debug_info    0x0006e891      0x319 c:/program files/microchip/xc32/v4.30/bin/bin/../../lib/gcc/pic32c/8.3.1/../../../../pic32c/lib/thumb/v7e-m+fp/hard\libg-musl.a(strcspn.o)
 .debug_info    0x0006ebaa      0x2fe c:/program files/microchip/xc32/v4.30/bin/bin/../../lib/gcc/pic32c/8.3.1/../../../../pic32c/lib/thumb/v7e-m+fp/hard\libg-musl.a(strspn.o)
 .debug_info    0x0006eea8      0x62d c:/program files/microchip/xc32/v4.30/bin/bin/../../lib/gcc/pic32c/8.3.1/../../../../pic32c/lib/thumb/v7e-m+fp/hard\libg-musl.a(__toread.o)
 .debug_info    0x0006f4d5      0x3db c:/program files/microchip/xc32/v4.30/bin/bin/../../lib/gcc/pic32c/8.3.1/../../../../pic32c/lib/thumb/v7e-m+fp/hard\libg-musl.a(__pop_float.o)
 .debug_info    0x0006f8b0      0x3ff c:/program files/microchip/xc32/v4.30/bin/bin/../../lib/gcc/pic32c/8.3.1/../../../../pic32c/lib/thumb/v7e-m+fp/hard\libg-musl.a(__pop_int.o)
 .debug_info    0x0006fcaf      0x405 c:/program files/microchip/xc32/v4.30/bin/bin/../../lib/gcc/pic32c/8.3.1/../../../../pic32c/lib/thumb/v7e-m+fp/hard\libg-musl.a(__pop_ptr.o)
 .debug_info    0x000700b4      0xd6c c:/program files/microchip/xc32/v4.30/bin/bin/../../lib/gcc/pic32c/8.3.1/../../../../pic32c/lib/thumb/v7e-m+fp/hard\libg-musl.a(__printf_core.o)
 .debug_info    0x00070e20      0x2f9 c:/program files/microchip/xc32/v4.30/bin/bin/../../lib/gcc/pic32c/8.3.1/../../../../pic32c/lib/thumb/v7e-m+fp/hard\libg-musl.a(atoi.o)
 .debug_info    0x00071119      0x351 c:/program files/microchip/xc32/v4.30/bin/bin/../../lib/gcc/pic32c/8.3.1/../../../../pic32c/lib/thumb/v7e-m+fp/hard\libg-musl.a(tolower.o)
 .debug_info    0x0007146a      0x905 c:/program files/microchip/xc32/v4.30/bin/bin/../../lib/gcc/pic32c/8.3.1/../../../../pic32c/lib/thumb/v7e-m+fp/hard\libg-musl.a(__fmt_a.o)
 .debug_info    0x00071d6f      0x5c0 c:/program files/microchip/xc32/v4.30/bin/bin/../../lib/gcc/pic32c/8.3.1/../../../../pic32c/lib/thumb/v7e-m+fp/hard\libg-musl.a(__fmt_d.o)
 .debug_info    0x0007232f      0x949 c:/program files/microchip/xc32/v4.30/bin/bin/../../lib/gcc/pic32c/8.3.1/../../../../pic32c/lib/thumb/v7e-m+fp/hard\libg-musl.a(__fmt_fp.o)
 .debug_info    0x00072c78      0x591 c:/program files/microchip/xc32/v4.30/bin/bin/../../lib/gcc/pic32c/8.3.1/../../../../pic32c/lib/thumb/v7e-m+fp/hard\libg-musl.a(__fmt_o.o)
 .debug_info    0x00073209      0x535 c:/program files/microchip/xc32/v4.30/bin/bin/../../lib/gcc/pic32c/8.3.1/../../../../pic32c/lib/thumb/v7e-m+fp/hard\libg-musl.a(__fmt_s.o)
 .debug_info    0x0007373e      0x591 c:/program files/microchip/xc32/v4.30/bin/bin/../../lib/gcc/pic32c/8.3.1/../../../../pic32c/lib/thumb/v7e-m+fp/hard\libg-musl.a(__fmt_u.o)
 .debug_info    0x00073ccf      0x5c1 c:/program files/microchip/xc32/v4.30/bin/bin/../../lib/gcc/pic32c/8.3.1/../../../../pic32c/lib/thumb/v7e-m+fp/hard\libg-musl.a(__fmt_x.o)
 .debug_info    0x00074290      0x351 c:/program files/microchip/xc32/v4.30/bin/bin/../../lib/gcc/pic32c/8.3.1/../../../../pic32c/lib/thumb/v7e-m+fp/hard\libg-musl.a(toupper.o)
 .debug_info    0x000745e1      0x441 c:/program files/microchip/xc32/v4.30/bin/bin/../../lib/gcc/pic32c/8.3.1/../../../../pic32c/lib/thumb/v7e-m+fp/hard\libg-musl.a(__cvt_u.o)
 .debug_info    0x00074a22       0x26 c:/program files/microchip/xc32/v4.30/bin/bin/../../lib/gcc/pic32c/8.3.1/thumb/v7e-m+fp/hard\libgcc.a(_aeabi_uldivmod.o)
 .debug_info    0x00074a48      0x7aa c:/program files/microchip/xc32/v4.30/bin/bin/../../lib/gcc/pic32c/8.3.1/thumb/v7e-m+fp/hard\libgcc.a(_udivmoddi4.o)
 .debug_info    0x000751f2       0x26 c:/program files/microchip/xc32/v4.30/bin/bin/../../lib/gcc/pic32c/8.3.1/thumb/v7e-m+fp/hard\libgcc.a(_dvmd_tls.o)
 .debug_info    0x00075218      0x296 c:/program files/microchip/xc32/v4.30/bin/bin/../../lib/gcc/pic32c/8.3.1/../../../../pic32c/lib/thumb/v7e-m+fp/hard\libpic32c.a(pic32_data_init_clear.o)
 .debug_info    0x000754ae      0x295 c:/program files/microchip/xc32/v4.30/bin/bin/../../lib/gcc/pic32c/8.3.1/../../../../pic32c/lib/thumb/v7e-m+fp/hard\libpic32c.a(pic32_data_init_copy.o)

.debug_abbrev   0x00000000     0xd153
 .debug_abbrev  0x00000000      0x535 build/default/debug/_ext/297566330/app_p2p_phy.o
 .debug_abbrev  0x00000535      0x55c build/default/debug/_ext/767817240/app_phy_cmd_processor.o
 .debug_abbrev  0x00000a91      0x389 build/default/debug/_ext/745501718/pal.o
 .debug_abbrev  0x00000e1a      0x15a build/default/debug/_ext/957911548/phy_task.o
 .debug_abbrev  0x00000f74       0x5b build/default/debug/_ext/957911548/phy_ed_end_cb.o
 .debug_abbrev  0x00000fcf      0x10a build/default/debug/_ext/957911548/phy_rx_frame_cb.o
 .debug_abbrev  0x000010d9      0x1c3 build/default/debug/_ext/1374435801/bmm.o
 .debug_abbrev  0x0000129c      0x2b6 build/default/debug/_ext/874725666/qmm.o
 .debug_abbrev  0x00001552      0x266 build/default/debug/_ext/1529399856/osal_freertos.o
 .debug_abbrev  0x000017b8      0x189 build/default/debug/_ext/1529399856/osal_freertos_extend.o
 .debug_abbrev  0x00001941      0x107 build/default/debug/_ext/60165520/plib_clk.o
 .debug_abbrev  0x00001a48       0x3b build/default/debug/_ext/1986646378/plib_evsys.o
 .debug_abbrev  0x00001a83      0x144 build/default/debug/_ext/1865254177/plib_gpio.o
 .debug_abbrev  0x00001bc7      0x21d build/default/debug/_ext/1865468468/plib_nvic.o
 .debug_abbrev  0x00001de4      0x3ef build/default/debug/_ext/60176403/plib_nvm.o
 .debug_abbrev  0x000021d3      0x1a8 build/default/debug/_ext/1996599795/plib_power.o
 .debug_abbrev  0x0000237b      0x4b3 build/default/debug/_ext/504274921/plib_sercom3_usart.o
 .debug_abbrev  0x0000282e      0x200 build/default/debug/_ext/829342655/plib_tc0.o
 .debug_abbrev  0x00002a2e       0xb5 build/default/debug/_ext/1865643529/plib_trng.o
 .debug_abbrev  0x00002ae3      0x545 build/default/debug/_ext/1376093119/sys_command.o
 .debug_abbrev  0x00003028      0x3b2 build/default/debug/_ext/1832805299/sys_console.o
 .debug_abbrev  0x000033da      0x3b4 build/default/debug/_ext/1832805299/sys_console_uart.o
 .debug_abbrev  0x0000378e      0x233 build/default/debug/_ext/1881668453/sys_int.o
 .debug_abbrev  0x000039c1       0xef build/default/debug/_ext/1000052432/sys_reset.o
 .debug_abbrev  0x00003ab0      0x583 build/default/debug/_ext/101884895/sys_time.o
 .debug_abbrev  0x00004033      0x15c build/default/debug/_ext/1171490990/freertos_hooks.o
 .debug_abbrev  0x0000418f       0xb5 build/default/debug/_ext/1171490990/interrupts.o
 .debug_abbrev  0x00004244      0x2d9 build/default/debug/_ext/1171490990/initialization.o
 .debug_abbrev  0x0000451d      0x1db build/default/debug/_ext/1171490990/startup_xc32.o
 .debug_abbrev  0x000046f8       0x5b build/default/debug/_ext/1171490990/exceptions.o
 .debug_abbrev  0x00004753      0x14c build/default/debug/_ext/1171490990/tasks.o
 .debug_abbrev  0x0000489f      0x2ba build/default/debug/_ext/246609638/port.o
 .debug_abbrev  0x00004b59      0x28c build/default/debug/_ext/1665200909/heap_4.o
 .debug_abbrev  0x00004de5      0x15e build/default/debug/_ext/404212886/list.o
 .debug_abbrev  0x00004f43      0x574 build/default/debug/_ext/404212886/FreeRTOS_tasks.o
 .debug_abbrev  0x000054b7      0x3e6 build/default/debug/_ext/404212886/queue.o
 .debug_abbrev  0x0000589d       0x77 build/default/debug/_ext/1360937237/main.o
 .debug_abbrev  0x00005914      0x291 build/default/debug/_ext/1360937237/app.o
 .debug_abbrev  0x00005ba5      0x401 build/default/debug/_ext/1360937237/device_deep_sleep.o
 .debug_abbrev  0x00005fa6       0xbd build/default/debug/_ext/1360937237/app_idle_task.o
 .debug_abbrev  0x00006063      0x240 ..\src\config\default\driver\device_support\pic32cx_bz2_device_support.a(info_block.o)
 .debug_abbrev  0x000062a3      0x197 ..\src\config\default\driver\device_support\pic32cx_bz2_device_support.a(pmu_system.o)
 .debug_abbrev  0x0000643a      0x257 ..\src\config\default\driver\device_support\pic32cx_bz2_device_support.a(rf_system.o)
 .debug_abbrev  0x00006691      0x189 ..\src\config\default\driver\device_support\pic32cx_bz2_device_support.a(sleep_system.o)
 .debug_abbrev  0x0000681a      0x141 ..\src\config\default\driver\device_support\pic32cx_bz2_device_support.a(info_block_plat.o)
 .debug_abbrev  0x0000695b       0xbe ..\src\config\default\driver\device_support\pic32cx_bz2_device_support.a(pmu_dvr.o)
 .debug_abbrev  0x00006a19      0x150 ..\src\config\default\driver\device_support\pic32cx_bz2_device_support.a(rf.o)
 .debug_abbrev  0x00006b69      0x504 ..\src\config\default\driver\pds\pds.a(wlPdsDataServer.o)
 .debug_abbrev  0x0000706d      0x1dd ..\src\config\default\driver\pds\pds.a(wlPdsInit.o)
 .debug_abbrev  0x0000724a      0x2b6 ..\src\config\default\driver\pds\pds.a(D_Nv.o)
 .debug_abbrev  0x00007500      0x4c4 ..\src\config\default\driver\pds\pds.a(S_Nv-Chimera.o)
 .debug_abbrev  0x000079c4      0x3d7 ..\src\config\default\driver\lib\lib-ieee802154_phy_pic32cxbz-v1.1.0.a(phy.o)
 .debug_abbrev  0x00007d9b      0x2fa ..\src\config\default\driver\lib\lib-ieee802154_phy_pic32cxbz-v1.1.0.a(phy_ed.o)
 .debug_abbrev  0x00008095      0x4f8 ..\src\config\default\driver\lib\lib-ieee802154_phy_pic32cxbz-v1.1.0.a(phy_helper.o)
 .debug_abbrev  0x0000858d      0x43a ..\src\config\default\driver\lib\lib-ieee802154_phy_pic32cxbz-v1.1.0.a(phy_init.o)
 .debug_abbrev  0x000089c7      0x3f7 ..\src\config\default\driver\lib\lib-ieee802154_phy_pic32cxbz-v1.1.0.a(phy_irq_handler.o)
 .debug_abbrev  0x00008dbe      0x4c7 ..\src\config\default\driver\lib\lib-ieee802154_phy_pic32cxbz-v1.1.0.a(phy_pib.o)
 .debug_abbrev  0x00009285      0x3a9 ..\src\config\default\driver\lib\lib-ieee802154_phy_pic32cxbz-v1.1.0.a(phy_pwr_mgmt.o)
 .debug_abbrev  0x0000962e      0x340 ..\src\config\default\driver\lib\lib-ieee802154_phy_pic32cxbz-v1.1.0.a(phy_rx.o)
 .debug_abbrev  0x0000996e      0x17d ..\src\config\default\driver\lib\lib-ieee802154_phy_pic32cxbz-v1.1.0.a(phy_rx_enable.o)
 .debug_abbrev  0x00009aeb      0x468 ..\src\config\default\driver\lib\lib-ieee802154_phy_pic32cxbz-v1.1.0.a(phy_tx.o)
 .debug_abbrev  0x00009f53      0x383 ..\src\config\default\driver\lib\lib-ieee802154_phy_pic32cxbz-v1.1.0.a(tfa.o)
 .debug_abbrev  0x0000a2d6       0x44 c:/program files/microchip/xc32/v4.30/bin/bin/../../lib/gcc/pic32c/8.3.1/../../../../pic32c/lib/thumb/v7e-m+fp/hard\libpic32c.a(data_init.o)
 .debug_abbrev  0x0000a31a      0x117 c:/program files/microchip/xc32/v4.30/bin/bin/../../lib/gcc/pic32c/8.3.1/../../../../pic32c/lib/thumb/v7e-m+fp/hard\libg-musl.a(__libc_start_main.o)
 .debug_abbrev  0x0000a431       0x2e c:/program files/microchip/xc32/v4.30/bin/bin/../../lib/gcc/pic32c/8.3.1/../../../../pic32c/lib/thumb/v7e-m+fp/hard\libg-musl.a(__errno_location.o)
 .debug_abbrev  0x0000a45f       0xb8 c:/program files/microchip/xc32/v4.30/bin/bin/../../lib/gcc/pic32c/8.3.1/../../../../pic32c/lib/thumb/v7e-m+fp/hard\libg-musl.a(libc.o)
 .debug_abbrev  0x0000a517      0x402 c:/program files/microchip/xc32/v4.30/bin/bin/../../lib/gcc/pic32c/8.3.1/../../../../pic32c/lib/thumb/v7e-m+fp/hard\libg-musl.a(malloc.o)
 .debug_abbrev  0x0000a919       0x8b c:/program files/microchip/xc32/v4.30/bin/bin/../../lib/gcc/pic32c/8.3.1/../../../../pic32c/lib/thumb/v7e-m+fp/hard\libg-musl.a(rand.o)
 .debug_abbrev  0x0000a9a4      0x168 c:/program files/microchip/xc32/v4.30/bin/bin/../../lib/gcc/pic32c/8.3.1/../../../../pic32c/lib/thumb/v7e-m+fp/hard\libg-musl.a(vsnprintf.o)
 .debug_abbrev  0x0000ab0c       0xfb c:/program files/microchip/xc32/v4.30/bin/bin/../../lib/gcc/pic32c/8.3.1/../../../../pic32c/lib/thumb/v7e-m+fp/hard\libg-musl.a(sprintf.o)
 .debug_abbrev  0x0000ac07       0xc3 c:/program files/microchip/xc32/v4.30/bin/bin/../../lib/gcc/pic32c/8.3.1/../../../../pic32c/lib/thumb/v7e-m+fp/hard\libg-musl.a(vsprintf.o)
 .debug_abbrev  0x0000acca      0x1c7 c:/program files/microchip/xc32/v4.30/bin/bin/../../lib/gcc/pic32c/8.3.1/../../../../pic32c/lib/thumb/v7e-m+fp/hard\libg-musl.a(strtol.o)
 .debug_abbrev  0x0000ae91       0x8b c:/program files/microchip/xc32/v4.30/bin/bin/../../lib/gcc/pic32c/8.3.1/../../../../pic32c/lib/thumb/v7e-m+fp/hard\libg-musl.a(memcmp.o)
 .debug_abbrev  0x0000af1c       0x9c c:/program files/microchip/xc32/v4.30/bin/bin/../../lib/gcc/pic32c/8.3.1/../../../../pic32c/lib/thumb/v7e-m+fp/hard\libg-musl.a(memcpy.o)
 .debug_abbrev  0x0000afb8       0x97 c:/program files/microchip/xc32/v4.30/bin/bin/../../lib/gcc/pic32c/8.3.1/../../../../pic32c/lib/thumb/v7e-m+fp/hard\libg-musl.a(memset.o)
 .debug_abbrev  0x0000b04f       0x86 c:/program files/microchip/xc32/v4.30/bin/bin/../../lib/gcc/pic32c/8.3.1/../../../../pic32c/lib/thumb/v7e-m+fp/hard\libg-musl.a(strlen.o)
 .debug_abbrev  0x0000b0d5       0xa2 c:/program files/microchip/xc32/v4.30/bin/bin/../../lib/gcc/pic32c/8.3.1/../../../../pic32c/lib/thumb/v7e-m+fp/hard\libg-musl.a(strchr.o)
 .debug_abbrev  0x0000b177       0xa5 c:/program files/microchip/xc32/v4.30/bin/bin/../../lib/gcc/pic32c/8.3.1/../../../../pic32c/lib/thumb/v7e-m+fp/hard\libg-musl.a(strchrnul.o)
 .debug_abbrev  0x0000b21c       0x63 c:/program files/microchip/xc32/v4.30/bin/bin/../../lib/gcc/pic32c/8.3.1/../../../../pic32c/lib/thumb/v7e-m+fp/hard\libg-musl.a(strcmp.o)
 .debug_abbrev  0x0000b27f       0x8e c:/program files/microchip/xc32/v4.30/bin/bin/../../lib/gcc/pic32c/8.3.1/../../../../pic32c/lib/thumb/v7e-m+fp/hard\libg-musl.a(strcpy.o)
 .debug_abbrev  0x0000b30d       0x86 c:/program files/microchip/xc32/v4.30/bin/bin/../../lib/gcc/pic32c/8.3.1/../../../../pic32c/lib/thumb/v7e-m+fp/hard\libg-musl.a(strncmp.o)
 .debug_abbrev  0x0000b393       0x9d c:/program files/microchip/xc32/v4.30/bin/bin/../../lib/gcc/pic32c/8.3.1/../../../../pic32c/lib/thumb/v7e-m+fp/hard\libg-musl.a(strncpy.o)
 .debug_abbrev  0x0000b430       0xac c:/program files/microchip/xc32/v4.30/bin/bin/../../lib/gcc/pic32c/8.3.1/../../../../pic32c/lib/thumb/v7e-m+fp/hard\libg-musl.a(strtok.o)
 .debug_abbrev  0x0000b4dc       0x57 c:/program files/microchip/xc32/v4.30/bin/bin/../../lib/gcc/pic32c/8.3.1/../../../../pic32c/lib/thumb/v7e-m+fp/hard\libg-musl.a(__environ.o)
 .debug_abbrev  0x0000b533      0x1cb c:/program files/microchip/xc32/v4.30/bin/bin/../../lib/gcc/pic32c/8.3.1/../../../../pic32c/lib/thumb/v7e-m+fp/hard\libg-musl.a(intscan.o)
 .debug_abbrev  0x0000b6fe      0x14a c:/program files/microchip/xc32/v4.30/bin/bin/../../lib/gcc/pic32c/8.3.1/../../../../pic32c/lib/thumb/v7e-m+fp/hard\libg-musl.a(shgetc.o)
 .debug_abbrev  0x0000b848      0x125 c:/program files/microchip/xc32/v4.30/bin/bin/../../lib/gcc/pic32c/8.3.1/../../../../pic32c/lib/thumb/v7e-m+fp/hard\libg-musl.a(__uflow.o)
 .debug_abbrev  0x0000b96d      0x16d c:/program files/microchip/xc32/v4.30/bin/bin/../../lib/gcc/pic32c/8.3.1/../../../../pic32c/lib/thumb/v7e-m+fp/hard\libg-musl.a(vfprintf.o)
 .debug_abbrev  0x0000bada       0x63 c:/program files/microchip/xc32/v4.30/bin/bin/../../lib/gcc/pic32c/8.3.1/../../../../pic32c/lib/thumb/v7e-m+fp/hard\libg-musl.a(stpcpy.o)
 .debug_abbrev  0x0000bb3d       0x86 c:/program files/microchip/xc32/v4.30/bin/bin/../../lib/gcc/pic32c/8.3.1/../../../../pic32c/lib/thumb/v7e-m+fp/hard\libg-musl.a(stpncpy.o)
 .debug_abbrev  0x0000bbc3       0xf5 c:/program files/microchip/xc32/v4.30/bin/bin/../../lib/gcc/pic32c/8.3.1/../../../../pic32c/lib/thumb/v7e-m+fp/hard\libg-musl.a(strcspn.o)
 .debug_abbrev  0x0000bcb8       0xd2 c:/program files/microchip/xc32/v4.30/bin/bin/../../lib/gcc/pic32c/8.3.1/../../../../pic32c/lib/thumb/v7e-m+fp/hard\libg-musl.a(strspn.o)
 .debug_abbrev  0x0000bd8a      0x12f c:/program files/microchip/xc32/v4.30/bin/bin/../../lib/gcc/pic32c/8.3.1/../../../../pic32c/lib/thumb/v7e-m+fp/hard\libg-musl.a(__toread.o)
 .debug_abbrev  0x0000beb9       0xbd c:/program files/microchip/xc32/v4.30/bin/bin/../../lib/gcc/pic32c/8.3.1/../../../../pic32c/lib/thumb/v7e-m+fp/hard\libg-musl.a(__pop_float.o)
 .debug_abbrev  0x0000bf76       0xbd c:/program files/microchip/xc32/v4.30/bin/bin/../../lib/gcc/pic32c/8.3.1/../../../../pic32c/lib/thumb/v7e-m+fp/hard\libg-musl.a(__pop_int.o)
 .debug_abbrev  0x0000c033       0xce c:/program files/microchip/xc32/v4.30/bin/bin/../../lib/gcc/pic32c/8.3.1/../../../../pic32c/lib/thumb/v7e-m+fp/hard\libg-musl.a(__pop_ptr.o)
 .debug_abbrev  0x0000c101      0x2c5 c:/program files/microchip/xc32/v4.30/bin/bin/../../lib/gcc/pic32c/8.3.1/../../../../pic32c/lib/thumb/v7e-m+fp/hard\libg-musl.a(__printf_core.o)
 .debug_abbrev  0x0000c3c6       0xbb c:/program files/microchip/xc32/v4.30/bin/bin/../../lib/gcc/pic32c/8.3.1/../../../../pic32c/lib/thumb/v7e-m+fp/hard\libg-musl.a(atoi.o)
 .debug_abbrev  0x0000c481       0xfd c:/program files/microchip/xc32/v4.30/bin/bin/../../lib/gcc/pic32c/8.3.1/../../../../pic32c/lib/thumb/v7e-m+fp/hard\libg-musl.a(tolower.o)
 .debug_abbrev  0x0000c57e      0x194 c:/program files/microchip/xc32/v4.30/bin/bin/../../lib/gcc/pic32c/8.3.1/../../../../pic32c/lib/thumb/v7e-m+fp/hard\libg-musl.a(__fmt_a.o)
 .debug_abbrev  0x0000c712      0x120 c:/program files/microchip/xc32/v4.30/bin/bin/../../lib/gcc/pic32c/8.3.1/../../../../pic32c/lib/thumb/v7e-m+fp/hard\libg-musl.a(__fmt_d.o)
 .debug_abbrev  0x0000c832      0x1b3 c:/program files/microchip/xc32/v4.30/bin/bin/../../lib/gcc/pic32c/8.3.1/../../../../pic32c/lib/thumb/v7e-m+fp/hard\libg-musl.a(__fmt_fp.o)
 .debug_abbrev  0x0000c9e5      0x120 c:/program files/microchip/xc32/v4.30/bin/bin/../../lib/gcc/pic32c/8.3.1/../../../../pic32c/lib/thumb/v7e-m+fp/hard\libg-musl.a(__fmt_o.o)
 .debug_abbrev  0x0000cb05      0x10b c:/program files/microchip/xc32/v4.30/bin/bin/../../lib/gcc/pic32c/8.3.1/../../../../pic32c/lib/thumb/v7e-m+fp/hard\libg-musl.a(__fmt_s.o)
 .debug_abbrev  0x0000cc10      0x120 c:/program files/microchip/xc32/v4.30/bin/bin/../../lib/gcc/pic32c/8.3.1/../../../../pic32c/lib/thumb/v7e-m+fp/hard\libg-musl.a(__fmt_u.o)
 .debug_abbrev  0x0000cd30      0x10f c:/program files/microchip/xc32/v4.30/bin/bin/../../lib/gcc/pic32c/8.3.1/../../../../pic32c/lib/thumb/v7e-m+fp/hard\libg-musl.a(__fmt_x.o)
 .debug_abbrev  0x0000ce3f       0xfd c:/program files/microchip/xc32/v4.30/bin/bin/../../lib/gcc/pic32c/8.3.1/../../../../pic32c/lib/thumb/v7e-m+fp/hard\libg-musl.a(toupper.o)
 .debug_abbrev  0x0000cf3c       0xa1 c:/program files/microchip/xc32/v4.30/bin/bin/../../lib/gcc/pic32c/8.3.1/../../../../pic32c/lib/thumb/v7e-m+fp/hard\libg-musl.a(__cvt_u.o)
 .debug_abbrev  0x0000cfdd       0x14 c:/program files/microchip/xc32/v4.30/bin/bin/../../lib/gcc/pic32c/8.3.1/thumb/v7e-m+fp/hard\libgcc.a(_aeabi_uldivmod.o)
 .debug_abbrev  0x0000cff1       0xf2 c:/program files/microchip/xc32/v4.30/bin/bin/../../lib/gcc/pic32c/8.3.1/thumb/v7e-m+fp/hard\libgcc.a(_udivmoddi4.o)
 .debug_abbrev  0x0000d0e3       0x14 c:/program files/microchip/xc32/v4.30/bin/bin/../../lib/gcc/pic32c/8.3.1/thumb/v7e-m+fp/hard\libgcc.a(_dvmd_tls.o)
 .debug_abbrev  0x0000d0f7       0x2e c:/program files/microchip/xc32/v4.30/bin/bin/../../lib/gcc/pic32c/8.3.1/../../../../pic32c/lib/thumb/v7e-m+fp/hard\libpic32c.a(pic32_data_init_clear.o)
 .debug_abbrev  0x0000d125       0x2e c:/program files/microchip/xc32/v4.30/bin/bin/../../lib/gcc/pic32c/8.3.1/../../../../pic32c/lib/thumb/v7e-m+fp/hard\libpic32c.a(pic32_data_init_copy.o)

.debug_loc      0x00000000    0x2450e
 .debug_loc     0x00000000     0x1a15 build/default/debug/_ext/297566330/app_p2p_phy.o
 .debug_loc     0x00001a15     0x49f5 build/default/debug/_ext/767817240/app_phy_cmd_processor.o
 .debug_loc     0x0000640a      0x8c4 build/default/debug/_ext/745501718/pal.o
 .debug_loc     0x00006cce       0xbb build/default/debug/_ext/957911548/phy_task.o
 .debug_loc     0x00006d89       0x25 build/default/debug/_ext/957911548/phy_rx_frame_cb.o
 .debug_loc     0x00006dae      0x1d2 build/default/debug/_ext/1374435801/bmm.o
 .debug_loc     0x00006f80      0x42b build/default/debug/_ext/874725666/qmm.o
 .debug_loc     0x000073ab      0x628 build/default/debug/_ext/1529399856/osal_freertos.o
 .debug_loc     0x000079d3      0x466 build/default/debug/_ext/1529399856/osal_freertos_extend.o
 .debug_loc     0x00007e39       0x82 build/default/debug/_ext/60165520/plib_clk.o
 .debug_loc     0x00007ebb       0x9b build/default/debug/_ext/1865254177/plib_gpio.o
 .debug_loc     0x00007f56      0x19b build/default/debug/_ext/1865468468/plib_nvic.o
 .debug_loc     0x000080f1      0x7d9 build/default/debug/_ext/60176403/plib_nvm.o
 .debug_loc     0x000088ca      0x22b build/default/debug/_ext/1996599795/plib_power.o
 .debug_loc     0x00008af5      0xf34 build/default/debug/_ext/504274921/plib_sercom3_usart.o
 .debug_loc     0x00009a29       0x80 build/default/debug/_ext/829342655/plib_tc0.o
 .debug_loc     0x00009aa9     0x2250 build/default/debug/_ext/1376093119/sys_command.o
 .debug_loc     0x0000bcf9      0x8b8 build/default/debug/_ext/1832805299/sys_console.o
 .debug_loc     0x0000c5b1      0x836 build/default/debug/_ext/1832805299/sys_console_uart.o
 .debug_loc     0x0000cde7      0x154 build/default/debug/_ext/1881668453/sys_int.o
 .debug_loc     0x0000cf3b     0x24b0 build/default/debug/_ext/101884895/sys_time.o
 .debug_loc     0x0000f3eb       0x8e build/default/debug/_ext/1171490990/freertos_hooks.o
 .debug_loc     0x0000f479       0x9a build/default/debug/_ext/1171490990/initialization.o
 .debug_loc     0x0000f513       0x4a build/default/debug/_ext/1171490990/startup_xc32.o
 .debug_loc     0x0000f55d      0x113 build/default/debug/_ext/1171490990/tasks.o
 .debug_loc     0x0000f670      0x324 build/default/debug/_ext/246609638/port.o
 .debug_loc     0x0000f994      0x5cc build/default/debug/_ext/1665200909/heap_4.o
 .debug_loc     0x0000ff60      0x131 build/default/debug/_ext/404212886/list.o
 .debug_loc     0x00010091     0x29ea build/default/debug/_ext/404212886/FreeRTOS_tasks.o
 .debug_loc     0x00012a7b     0x22a1 build/default/debug/_ext/404212886/queue.o
 .debug_loc     0x00014d1c       0x20 build/default/debug/_ext/1360937237/main.o
 .debug_loc     0x00014d3c       0x96 build/default/debug/_ext/1360937237/app.o
 .debug_loc     0x00014dd2      0x24c build/default/debug/_ext/1360937237/device_deep_sleep.o
 .debug_loc     0x0001501e       0xae build/default/debug/_ext/1360937237/app_idle_task.o
 .debug_loc     0x000150cc      0x728 ..\src\config\default\driver\device_support\pic32cx_bz2_device_support.a(info_block.o)
 .debug_loc     0x000157f4       0xfc ..\src\config\default\driver\device_support\pic32cx_bz2_device_support.a(pmu_system.o)
 .debug_loc     0x000158f0      0x3c4 ..\src\config\default\driver\device_support\pic32cx_bz2_device_support.a(rf_system.o)
 .debug_loc     0x00015cb4      0x380 ..\src\config\default\driver\device_support\pic32cx_bz2_device_support.a(sleep_system.o)
 .debug_loc     0x00016034       0xf0 ..\src\config\default\driver\device_support\pic32cx_bz2_device_support.a(info_block_plat.o)
 .debug_loc     0x00016124       0xb8 ..\src\config\default\driver\device_support\pic32cx_bz2_device_support.a(pmu_dvr.o)
 .debug_loc     0x000161dc      0x254 ..\src\config\default\driver\device_support\pic32cx_bz2_device_support.a(rf.o)
 .debug_loc     0x00016430      0xccb ..\src\config\default\driver\pds\pds.a(wlPdsDataServer.o)
 .debug_loc     0x000170fb      0x13b ..\src\config\default\driver\pds\pds.a(wlPdsInit.o)
 .debug_loc     0x00017236      0x58b ..\src\config\default\driver\pds\pds.a(D_Nv.o)
 .debug_loc     0x000177c1     0x177e ..\src\config\default\driver\pds\pds.a(S_Nv-Chimera.o)
 .debug_loc     0x00018f3f      0x789 ..\src\config\default\driver\lib\lib-ieee802154_phy_pic32cxbz-v1.1.0.a(phy.o)
 .debug_loc     0x000196c8      0x363 ..\src\config\default\driver\lib\lib-ieee802154_phy_pic32cxbz-v1.1.0.a(phy_ed.o)
 .debug_loc     0x00019a2b     0x1348 ..\src\config\default\driver\lib\lib-ieee802154_phy_pic32cxbz-v1.1.0.a(phy_helper.o)
 .debug_loc     0x0001ad73      0x27e ..\src\config\default\driver\lib\lib-ieee802154_phy_pic32cxbz-v1.1.0.a(phy_init.o)
 .debug_loc     0x0001aff1      0x6d7 ..\src\config\default\driver\lib\lib-ieee802154_phy_pic32cxbz-v1.1.0.a(phy_irq_handler.o)
 .debug_loc     0x0001b6c8     0x1152 ..\src\config\default\driver\lib\lib-ieee802154_phy_pic32cxbz-v1.1.0.a(phy_pib.o)
 .debug_loc     0x0001c81a      0x2e2 ..\src\config\default\driver\lib\lib-ieee802154_phy_pic32cxbz-v1.1.0.a(phy_pwr_mgmt.o)
 .debug_loc     0x0001cafc      0xb68 ..\src\config\default\driver\lib\lib-ieee802154_phy_pic32cxbz-v1.1.0.a(phy_rx.o)
 .debug_loc     0x0001d664       0x7f ..\src\config\default\driver\lib\lib-ieee802154_phy_pic32cxbz-v1.1.0.a(phy_rx_enable.o)
 .debug_loc     0x0001d6e3      0x624 ..\src\config\default\driver\lib\lib-ieee802154_phy_pic32cxbz-v1.1.0.a(phy_tx.o)
 .debug_loc     0x0001dd07      0x683 ..\src\config\default\driver\lib\lib-ieee802154_phy_pic32cxbz-v1.1.0.a(tfa.o)
 .debug_loc     0x0001e38a       0x14 c:/program files/microchip/xc32/v4.30/bin/bin/../../lib/gcc/pic32c/8.3.1/../../../../pic32c/lib/thumb/v7e-m+fp/hard\libpic32c.a(data_init.o)
 .debug_loc     0x0001e39e       0x51 c:/program files/microchip/xc32/v4.30/bin/bin/../../lib/gcc/pic32c/8.3.1/../../../../pic32c/lib/thumb/v7e-m+fp/hard\libg-musl.a(__libc_start_main.o)
 .debug_loc     0x0001e3ef      0xcef c:/program files/microchip/xc32/v4.30/bin/bin/../../lib/gcc/pic32c/8.3.1/../../../../pic32c/lib/thumb/v7e-m+fp/hard\libg-musl.a(malloc.o)
 .debug_loc     0x0001f0de       0x24 c:/program files/microchip/xc32/v4.30/bin/bin/../../lib/gcc/pic32c/8.3.1/../../../../pic32c/lib/thumb/v7e-m+fp/hard\libg-musl.a(rand.o)
 .debug_loc     0x0001f102       0xeb c:/program files/microchip/xc32/v4.30/bin/bin/../../lib/gcc/pic32c/8.3.1/../../../../pic32c/lib/thumb/v7e-m+fp/hard\libg-musl.a(vsnprintf.o)
 .debug_loc     0x0001f1ed       0x8a c:/program files/microchip/xc32/v4.30/bin/bin/../../lib/gcc/pic32c/8.3.1/../../../../pic32c/lib/thumb/v7e-m+fp/hard\libg-musl.a(sprintf.o)
 .debug_loc     0x0001f277       0x6c c:/program files/microchip/xc32/v4.30/bin/bin/../../lib/gcc/pic32c/8.3.1/../../../../pic32c/lib/thumb/v7e-m+fp/hard\libg-musl.a(vsprintf.o)
 .debug_loc     0x0001f2e3      0x440 c:/program files/microchip/xc32/v4.30/bin/bin/../../lib/gcc/pic32c/8.3.1/../../../../pic32c/lib/thumb/v7e-m+fp/hard\libg-musl.a(strtol.o)
 .debug_loc     0x0001f723      0x10c c:/program files/microchip/xc32/v4.30/bin/bin/../../lib/gcc/pic32c/8.3.1/../../../../pic32c/lib/thumb/v7e-m+fp/hard\libg-musl.a(memcmp.o)
 .debug_loc     0x0001f82f       0xe5 c:/program files/microchip/xc32/v4.30/bin/bin/../../lib/gcc/pic32c/8.3.1/../../../../pic32c/lib/thumb/v7e-m+fp/hard\libg-musl.a(memcpy.o)
 .debug_loc     0x0001f914       0x56 c:/program files/microchip/xc32/v4.30/bin/bin/../../lib/gcc/pic32c/8.3.1/../../../../pic32c/lib/thumb/v7e-m+fp/hard\libg-musl.a(memset.o)
 .debug_loc     0x0001f96a       0x47 c:/program files/microchip/xc32/v4.30/bin/bin/../../lib/gcc/pic32c/8.3.1/../../../../pic32c/lib/thumb/v7e-m+fp/hard\libg-musl.a(strlen.o)
 .debug_loc     0x0001f9b1       0x8c c:/program files/microchip/xc32/v4.30/bin/bin/../../lib/gcc/pic32c/8.3.1/../../../../pic32c/lib/thumb/v7e-m+fp/hard\libg-musl.a(strchr.o)
 .debug_loc     0x0001fa3d      0x11a c:/program files/microchip/xc32/v4.30/bin/bin/../../lib/gcc/pic32c/8.3.1/../../../../pic32c/lib/thumb/v7e-m+fp/hard\libg-musl.a(strchrnul.o)
 .debug_loc     0x0001fb57       0x96 c:/program files/microchip/xc32/v4.30/bin/bin/../../lib/gcc/pic32c/8.3.1/../../../../pic32c/lib/thumb/v7e-m+fp/hard\libg-musl.a(strcmp.o)
 .debug_loc     0x0001fbed       0x67 c:/program files/microchip/xc32/v4.30/bin/bin/../../lib/gcc/pic32c/8.3.1/../../../../pic32c/lib/thumb/v7e-m+fp/hard\libg-musl.a(strcpy.o)
 .debug_loc     0x0001fc54      0x1b1 c:/program files/microchip/xc32/v4.30/bin/bin/../../lib/gcc/pic32c/8.3.1/../../../../pic32c/lib/thumb/v7e-m+fp/hard\libg-musl.a(strncmp.o)
 .debug_loc     0x0001fe05       0x8c c:/program files/microchip/xc32/v4.30/bin/bin/../../lib/gcc/pic32c/8.3.1/../../../../pic32c/lib/thumb/v7e-m+fp/hard\libg-musl.a(strncpy.o)
 .debug_loc     0x0001fe91       0x71 c:/program files/microchip/xc32/v4.30/bin/bin/../../lib/gcc/pic32c/8.3.1/../../../../pic32c/lib/thumb/v7e-m+fp/hard\libg-musl.a(strtok.o)
 .debug_loc     0x0001ff02      0x5df c:/program files/microchip/xc32/v4.30/bin/bin/../../lib/gcc/pic32c/8.3.1/../../../../pic32c/lib/thumb/v7e-m+fp/hard\libg-musl.a(intscan.o)
 .debug_loc     0x000204e1       0x91 c:/program files/microchip/xc32/v4.30/bin/bin/../../lib/gcc/pic32c/8.3.1/../../../../pic32c/lib/thumb/v7e-m+fp/hard\libg-musl.a(shgetc.o)
 .debug_loc     0x00020572       0x5a c:/program files/microchip/xc32/v4.30/bin/bin/../../lib/gcc/pic32c/8.3.1/../../../../pic32c/lib/thumb/v7e-m+fp/hard\libg-musl.a(__uflow.o)
 .debug_loc     0x000205cc       0x88 c:/program files/microchip/xc32/v4.30/bin/bin/../../lib/gcc/pic32c/8.3.1/../../../../pic32c/lib/thumb/v7e-m+fp/hard\libg-musl.a(vfprintf.o)
 .debug_loc     0x00020654       0x60 c:/program files/microchip/xc32/v4.30/bin/bin/../../lib/gcc/pic32c/8.3.1/../../../../pic32c/lib/thumb/v7e-m+fp/hard\libg-musl.a(stpcpy.o)
 .debug_loc     0x000206b4      0x15b c:/program files/microchip/xc32/v4.30/bin/bin/../../lib/gcc/pic32c/8.3.1/../../../../pic32c/lib/thumb/v7e-m+fp/hard\libg-musl.a(stpncpy.o)
 .debug_loc     0x0002080f      0x13d c:/program files/microchip/xc32/v4.30/bin/bin/../../lib/gcc/pic32c/8.3.1/../../../../pic32c/lib/thumb/v7e-m+fp/hard\libg-musl.a(strcspn.o)
 .debug_loc     0x0002094c      0x13f c:/program files/microchip/xc32/v4.30/bin/bin/../../lib/gcc/pic32c/8.3.1/../../../../pic32c/lib/thumb/v7e-m+fp/hard\libg-musl.a(strspn.o)
 .debug_loc     0x00020a8b       0x42 c:/program files/microchip/xc32/v4.30/bin/bin/../../lib/gcc/pic32c/8.3.1/../../../../pic32c/lib/thumb/v7e-m+fp/hard\libg-musl.a(__toread.o)
 .debug_loc     0x00020acd       0xa6 c:/program files/microchip/xc32/v4.30/bin/bin/../../lib/gcc/pic32c/8.3.1/../../../../pic32c/lib/thumb/v7e-m+fp/hard\libg-musl.a(__pop_float.o)
 .debug_loc     0x00020b73      0x2f5 c:/program files/microchip/xc32/v4.30/bin/bin/../../lib/gcc/pic32c/8.3.1/../../../../pic32c/lib/thumb/v7e-m+fp/hard\libg-musl.a(__pop_int.o)
 .debug_loc     0x00020e68      0x1db c:/program files/microchip/xc32/v4.30/bin/bin/../../lib/gcc/pic32c/8.3.1/../../../../pic32c/lib/thumb/v7e-m+fp/hard\libg-musl.a(__pop_ptr.o)
 .debug_loc     0x00021043      0x5e9 c:/program files/microchip/xc32/v4.30/bin/bin/../../lib/gcc/pic32c/8.3.1/../../../../pic32c/lib/thumb/v7e-m+fp/hard\libg-musl.a(__printf_core.o)
 .debug_loc     0x0002162c       0xd8 c:/program files/microchip/xc32/v4.30/bin/bin/../../lib/gcc/pic32c/8.3.1/../../../../pic32c/lib/thumb/v7e-m+fp/hard\libg-musl.a(atoi.o)